Component: ARM Compiler 5.06 update 3 (build 300) Tool: armlink [4d35c9]

==============================================================================

Section Cross References

    system_stm32f7xx.o(i.SystemCoreClockUpdate) refers to system_stm32f7xx.o(.data) for .data
    system_stm32f7xx.o(i.SystemCoreClockUpdate) refers to system_stm32f7xx.o(.constdata) for .constdata
    startup_stm32f767xx.o(RESET) refers to startup_stm32f767xx.o(STACK) for __initial_sp
    startup_stm32f767xx.o(RESET) refers to startup_stm32f767xx.o(.text) for Reset_Handler
    startup_stm32f767xx.o(RESET) refers to stm32f7xx_it.o(i.NMI_Handler) for NMI_Handler
    startup_stm32f767xx.o(RESET) refers to stm32f7xx_it.o(i.HardFault_Handler) for HardFault_Handler
    startup_stm32f767xx.o(RESET) refers to stm32f7xx_it.o(i.MemManage_Handler) for MemManage_Handler
    startup_stm32f767xx.o(RESET) refers to stm32f7xx_it.o(i.BusFault_Handler) for BusFault_Handler
    startup_stm32f767xx.o(RESET) refers to stm32f7xx_it.o(i.UsageFault_Handler) for UsageFault_Handler
    startup_stm32f767xx.o(RESET) refers to stm32f7xx_it.o(i.SVC_Handler) for SVC_Handler
    startup_stm32f767xx.o(RESET) refers to stm32f7xx_it.o(i.DebugMon_Handler) for DebugMon_Handler
    startup_stm32f767xx.o(RESET) refers to stm32f7xx_it.o(i.PendSV_Handler) for PendSV_Handler
    startup_stm32f767xx.o(RESET) refers to stm32f7xx_it.o(i.SysTick_Handler) for SysTick_Handler
    startup_stm32f767xx.o(RESET) refers to stm32f7xx_it.o(i.TIM1_UP_TIM10_IRQHandler) for TIM1_UP_TIM10_IRQHandler
    startup_stm32f767xx.o(RESET) refers to stm32f7xx_it.o(i.SPI2_IRQHandler) for SPI2_IRQHandler
    startup_stm32f767xx.o(RESET) refers to stm32f7xx_it.o(i.USART2_IRQHandler) for USART2_IRQHandler
    startup_stm32f767xx.o(RESET) refers to stm32f7xx_it.o(i.EXTI15_10_IRQHandler) for EXTI15_10_IRQHandler
    startup_stm32f767xx.o(RESET) refers to stm32f7xx_it.o(i.DMA2_Stream0_IRQHandler) for DMA2_Stream0_IRQHandler
    startup_stm32f767xx.o(RESET) refers to stm32f7xx_it.o(i.DMA2_Stream1_IRQHandler) for DMA2_Stream1_IRQHandler
    startup_stm32f767xx.o(RESET) refers to stm32f7xx_it.o(i.DMA2_Stream2_IRQHandler) for DMA2_Stream2_IRQHandler
    startup_stm32f767xx.o(.text) refers to system_stm32f7xx.o(i.SystemInit) for SystemInit
    startup_stm32f767xx.o(.text) refers to entry.o(.ARM.Collect$$$$00000000) for __main
    stm32f7xx_hal_tim_ex.o(i.HAL_TIMEx_ConfigCommutationEvent_DMA) refers to stm32f7xx_hal_tim_ex.o(i.TIMEx_DMACommutationCplt) for TIMEx_DMACommutationCplt
    stm32f7xx_hal_tim_ex.o(i.HAL_TIMEx_ConfigCommutationEvent_DMA) refers to stm32f7xx_hal_tim.o(i.TIM_DMAError) for TIM_DMAError
    stm32f7xx_hal_tim_ex.o(i.HAL_TIMEx_HallSensor_DeInit) refers to stm32f7xx_hal_tim_ex.o(i.HAL_TIMEx_HallSensor_MspDeInit) for HAL_TIMEx_HallSensor_MspDeInit
    stm32f7xx_hal_tim_ex.o(i.HAL_TIMEx_HallSensor_Init) refers to stm32f7xx_hal_tim_ex.o(i.HAL_TIMEx_HallSensor_MspInit) for HAL_TIMEx_HallSensor_MspInit
    stm32f7xx_hal_tim_ex.o(i.HAL_TIMEx_HallSensor_Init) refers to stm32f7xx_hal_tim.o(i.TIM_Base_SetConfig) for TIM_Base_SetConfig
    stm32f7xx_hal_tim_ex.o(i.HAL_TIMEx_HallSensor_Init) refers to stm32f7xx_hal_tim.o(i.TIM_TI1_SetConfig) for TIM_TI1_SetConfig
    stm32f7xx_hal_tim_ex.o(i.HAL_TIMEx_HallSensor_Init) refers to stm32f7xx_hal_tim.o(i.TIM_OC2_SetConfig) for TIM_OC2_SetConfig
    stm32f7xx_hal_tim_ex.o(i.HAL_TIMEx_HallSensor_Start) refers to stm32f7xx_hal_tim.o(i.TIM_CCxChannelCmd) for TIM_CCxChannelCmd
    stm32f7xx_hal_tim_ex.o(i.HAL_TIMEx_HallSensor_Start_DMA) refers to stm32f7xx_hal_tim.o(i.TIM_CCxChannelCmd) for TIM_CCxChannelCmd
    stm32f7xx_hal_tim_ex.o(i.HAL_TIMEx_HallSensor_Start_DMA) refers to stm32f7xx_hal_dma.o(i.HAL_DMA_Start_IT) for HAL_DMA_Start_IT
    stm32f7xx_hal_tim_ex.o(i.HAL_TIMEx_HallSensor_Start_DMA) refers to stm32f7xx_hal_tim.o(i.TIM_DMACaptureCplt) for TIM_DMACaptureCplt
    stm32f7xx_hal_tim_ex.o(i.HAL_TIMEx_HallSensor_Start_DMA) refers to stm32f7xx_hal_tim.o(i.TIM_DMAError) for TIM_DMAError
    stm32f7xx_hal_tim_ex.o(i.HAL_TIMEx_HallSensor_Start_IT) refers to stm32f7xx_hal_tim.o(i.TIM_CCxChannelCmd) for TIM_CCxChannelCmd
    stm32f7xx_hal_tim_ex.o(i.HAL_TIMEx_HallSensor_Stop) refers to stm32f7xx_hal_tim.o(i.TIM_CCxChannelCmd) for TIM_CCxChannelCmd
    stm32f7xx_hal_tim_ex.o(i.HAL_TIMEx_HallSensor_Stop_DMA) refers to stm32f7xx_hal_tim.o(i.TIM_CCxChannelCmd) for TIM_CCxChannelCmd
    stm32f7xx_hal_tim_ex.o(i.HAL_TIMEx_HallSensor_Stop_IT) refers to stm32f7xx_hal_tim.o(i.TIM_CCxChannelCmd) for TIM_CCxChannelCmd
    stm32f7xx_hal_tim_ex.o(i.HAL_TIMEx_OCN_Start) refers to stm32f7xx_hal_tim_ex.o(i.TIM_CCxNChannelCmd) for TIM_CCxNChannelCmd
    stm32f7xx_hal_tim_ex.o(i.HAL_TIMEx_OCN_Start_DMA) refers to stm32f7xx_hal_dma.o(i.HAL_DMA_Start_IT) for HAL_DMA_Start_IT
    stm32f7xx_hal_tim_ex.o(i.HAL_TIMEx_OCN_Start_DMA) refers to stm32f7xx_hal_tim_ex.o(i.TIM_CCxNChannelCmd) for TIM_CCxNChannelCmd
[...]
    twooverpi                                0x08007adc   Data          32  rredf.o(.constdata)
    .data                                    0x20000000   Section        4  system_stm32f7xx.o(.data)
    .data                                    0x20000004   Section        4  stm32f7xx_hal.o(.data)
    .data                                    0x20000008   Section        8  main.o(.data)
    .data                                    0x20000010   Section        8  trips.o(.data)
    .data                                    0x20000018   Section       24  references.o(.data)
    .data                                    0x20000030   Section        2  firing.o(.data)
    .data                                    0x20000032   Section        1  conversion.o(.data)
    .data                                    0x20000034   Section      148  rms.o(.data)
    counter                                  0x20000034   Data           2  rms.o(.data)
    xfz1                                     0x2000003c   Data           4  rms.o(.data)
    xfz2                                     0x20000040   Data           4  rms.o(.data)
    yf                                       0x20000044   Data           4  rms.o(.data)
    yfz1                                     0x20000048   Data           4  rms.o(.data)
    yfz2                                     0x2000004c   Data           4  rms.o(.data)
    xsz1                                     0x20000050   Data           4  rms.o(.data)
    xsz2                                     0x20000054   Data           4  rms.o(.data)
    ys                                       0x20000058   Data           4  rms.o(.data)
    ysz1                                     0x2000005c   Data           4  rms.o(.data)
    ysz2                                     0x20000060   Data           4  rms.o(.data)
    xfz1                                     0x20000064   Data           4  rms.o(.data)
    xfz2                                     0x20000068   Data           4  rms.o(.data)
    yf                                       0x2000006c   Data           4  rms.o(.data)
    yfz1                                     0x20000070   Data           4  rms.o(.data)
    yfz2                                     0x20000074   Data           4  rms.o(.data)
    xsz1                                     0x20000078   Data           4  rms.o(.data)
    xsz2                                     0x2000007c   Data           4  rms.o(.data)
    ys                                       0x20000080   Data           4  rms.o(.data)
    ysz1                                     0x20000084   Data           4  rms.o(.data)
    ysz2                                     0x20000088   Data           4  rms.o(.data)
    xfz1                                     0x2000008c   Data           4  rms.o(.data)
    xfz2                                     0x20000090   Data           4  rms.o(.data)
    yf                                       0x20000094   Data           4  rms.o(.data)
    yfz1                                     0x20000098   Data           4  rms.o(.data)
    yfz2                                     0x2000009c   Data           4  rms.o(.data)
    xsz1                                     0x200000a0   Data           4  rms.o(.data)
    xsz2                                     0x200000a4   Data           4  rms.o(.data)
    ys                                       0x200000a8   Data           4  rms.o(.data)
    ysz1                                     0x200000ac   Data           4  rms.o(.data)
    ysz2                                     0x200000b0   Data           4  rms.o(.data)
    counter                                  0x200000b4   Data           4  rms.o(.data)
    average_sum                              0x200000b8   Data           4  rms.o(.data)
    count                                    0x200000bc   Data           4  rms.o(.data)
    sum                                      0x200000c0   Data           4  rms.o(.data)
    x                                        0x200000c4   Data           4  rms.o(.data)
    .data                                    0x200000c8   Section       20  power.o(.data)
    xz1                                      0x200000c8   Data           4  power.o(.data)
    xz2                                      0x200000cc   Data           4  power.o(.data)
    ytemp                                    0x200000d0   Data           4  power.o(.data)
    yz1                                      0x200000d4   Data           4  power.o(.data)
    yz2                                      0x200000d8   Data           4  power.o(.data)
    .data                                    0x200000dc   Section      168  openloopcalc.o(.data)
    Vlagz_ab                                 0x200000dc   Data           4  openloopcalc.o(.data)
    Vxz_ab                                   0x200000e0   Data           4  openloopcalc.o(.data)
    Ilagz_ab                                 0x200000e4   Data           4  openloopcalc.o(.data)
    Ixz_ab                                   0x200000e8   Data           4  openloopcalc.o(.data)
    Vlagz_bc                                 0x200000ec   Data           4  openloopcalc.o(.data)
    Vxz_bc                                   0x200000f0   Data           4  openloopcalc.o(.data)
    Ilagz_bc                                 0x200000f4   Data           4  openloopcalc.o(.data)
    Ixz_bc                                   0x200000f8   Data           4  openloopcalc.o(.data)
    Vlagz_ca                                 0x200000fc   Data           4  openloopcalc.o(.data)
    Vxz_ca                                   0x20000100   Data           4  openloopcalc.o(.data)
    Ilagz_ca                                 0x20000104   Data           4  openloopcalc.o(.data)
    Ixz_ca                                   0x20000108   Data           4  openloopcalc.o(.data)
    xfz1                                     0x2000010c   Data           4  openloopcalc.o(.data)
    xfz2                                     0x20000110   Data           4  openloopcalc.o(.data)
    yf                                       0x20000114   Data           4  openloopcalc.o(.data)
    yfz1                                     0x20000118   Data           4  openloopcalc.o(.data)
    yfz2                                     0x2000011c   Data           4  openloopcalc.o(.data)
    xsz1                                     0x20000120   Data           4  openloopcalc.o(.data)
    xsz2                                     0x20000124   Data           4  openloopcalc.o(.data)
    ys                                       0x20000128   Data           4  openloopcalc.o(.data)
    ysz1                                     0x2000012c   Data           4  openloopcalc.o(.data)
    ysz2                                     0x20000130   Data           4  openloopcalc.o(.data)
    xfz1                                     0x20000134   Data           4  openloopcalc.o(.data)
    xfz2                                     0x20000138   Data           4  openloopcalc.o(.data)
    yf                                       0x2000013c   Data           4  openloopcalc.o(.data)
    yfz1                                     0x20000140   Data           4  openloopcalc.o(.data)
    yfz2                                     0x20000144   Data           4  openloopcalc.o(.data)
    xsz1                                     0x20000148   Data           4  openloopcalc.o(.data)
    xsz2                                     0x2000014c   Data           4  openloopcalc.o(.data)
    ys                                       0x20000150   Data           4  openloopcalc.o(.data)
    ysz1                                     0x20000154   Data           4  openloopcalc.o(.data)
    ysz2                                     0x20000158   Data           4  openloopcalc.o(.data)
    xfz1                                     0x2000015c   Data           4  openloopcalc.o(.data)
    xfz2                                     0x20000160   Data           4  openloopcalc.o(.data)
    yf                                       0x20000164   Data           4  openloopcalc.o(.data)
    yfz1                                     0x20000168   Data           4  openloopcalc.o(.data)
    yfz2                                     0x2000016c   Data           4  openloopcalc.o(.data)
    xsz1                                     0x20000170   Data           4  openloopcalc.o(.data)
    xsz2                                     0x20000174   Data           4  openloopcalc.o(.data)
    ys                                       0x20000178   Data           4  openloopcalc.o(.data)
    ysz1                                     0x2000017c   Data           4  openloopcalc.o(.data)
    ysz2                                     0x20000180   Data           4  openloopcalc.o(.data)
    .data                                    0x20000184   Section        8  states.o(.data)
    .data                                    0x2000018c   Section       32  states.o(.data)
    .data                                    0x200001ac   Section        8  startupstate.o(.data)
    blinkCounter                             0x200001ac   Data           2  startupstate.o(.data)
    timeOutCounter                           0x200001b0   Data           4  startupstate.o(.data)
    .data                                    0x200001b4   Section       20  runstate.o(.data)
    start_stop                               0x200001b4   Data           1  runstate.o(.data)
    cb_op                                    0x200001b5   Data           1  runstate.o(.data)
    cb_op_back                               0x200001b6   Data           1  runstate.o(.data)
    cb_op_flag                               0x200001b7   Data           1  runstate.o(.data)
    regulationCounter                        0x200001b8   Data           4  runstate.o(.data)
    start_count                              0x200001bc   Data           4  runstate.o(.data)
    .data                                    0x200001c8   Section        8  idlestate.o(.data)
    idleFlag                                 0x200001c8   Data           1  idlestate.o(.data)
    counter                                  0x200001cc   Data           4  idlestate.o(.data)
    .data                                    0x200001d0   Section        4  stoppedstate.o(.data)
    timeOutCounter                           0x200001d0   Data           4  stoppedstate.o(.data)
    .data                                    0x200001d4   Section       32  modes.o(.data)
    .data                                    0x200001f4   Section        1  modes.o(.data)
    .data                                    0x200001f8   Section        8  firingtestmode.o(.data)
    reEnable                                 0x200001f8   Data           1  firingtestmode.o(.data)
    interval_pass_counter                    0x200001fc   Data           4  firingtestmode.o(.data)
    .data                                    0x20000200   Section        4  intermode.o(.data)
    timeOutCounter                           0x20000200   Data           4  intermode.o(.data)
    .data                                    0x20000204   Section        4  selection.o(.data)
    .data                                    0x20000208   Section        8  ios.o(.data)
    .data                                    0x20000210   Section        4  ios.o(.data)
    .data                                    0x20000214   Section        4  ios.o(.data)
    .data                                    0x20000218   Section        4  dataparsermerger.o(.data)
    .data                                    0x2000021c   Section       12  commparams.o(.data)
    .data                                    0x20000228   Section        4  errno.o(.data)
    _errno                                   0x20000228   Data           4  errno.o(.data)
    .bss                                     0x2000022c   Section      504  adc.o(.bss)
    .bss                                     0x20000424   Section      128  tim.o(.bss)
    .bss                                     0x200004a4   Section      112  usart.o(.bss)
    .bss                                     0x20000514   Section       76  quadspi.o(.bss)
    .bss                                     0x20000560   Section      100  spi.o(.bss)
    .bss                                     0x200005c4   Section       32  rtc.o(.bss)
    .bss                                     0x200005e4   Section       12  faults.o(.bss)
    .bss                                     0x200005f0   Section       96  pll.o(.bss)
    .bss                                     0x20000650   Section      108  pi.o(.bss)
    .bss                                     0x200006bc   Section       60  firing.o(.bss)
    .bss                                     0x200006f8   Section      420  conversion.o(.bss)
    .bss                                     0x2000089c   Section      168  rms.o(.bss)
    .bss                                     0x20000944   Section       72  qbasic.o(.bss)
    .bss                                     0x2000098c   Section       44  power.o(.bss)
    .bss                                     0x200009b8   Section      180  openloopcalc.o(.bss)
    .bss                                     0x20000a6c   Section       12  firingtestmode.o(.bss)
    .bss                                     0x20000a78   Section      128  ios.o(.bss)
    counter                                  0x20000a78   Data         128  ios.o(.bss)
    .bss                                     0x20000af8   Section     6032  spi_masterslave.o(.bss)
    .bss                                     0x20002288   Section     3008  uart_masterslave.o(.bss)
    .bss                                     0x20002e48   Section       24  commparams.o(.bss)
    STACK                                    0x20002e60   Section    16384  startup_stm32f767xx.o(STACK)

    Global Symbols

    Symbol Name                              Value     Ov Type        Size  Object(Section)

    BuildAttributes$$THM_ISAv4$E$P$D$K$B$S$7EM$VFPv5_D16$PE$PLD8$A:L22UL41UL21$X:L11$S22US41US21$IEEE1$IW$USESV6$~STKCKD$USESV7$~SHL$OTIME$ROPI$IEEEX$EBA8$MICROLIB$REQ8$PRES8$EABIv2 0x00000000   Number         0  anon$$obj.o ABSOLUTE
    __ARM_use_no_argv                        0x00000000   Number         0  main.o ABSOLUTE
    __cpp_initialize__aeabi_                  - Undefined Weak Reference
    __cxa_finalize                            - Undefined Weak Reference
    _clock_init                               - Undefined Weak Reference
    _microlib_exit                            - Undefined Weak Reference
    __Vectors_Size                           0x000001f8   Number         0  startup_stm32f767xx.o ABSOLUTE
    __Vectors                                0x08000000   Data           4  startup_stm32f767xx.o(RESET)
    __Vectors_End                            0x080001f8   Data           0  startup_stm32f767xx.o(RESET)
    __main                                   0x080001f9   Thumb Code     0  entry.o(.ARM.Collect$$$$00000000)
    _main_stk                                0x080001f9   Thumb Code     0  entry2.o(.ARM.Collect$$$$00000001)
    _main_scatterload                        0x080001fd   Thumb Code     0  entry5.o(.ARM.Collect$$$$00000004)
    __main_after_scatterload                 0x08000201   Thumb Code     0  entry5.o(.ARM.Collect$$$$00000004)
    _main_clock                              0x08000201   Thumb Code     0  entry7b.o(.ARM.Collect$$$$00000008)
    _main_cpp_init                           0x08000201   Thumb Code     0  entry8b.o(.ARM.Collect$$$$0000000A)
    _main_init                               0x08000201   Thumb Code     0  entry9a.o(.ARM.Collect$$$$0000000B)
    __rt_final_cpp                           0x08000209   Thumb Code     0  entry10a.o(.ARM.Collect$$$$0000000D)
    __rt_final_exit                          0x08000209   Thumb Code     0  entry11a.o(.ARM.Collect$$$$0000000F)
    Reset_Handler                            0x0800020d   Thumb Code     8  startup_stm32f767xx.o(.text)
    ADC_IRQHandler                           0x08000227   Thumb Code     0  startup_stm32f767xx.o(.text)
    CAN1_RX0_IRQHandler                      0x08000227   Thumb Code     0  startup_stm32f767xx.o(.text)
    CAN1_RX1_IRQHandler                      0x08000227   Thumb Code     0  startup_stm32f767xx.o(.text)
    CAN1_SCE_IRQHandler                      0x08000227   Thumb Code     0  startup_stm32f767xx.o(.text)
    CAN1_TX_IRQHandler                       0x08000227   Thumb Code     0  startup_stm32f767xx.o(.text)
    CAN2_RX0_IRQHandler                      0x08000227   Thumb Code     0  startup_stm32f767xx.o(.text)
    CAN2_RX1_IRQHandler                      0x08000227   Thumb Code     0  startup_stm32f767xx.o(.text)
    CAN2_SCE_IRQHandler                      0x08000227   Thumb Code     0  startup_stm32f767xx.o(.text)
    CAN2_TX_IRQHandler                       0x08000227   Thumb Code     0  startup_stm32f767xx.o(.text)
    CAN3_RX0_IRQHandler                      0x08000227   Thumb Code     0  startup_stm32f767xx.o(.text)
    CAN3_RX1_IRQHandler                      0x08000227   Thumb Code     0  startup_stm32f767xx.o(.text)
    CAN3_SCE_IRQHandler                      0x08000227   Thumb Code     0  startup_stm32f767xx.o(.text)
    CAN3_TX_IRQHandler                       0x08000227   Thumb Code     0  startup_stm32f767xx.o(.text)
    CEC_IRQHandler                           0x08000227   Thumb Code     0  startup_stm32f767xx.o(.text)
    DCMI_IRQHandler                          0x08000227   Thumb Code     0  startup_stm32f767xx.o(.text)
    DFSDM1_FLT0_IRQHandler                   0x08000227   Thumb Code     0  startup_stm32f767xx.o(.text)
    DFSDM1_FLT1_IRQHandler                   0x08000227   Thumb Code     0  startup_stm32f767xx.o(.text)
    DFSDM1_FLT2_IRQHandler                   0x08000227   Thumb Code     0  startup_stm32f767xx.o(.text)
    DFSDM1_FLT3_IRQHandler                   0x08000227   Thumb Code     0  startup_stm32f767xx.o(.text)
    DMA1_Stream0_IRQHandler                  0x08000227   Thumb Code     0  startup_stm32f767xx.o(.text)
    DMA1_Stream1_IRQHandler                  0x08000227   Thumb Code     0  startup_stm32f767xx.o(.text)
    DMA1_Stream2_IRQHandler                  0x08000227   Thumb Code     0  startup_stm32f767xx.o(.text)
    DMA1_Stream3_IRQHandler                  0x08000227   Thumb Code     0  startup_stm32f767xx.o(.text)
    DMA1_Stream4_IRQHandler                  0x08000227   Thumb Code     0  startup_stm32f767xx.o(.text)
    DMA1_Stream5_IRQHandler                  0x08000227   Thumb Code     0  startup_stm32f767xx.o(.text)
    DMA1_Stream6_IRQHandler                  0x08000227   Thumb Code     0  startup_stm32f767xx.o(.text)
    DMA1_Stream7_IRQHandler                  0x08000227   Thumb Code     0  startup_stm32f767xx.o(.text)
    DMA2D_IRQHandler                         0x08000227   Thumb Code     0  startup_stm32f767xx.o(.text)
    DMA2_Stream3_IRQHandler                  0x08000227   Thumb Code     0  startup_stm32f767xx.o(.text)
    DMA2_Stream4_IRQHandler                  0x08000227   Thumb Code     0  startup_stm32f767xx.o(.text)
    DMA2_Stream5_IRQHandler                  0x08000227   Thumb Code     0  startup_stm32f767xx.o(.text)
    DMA2_Stream6_IRQHandler                  0x08000227   Thumb Code     0  startup_stm32f767xx.o(.text)
    DMA2_Stream7_IRQHandler                  0x08000227   Thumb Code     0  startup_stm32f767xx.o(.text)
    ETH_IRQHandler                           0x08000227   Thumb Code     0  startup_stm32f767xx.o(.text)
    ETH_WKUP_IRQHandler                      0x08000227   Thumb Code     0  startup_stm32f767xx.o(.text)
    EXTI0_IRQHandler                         0x08000227   Thumb Code     0  startup_stm32f767xx.o(.text)
    EXTI1_IRQHandler                         0x08000227   Thumb Code     0  startup_stm32f767xx.o(.text)
    EXTI2_IRQHandler                         0x08000227   Thumb Code     0  startup_stm32f767xx.o(.text)
    EXTI3_IRQHandler                         0x08000227   Thumb Code     0  startup_stm32f767xx.o(.text)
    EXTI4_IRQHandler                         0x08000227   Thumb Code     0  startup_stm32f767xx.o(.text)
    EXTI9_5_IRQHandler                       0x08000227   Thumb Code     0  startup_stm32f767xx.o(.text)
    FLASH_IRQHandler                         0x08000227   Thumb Code     0  startup_stm32f767xx.o(.text)
    FMC_IRQHandler                           0x08000227   Thumb Code     0  startup_stm32f767xx.o(.text)
    FPU_IRQHandler                           0x08000227   Thumb Code     0  startup_stm32f767xx.o(.text)
    I2C1_ER_IRQHandler                       0x08000227   Thumb Code     0  startup_stm32f767xx.o(.text)
    I2C1_EV_IRQHandler                       0x08000227   Thumb Code     0  startup_stm32f767xx.o(.text)
    I2C2_ER_IRQHandler                       0x08000227   Thumb Code     0  startup_stm32f767xx.o(.text)
    I2C2_EV_IRQHandler                       0x08000227   Thumb Code     0  startup_stm32f767xx.o(.text)
    I2C3_ER_IRQHandler                       0x08000227   Thumb Code     0  startup_stm32f767xx.o(.text)
    I2C3_EV_IRQHandler                       0x08000227   Thumb Code     0  startup_stm32f767xx.o(.text)
    I2C4_ER_IRQHandler                       0x08000227   Thumb Code     0  startup_stm32f767xx.o(.text)
    I2C4_EV_IRQHandler                       0x08000227   Thumb Code     0  startup_stm32f767xx.o(.text)
    JPEG_IRQHandler                          0x08000227   Thumb Code     0  startup_stm32f767xx.o(.text)
    LPTIM1_IRQHandler                        0x08000227   Thumb Code     0  startup_stm32f767xx.o(.text)
    LTDC_ER_IRQHandler                       0x08000227   Thumb Code     0  startup_stm32f767xx.o(.text)
    LTDC_IRQHandler                          0x08000227   Thumb Code     0  startup_stm32f767xx.o(.text)
    MDIOS_IRQHandler                         0x08000227   Thumb Code     0  startup_stm32f767xx.o(.text)
    OTG_FS_IRQHandler                        0x08000227   Thumb Code     0  startup_stm32f767xx.o(.text)
    OTG_FS_WKUP_IRQHandler                   0x08000227   Thumb Code     0  startup_stm32f767xx.o(.text)
    OTG_HS_EP1_IN_IRQHandler                 0x08000227   Thumb Code     0  startup_stm32f767xx.o(.text)
    OTG_HS_EP1_OUT_IRQHandler                0x08000227   Thumb Code     0  startup_stm32f767xx.o(.text)
    OTG_HS_IRQHandler                        0x08000227   Thumb Code     0  startup_stm32f767xx.o(.text)
    OTG_HS_WKUP_IRQHandler                   0x08000227   Thumb Code     0  startup_stm32f767xx.o(.text)
    PVD_IRQHandler                           0x08000227   Thumb Code     0  startup_stm32f767xx.o(.text)
    QUADSPI_IRQHandler                       0x08000227   Thumb Code     0  startup_stm32f767xx.o(.text)
    RCC_IRQHandler                           0x08000227   Thumb Code     0  startup_stm32f767xx.o(.text)
    RNG_IRQHandler                           0x08000227   Thumb Code     0  startup_stm32f767xx.o(.text)
    RTC_Alarm_IRQHandler                     0x08000227   Thumb Code     0  startup_stm32f767xx.o(.text)
    RTC_WKUP_IRQHandler                      0x08000227   Thumb Code     0  startup_stm32f767xx.o(.text)
    SAI1_IRQHandler                          0x08000227   Thumb Code     0  startup_stm32f767xx.o(.text)
    SAI2_IRQHandler                          0x08000227   Thumb Code     0  startup_stm32f767xx.o(.text)
    SDMMC1_IRQHandler                        0x08000227   Thumb Code     0  startup_stm32f767xx.o(.text)
    SDMMC2_IRQHandler                        0x08000227   Thumb Code     0  startup_stm32f767xx.o(.text)
    SPDIF_RX_IRQHandler                      0x08000227   Thumb Code     0  startup_stm32f767xx.o(.text)
    SPI1_IRQHandler                          0x08000227   Thumb Code     0  startup_stm32f767xx.o(.text)
    SPI3_IRQHandler                          0x08000227   Thumb Code     0  startup_stm32f767xx.o(.text)
    SPI4_IRQHandler                          0x08000227   Thumb Code     0  startup_stm32f767xx.o(.text)
    SPI5_IRQHandler                          0x08000227   Thumb Code     0  startup_stm32f767xx.o(.text)
    SPI6_IRQHandler                          0x08000227   Thumb Code     0  startup_stm32f767xx.o(.text)
    TAMP_STAMP_IRQHandler                    0x08000227   Thumb Code     0  startup_stm32f767xx.o(.text)
    TIM1_BRK_TIM9_IRQHandler                 0x08000227   Thumb Code     0  startup_stm32f767xx.o(.text)
    TIM1_CC_IRQHandler                       0x08000227   Thumb Code     0  startup_stm32f767xx.o(.text)
    TIM1_TRG_COM_TIM11_IRQHandler            0x08000227   Thumb Code     0  startup_stm32f767xx.o(.text)
    TIM2_IRQHandler                          0x08000227   Thumb Code     0  startup_stm32f767xx.o(.text)
    TIM3_IRQHandler                          0x08000227   Thumb Code     0  startup_stm32f767xx.o(.text)
    TIM4_IRQHandler                          0x08000227   Thumb Code     0  startup_stm32f767xx.o(.text)
    TIM5_IRQHandler                          0x08000227   Thumb Code     0  startup_stm32f767xx.o(.text)
    TIM6_DAC_IRQHandler                      0x08000227   Thumb Code     0  startup_stm32f767xx.o(.text)
    TIM7_IRQHandler                          0x08000227   Thumb Code     0  startup_stm32f767xx.o(.text)
    TIM8_BRK_TIM12_IRQHandler                0x08000227   Thumb Code     0  startup_stm32f767xx.o(.text)
    TIM8_CC_IRQHandler                       0x08000227   Thumb Code     0  startup_stm32f767xx.o(.text)
    TIM8_TRG_COM_TIM14_IRQHandler            0x08000227   Thumb Code     0  startup_stm32f767xx.o(.text)
    TIM8_UP_TIM13_IRQHandler                 0x08000227   Thumb Code     0  startup_stm32f767xx.o(.text)
    UART4_IRQHandler                         0x08000227   Thumb Code     0  startup_stm32f767xx.o(.text)
    UART5_IRQHandler                         0x08000227   Thumb Code     0  startup_stm32f767xx.o(.text)
    UART7_IRQHandler                         0x08000227   Thumb Code     0  startup_stm32f767xx.o(.text)
    UART8_IRQHandler                         0x08000227   Thumb Code     0  startup_stm32f767xx.o(.text)
    USART1_IRQHandler                        0x08000227   Thumb Code     0  startup_stm32f767xx.o(.text)
    USART3_IRQHandler                        0x08000227   Thumb Code     0  startup_stm32f767xx.o(.text)
    USART6_IRQHandler                        0x08000227   Thumb Code     0  startup_stm32f767xx.o(.text)
    WWDG_IRQHandler                          0x08000227   Thumb Code     0  startup_stm32f767xx.o(.text)
    __aeabi_memcpy                           0x08000231   Thumb Code    36  memcpya.o(.text)
    __aeabi_memcpy4                          0x08000231   Thumb Code     0  memcpya.o(.text)
    __aeabi_memcpy8                          0x08000231   Thumb Code     0  memcpya.o(.text)
    __I$use$fp                               0x08000255   Thumb Code     0  iusefp.o(.text)
    __scatterload                            0x08000255   Thumb Code    28  init.o(.text)
    __scatterload_rt2                        0x08000255   Thumb Code     0  init.o(.text)
    __decompress                             0x08000279   Thumb Code     0  __dczerorl2.o(.text)
    __decompress1                            0x08000279   Thumb Code    86  __dczerorl2.o(.text)
    BusFault_Handler                         0x0800046f   Thumb Code     2  stm32f7xx_it.o(i.BusFault_Handler)
    CL_handles                               0x08000471   Thumb Code    44  closedloopmode.o(i.CL_handles)
    DMA2_Stream0_IRQHandler                  0x080004a9   Thumb Code     6  stm32f7xx_it.o(i.DMA2_Stream0_IRQHandler)
    DMA2_Stream1_IRQHandler                  0x080004b5   Thumb Code     6  stm32f7xx_it.o(i.DMA2_Stream1_IRQHandler)
    DMA2_Stream2_IRQHandler                  0x080004c1   Thumb Code     6  stm32f7xx_it.o(i.DMA2_Stream2_IRQHandler)
    DebugMon_Handler                         0x08000571   Thumb Code     2  stm32f7xx_it.o(i.DebugMon_Handler)
    EXTI15_10_IRQHandler                     0x08000575   Thumb Code    18  stm32f7xx_it.o(i.EXTI15_10_IRQHandler)
    HAL_ADCEx_MultiModeConfigChannel         0x0800058d   Thumb Code   102  stm32f7xx_hal_adc_ex.o(i.HAL_ADCEx_MultiModeConfigChannel)
    HAL_ADCEx_MultiModeStart_DMA             0x080005f9   Thumb Code   226  stm32f7xx_hal_adc_ex.o(i.HAL_ADCEx_MultiModeStart_DMA)
    HAL_ADC_ConfigChannel                    0x080006f9   Thumb Code   340  stm32f7xx_hal_adc.o(i.HAL_ADC_ConfigChannel)
    HAL_ADC_ConvCpltCallback                 0x0800085d   Thumb Code   554  conversion.o(i.HAL_ADC_ConvCpltCallback)
    HAL_ADC_ConvHalfCpltCallback             0x08000a99   Thumb Code     2  stm32f7xx_hal_adc.o(i.HAL_ADC_ConvHalfCpltCallback)
    HAL_ADC_ErrorCallback                    0x08000a9b   Thumb Code     2  stm32f7xx_hal_adc.o(i.HAL_ADC_ErrorCallback)
    HAL_ADC_Init                             0x08000a9d   Thumb Code    84  stm32f7xx_hal_adc.o(i.HAL_ADC_Init)
    HAL_ADC_MspInit                          0x08000af1   Thumb Code   350  adc.o(i.HAL_ADC_MspInit)
    HAL_ADC_Start                            0x08000c85   Thumb Code   170  stm32f7xx_hal_adc.o(i.HAL_ADC_Start)
    HAL_DMA_Abort_IT                         0x08000d3d   Thumb Code    36  stm32f7xx_hal_dma.o(i.HAL_DMA_Abort_IT)
    HAL_DMA_IRQHandler                       0x08000d61   Thumb Code   416  stm32f7xx_hal_dma.o(i.HAL_DMA_IRQHandler)
    HAL_DMA_Init                             0x08000f09   Thumb Code   206  stm32f7xx_hal_dma.o(i.HAL_DMA_Init)
    HAL_DMA_Start_IT                         0x08000fdd   Thumb Code   120  stm32f7xx_hal_dma.o(i.HAL_DMA_Start_IT)
    HAL_GPIO_EXTI_Callback                   0x08001055   Thumb Code     2  stm32f7xx_hal_gpio.o(i.HAL_GPIO_EXTI_Callback)
    HAL_GPIO_EXTI_IRQHandler                 0x08001059   Thumb Code    18  stm32f7xx_hal_gpio.o(i.HAL_GPIO_EXTI_IRQHandler)
    HAL_GPIO_Init                            0x08001071   Thumb Code   422  stm32f7xx_hal_gpio.o(i.HAL_GPIO_Init)
    HAL_GPIO_ReadPin                         0x0800124d   Thumb Code    10  stm32f7xx_hal_gpio.o(i.HAL_GPIO_ReadPin)
    HAL_GPIO_WritePin                        0x08001257   Thumb Code    10  stm32f7xx_hal_gpio.o(i.HAL_GPIO_WritePin)
    HAL_GetTick                              0x08001261   Thumb Code     6  stm32f7xx_hal.o(i.HAL_GetTick)
    HAL_IncTick                              0x0800126d   Thumb Code    10  stm32f7xx_hal.o(i.HAL_IncTick)
    HAL_Init                                 0x0800127d   Thumb Code    22  stm32f7xx_hal.o(i.HAL_Init)
    HAL_InitTick                             0x08001295   Thumb Code    34  stm32f7xx_hal.o(i.HAL_InitTick)
    HAL_MspInit                              0x080012bd   Thumb Code    88  stm32f7xx_hal_msp.o(i.HAL_MspInit)
    HAL_NVIC_EnableIRQ                       0x08001315   Thumb Code    22  stm32f7xx_hal_cortex.o(i.HAL_NVIC_EnableIRQ)
    HAL_NVIC_SetPriority                     0x0800132d   Thumb Code    60  stm32f7xx_hal_cortex.o(i.HAL_NVIC_SetPriority)
    HAL_NVIC_SetPriorityGrouping             0x0800136d   Thumb Code    26  stm32f7xx_hal_cortex.o(i.HAL_NVIC_SetPriorityGrouping)
    HAL_PWREx_EnableOverDrive                0x08001391   Thumb Code    98  stm32f7xx_hal_pwr_ex.o(i.HAL_PWREx_EnableOverDrive)
    HAL_QSPI_Init                            0x080013fd   Thumb Code   174  stm32f7xx_hal_qspi.o(i.HAL_QSPI_Init)
    HAL_QSPI_MspInit                         0x080014b5   Thumb Code   102  quadspi.o(i.HAL_QSPI_MspInit)
    HAL_RCCEx_PeriphCLKConfig                0x0800152d   Thumb Code  1332  stm32f7xx_hal_rcc_ex.o(i.HAL_RCCEx_PeriphCLKConfig)
    HAL_RCC_ClockConfig                      0x08001a65   Thumb Code   268  stm32f7xx_hal_rcc.o(i.HAL_RCC_ClockConfig)
    HAL_RCC_GetHCLKFreq                      0x08001b81   Thumb Code     6  stm32f7xx_hal_rcc.o(i.HAL_RCC_GetHCLKFreq)
    HAL_RCC_GetPCLK1Freq                     0x08001b8d   Thumb Code    20  stm32f7xx_hal_rcc.o(i.HAL_RCC_GetPCLK1Freq)
    HAL_RCC_GetPCLK2Freq                     0x08001bad   Thumb Code    20  stm32f7xx_hal_rcc.o(i.HAL_RCC_GetPCLK2Freq)
    HAL_RCC_GetSysClockFreq                  0x08001bcd   Thumb Code    78  stm32f7xx_hal_rcc.o(i.HAL_RCC_GetSysClockFreq)
    HAL_RCC_OscConfig                        0x08001c29   Thumb Code   790  stm32f7xx_hal_rcc.o(i.HAL_RCC_OscConfig)
    HAL_RTC_Init                             0x08001f4d   Thumb Code   150  stm32f7xx_hal_rtc.o(i.HAL_RTC_Init)
    HAL_RTC_MspInit                          0x08001fe9   Thumb Code    20  rtc.o(i.HAL_RTC_MspInit)
    HAL_SPI_ErrorCallback                    0x08002005   Thumb Code     2  stm32f7xx_hal_spi.o(i.HAL_SPI_ErrorCallback)
    HAL_SPI_IRQHandler                       0x08002009   Thumb Code   208  stm32f7xx_hal_spi.o(i.HAL_SPI_IRQHandler)
    HAL_SPI_Init                             0x080020dd   Thumb Code   182  stm32f7xx_hal_spi.o(i.HAL_SPI_Init)
    HAL_SPI_MspInit                          0x08002195   Thumb Code    80  spi.o(i.HAL_SPI_MspInit)
    HAL_SPI_Transmit_IT                      0x080021f1   Thumb Code   138  stm32f7xx_hal_spi.o(i.HAL_SPI_Transmit_IT)
    HAL_SPI_TxCpltCallback                   0x08002285   Thumb Code    22  spi_masterslave.o(i.HAL_SPI_TxCpltCallback)
    HAL_SYSTICK_CLKSourceConfig              0x080022a5   Thumb Code    24  stm32f7xx_hal_cortex.o(i.HAL_SYSTICK_CLKSourceConfig)
    HAL_SYSTICK_Callback                     0x080022bd   Thumb Code     2  stm32f7xx_hal_cortex.o(i.HAL_SYSTICK_Callback)
    HAL_SYSTICK_Config                       0x080022bf   Thumb Code    40  stm32f7xx_hal_cortex.o(i.HAL_SYSTICK_Config)
    HAL_SYSTICK_IRQHandler                   0x080022e7   Thumb Code     8  stm32f7xx_hal_cortex.o(i.HAL_SYSTICK_IRQHandler)
    HAL_TIMEx_BreakCallback                  0x080022ef   Thumb Code     2  stm32f7xx_hal_tim_ex.o(i.HAL_TIMEx_BreakCallback)
    HAL_TIMEx_CommutationCallback            0x080022f1   Thumb Code     2  stm32f7xx_hal_tim_ex.o(i.HAL_TIMEx_CommutationCallback)
    HAL_TIMEx_MasterConfigSynchronization    0x080022f5   Thumb Code    78  stm32f7xx_hal_tim_ex.o(i.HAL_TIMEx_MasterConfigSynchronization)
    HAL_TIM_Base_Init                        0x0800234d   Thumb Code    54  stm32f7xx_hal_tim.o(i.HAL_TIM_Base_Init)
    HAL_TIM_Base_MspInit                     0x08002385   Thumb Code    76  tim.o(i.HAL_TIM_Base_MspInit)
    HAL_TIM_Base_Start_IT                    0x080023dd   Thumb Code    24  stm32f7xx_hal_tim.o(i.HAL_TIM_Base_Start_IT)
    HAL_TIM_ConfigClockSource                0x080023f5   Thumb Code   244  stm32f7xx_hal_tim.o(i.HAL_TIM_ConfigClockSource)
    HAL_TIM_IC_CaptureCallback               0x080024ed   Thumb Code     2  stm32f7xx_hal_tim.o(i.HAL_TIM_IC_CaptureCallback)
    HAL_TIM_IRQHandler                       0x080024ef   Thumb Code   384  stm32f7xx_hal_tim.o(i.HAL_TIM_IRQHandler)
    HAL_TIM_OC_DelayElapsedCallback          0x0800266f   Thumb Code     2  stm32f7xx_hal_tim.o(i.HAL_TIM_OC_DelayElapsedCallback)
    HAL_TIM_PWM_PulseFinishedCallback        0x08002671   Thumb Code     2  stm32f7xx_hal_tim.o(i.HAL_TIM_PWM_PulseFinishedCallback)
    HAL_TIM_PeriodElapsedCallback            0x08002673   Thumb Code     2  stm32f7xx_hal_tim.o(i.HAL_TIM_PeriodElapsedCallback)
    HAL_TIM_TriggerCallback                  0x08002675   Thumb Code     2  stm32f7xx_hal_tim.o(i.HAL_TIM_TriggerCallback)
    HAL_UART_ErrorCallback                   0x08002677   Thumb Code     2  stm32f7xx_hal_uart.o(i.HAL_UART_ErrorCallback)
    HAL_UART_IRQHandler                      0x08002679   Thumb Code   370  stm32f7xx_hal_uart.o(i.HAL_UART_IRQHandler)
    HAL_UART_Init                            0x080027f1   Thumb Code   106  stm32f7xx_hal_uart.o(i.HAL_UART_Init)
    HAL_UART_MspInit                         0x0800285d   Thumb Code    76  usart.o(i.HAL_UART_MspInit)
    HAL_UART_Receive_IT                      0x080028b5   Thumb Code   140  stm32f7xx_hal_uart.o(i.HAL_UART_Receive_IT)
    HAL_UART_RxCpltCallback                  0x08002941   Thumb Code    66  uart_masterslave.o(i.HAL_UART_RxCpltCallback)
    HAL_UART_TxCpltCallback                  0x08002991   Thumb Code    20  uart_masterslave.o(i.HAL_UART_TxCpltCallback)
    HardFault_Handler                        0x080029ad   Thumb Code     2  stm32f7xx_it.o(i.HardFault_Handler)
    MX_ADC1_Init                             0x080029b1   Thumb Code   242  adc.o(i.MX_ADC1_Init)
    MX_ADC2_Init                             0x08002abd   Thumb Code   206  adc.o(i.MX_ADC2_Init)
    MX_ADC3_Init                             0x08002ba5   Thumb Code   210  adc.o(i.MX_ADC3_Init)
    MX_DMA_Init                              0x08002c91   Thumb Code    40  dma.o(i.MX_DMA_Init)
    MX_GPIO_Init                             0x08002cbd   Thumb Code   514  gpio.o(i.MX_GPIO_Init)
    MX_QUADSPI_Init                          0x08002ee5   Thumb Code    52  quadspi.o(i.MX_QUADSPI_Init)
    MX_RTC_Init                              0x08002f35   Thumb Code    48  rtc.o(i.MX_RTC_Init)
    MX_SPI2_Init                             0x08002f7d   Thumb Code    74  spi.o(i.MX_SPI2_Init)
    MX_TIM1_Init                             0x08002fe1   Thumb Code    98  tim.o(i.MX_TIM1_Init)
    MX_TIM6_Init                             0x0800305d   Thumb Code    62  tim.o(i.MX_TIM6_Init)
    MX_USART2_UART_Init                      0x080030b5   Thumb Code    56  usart.o(i.MX_USART2_UART_Init)
    MemManage_Handler                        0x08003105   Thumb Code     2  stm32f7xx_it.o(i.MemManage_Handler)
    NMI_Handler                              0x08003107   Thumb Code     2  stm32f7xx_it.o(i.NMI_Handler)
    OL_calculations                          0x08003129   Thumb Code   288  openloopcalc.o(i.OL_calculations)
    OL_handles                               0x08003259   Thumb Code    64  openloopmode.o(i.OL_handles)
    PI_CL                                    0x080032ad   Thumb Code   274  pi.o(i.PI_CL)
    PI_OL                                    0x080033cd   Thumb Code   106  pi.o(i.PI_OL)
    PLL_all                                  0x08003445   Thumb Code   104  pll.o(i.PLL_all)
    PLL_theta                                0x080034bd   Thumb Code   296  pll.o(i.PLL_theta)
    PendSV_Handler                           0x08003615   Thumb Code     2  stm32f7xx_it.o(i.PendSV_Handler)
    PowerCalculations                        0x08003619   Thumb Code   214  power.o(i.PowerCalculations)
    Q2alpha                                  0x08003705   Thumb Code   210  q2alpha.o(i.Q2alpha)
    Q2alpha_transforms                       0x08003829   Thumb Code   192  q2alpha.o(i.Q2alpha_transforms)
    Qbasic_calculation                       0x08003949   Thumb Code   616  qbasic.o(i.Qbasic_calculation)
    RMS_all                                  0x08003bc5   Thumb Code    42  rms.o(i.RMS_all)
    RTC_EnterInitMode                        0x08003bf9   Thumb Code    56  stm32f7xx_hal_rtc.o(i.RTC_EnterInitMode)
    Ref_CL                                   0x08003c31   Thumb Code    36  references.o(i.Ref_CL)
    Ref_OL                                   0x08003c5d   Thumb Code    80  references.o(i.Ref_OL)
    Ref_flag_handles                         0x08003cbd   Thumb Code   140  references.o(i.Ref_flag_handles)
    Ref_hf                                   0x08003d61   Thumb Code    26  references.o(i.Ref_hf)
    Ref_inter                                0x08003d85   Thumb Code    36  references.o(i.Ref_inter)
    Ref_manualAngle                          0x08003db1   Thumb Code    46  references.o(i.Ref_manualAngle)
    Ref_manualVar                            0x08003ded   Thumb Code    46  references.o(i.Ref_manualVar)
    SPI2_IRQHandler                          0x08003e2d   Thumb Code     6  stm32f7xx_it.o(i.SPI2_IRQHandler)
    SVC_Handler                              0x08004049   Thumb Code     2  stm32f7xx_it.o(i.SVC_Handler)
    SysTick_Handler                          0x0800404b   Thumb Code    22  stm32f7xx_it.o(i.SysTick_Handler)
    SystemClock_Config                       0x08004061   Thumb Code   186  main.o(i.SystemClock_Config)
    SystemInit                               0x08004125   Thumb Code    66  system_stm32f7xx.o(i.SystemInit)
    TIM1_UP_TIM10_IRQHandler                 0x08004179   Thumb Code     6  stm32f7xx_it.o(i.TIM1_UP_TIM10_IRQHandler)
    TIM_Base_SetConfig                       0x08004185   Thumb Code   156  stm32f7xx_hal_tim.o(i.TIM_Base_SetConfig)
    TIM_ETR_SetConfig                        0x0800424d   Thumb Code    20  stm32f7xx_hal_tim.o(i.TIM_ETR_SetConfig)
    UART_AdvFeatureConfig                    0x080042b7   Thumb Code   200  stm32f7xx_hal_uart.o(i.UART_AdvFeatureConfig)
    UART_CheckIdleState                      0x0800437f   Thumb Code    64  stm32f7xx_hal_uart.o(i.UART_CheckIdleState)
    UART_SetConfig                           0x08004469   Thumb Code   518  stm32f7xx_hal_uart.o(i.UART_SetConfig)
    UART_WaitOnFlagUntilTimeout              0x080046a1   Thumb Code    98  stm32f7xx_hal_uart.o(i.UART_WaitOnFlagUntilTimeout)
    USART2_IRQHandler                        0x08004705   Thumb Code     6  stm32f7xx_it.o(i.USART2_IRQHandler)
    UsageFault_Handler                       0x08004711   Thumb Code     2  stm32f7xx_it.o(i.UsageFault_Handler)
    _Error_Handler                           0x08004713   Thumb Code     2  main.o(i._Error_Handler)
    __ARM_fpclassifyf                        0x08004715   Thumb Code    38  fpclassifyf.o(i.__ARM_fpclassifyf)
    __hardfp_acosf                           0x0800473d   Thumb Code   234  acosf.o(i.__hardfp_acosf)
    __hardfp_cosf                            0x08004861   Thumb Code   276  cosf.o(i.__hardfp_cosf)
    __hardfp_sinf                            0x080049b1   Thumb Code   344  sinf.o(i.__hardfp_sinf)
    __hardfp_sqrtf                           0x08004b45   Thumb Code    58  sqrtf.o(i.__hardfp_sqrtf)
    __hardfp_tanf                            0x08004b81   Thumb Code   322  tanf.o(i.__hardfp_tanf)
    __mathlib_flt_infnan                     0x08004d01   Thumb Code     6  funder.o(i.__mathlib_flt_infnan)
    __mathlib_flt_invalid                    0x08004d09   Thumb Code    10  funder.o(i.__mathlib_flt_invalid)
    __mathlib_flt_underflow                  0x08004d19   Thumb Code    10  funder.o(i.__mathlib_flt_underflow)
    __mathlib_rredf2                         0x08004d29   Thumb Code   316  rredf.o(i.__mathlib_rredf2)
    __scatterload_copy                       0x08004e7d   Thumb Code    14  handlers.o(i.__scatterload_copy)
    __scatterload_null                       0x08004e8b   Thumb Code     2  handlers.o(i.__scatterload_null)
    __scatterload_zeroinit                   0x08004e8d   Thumb Code    14  handlers.o(i.__scatterload_zeroinit)
    __set_errno                              0x08004e9d   Thumb Code     6  errno.o(i.__set_errno)
    closedLoopMode                           0x08004ea9   Thumb Code    22  closedloopmode.o(i.closedLoopMode)
    correction_RMS                           0x08004ec1   Thumb Code   112  rms.o(i.correction_RMS)
    dpm_mergeDWord                           0x08004f45   Thumb Code    76  dataparsermerger.o(i.dpm_mergeDWord)
    dpm_mergeFloat                           0x08004f91   Thumb Code    68  dataparsermerger.o(i.dpm_mergeFloat)
    dpm_parseDWord                           0x08004fd9   Thumb Code    58  dataparsermerger.o(i.dpm_parseDWord)
    dpm_parseFloat                           0x08005015   Thumb Code    66  dataparsermerger.o(i.dpm_parseFloat)
    f_limiter                                0x0800505d   Thumb Code    40  aux_functions.o(i.f_limiter)
    fast_RMS                                 0x08005085   Thumb Code   120  rms.o(i.fast_RMS)
    faultRoutines                            0x0800510d   Thumb Code   176  faults.o(i.faultRoutines)
    faultState                               0x080051d1   Thumb Code    50  faultstate.o(i.faultState)
    firing                                   0x08005215   Thumb Code  1334  firing.o(i.firing)
    firingOutputs                            0x08005751   Thumb Code   100  firing.o(i.firingOutputs)
    firingTestMode                           0x080057c1   Thumb Code   126  firingtestmode.o(i.firingTestMode)
    hfMode                                   0x08005861   Thumb Code    80  hfmode.o(i.hfMode)
    idleState                                0x080058bd   Thumb Code    90  idlestate.o(i.idleState)
    init_OpenLoopCalc                        0x0800592d   Thumb Code    20  openloopcalc.o(i.init_OpenLoopCalc)
    init_PI                                  0x08005949   Thumb Code    32  pi.o(i.init_PI)
    init_Q2alpha                             0x08005979   Thumb Code    36  q2alpha.o(i.init_Q2alpha)
    init_Qbasic                              0x080059ad   Thumb Code    62  qbasic.o(i.init_Qbasic)
    init_all                                 0x08005a11   Thumb Code    30  init_all.o(i.init_all)
    init_conversion                          0x08005a31   Thumb Code   182  conversion.o(i.init_conversion)
    init_firing                              0x08005b05   Thumb Code    20  firing.o(i.init_firing)
    interMode                                0x08005b25   Thumb Code    36  intermode.o(i.interMode)
    inter_handles                            0x08005b59   Thumb Code    74  intermode.o(i.inter_handles)
    ios                                      0x08005bb1   Thumb Code  1144  ios.o(i.ios)
    lead_lag_calculation                     0x0800602d   Thumb Code   364  openloopcalc.o(i.lead_lag_calculation)
    main                                     0x080061b5   Thumb Code   282  main.o(i.main)
    main_flow                                0x080062f5   Thumb Code    58  main_flow.o(i.main_flow)
    manualAngleMode                          0x0800632f   Thumb Code    14  manualanglemode.o(i.manualAngleMode)
    manualVarMode                            0x0800633d   Thumb Code    14  manualvarmode.o(i.manualVarMode)
    manual_handles                           0x0800634d   Thumb Code    74  manualvarmode.o(i.manual_handles)
    mean_RMS                                 0x080063a5   Thumb Code   510  rms.o(i.mean_RMS)
    minSelector_3p                           0x080065b5   Thumb Code    30  aux_functions.o(i.minSelector_3p)
    mode_chart                               0x080065d5   Thumb Code    12  modes.o(i.mode_chart)
    mode_selection                           0x080065e5   Thumb Code   140  selection.o(i.mode_selection)
    off_delay                                0x08006689   Thumb Code    42  aux_functions.o(i.off_delay)
    on_delay                                 0x080066b3   Thumb Code    40  aux_functions.o(i.on_delay)
    on_off_delay                             0x080066db   Thumb Code    28  aux_functions.o(i.on_off_delay)
    openLoopMode                             0x080066f7   Thumb Code    26  openloopmode.o(i.openLoopMode)
    plf_rms_ab                               0x08006711   Thumb Code   144  rms.o(i.plf_rms_ab)
    plf_rms_bc                               0x080067c5   Thumb Code   144  rms.o(i.plf_rms_bc)
    plf_rms_ca                               0x08006879   Thumb Code   144  rms.o(i.plf_rms_ca)
    plf_sos_ab                               0x0800692d   Thumb Code   144  openloopcalc.o(i.plf_sos_ab)
    plf_sos_bc                               0x080069e1   Thumb Code   144  openloopcalc.o(i.plf_sos_bc)
    plf_sos_ca                               0x08006a95   Thumb Code   144  openloopcalc.o(i.plf_sos_ca)
    pullDataFromMaster                       0x08006b49   Thumb Code   464  commparams.o(i.pullDataFromMaster)
    pushDataToMaster                         0x08006d4d   Thumb Code  1244  commparams.o(i.pushDataToMaster)
    quadrature                               0x0800722d   Thumb Code    80  power.o(i.quadrature)
    readyState                               0x08007295   Thumb Code    90  readystate.o(i.readyState)
    ref_basic                                0x0800730d   Thumb Code    44  references.o(i.ref_basic)
    ref_filtering                            0x08007345   Thumb Code    42  openloopcalc.o(i.ref_filtering)
    runState                                 0x08007375   Thumb Code   302  runstate.o(i.runState)
    spi_initComApp                           0x08007509   Thumb Code     2  spi_masterslave.o(i.spi_initComApp)
    spi_runComApp                            0x08007705   Thumb Code    56  spi_masterslave.o(i.spi_runComApp)
    spi_sysTickCallApp                       0x08007745   Thumb Code    58  spi_masterslave.o(i.spi_sysTickCallApp)
    sqrtf                                    0x08007785   Thumb Code    62  sqrtf.o(i.sqrtf)
    startupState                             0x080077c5   Thumb Code   106  startupstate.o(i.startupState)
    state_chart                              0x08007849   Thumb Code    12  states.o(i.state_chart)
    stoppedState                             0x08007859   Thumb Code    60  stoppedstate.o(i.stoppedState)
    tripRoutines                             0x080078a9   Thumb Code    64  trips.o(i.tripRoutines)
    trippedState                             0x080078f1   Thumb Code    50  trippedstate.o(i.trippedState)
    uart_initComApp                          0x08007935   Thumb Code    10  uart_masterslave.o(i.uart_initComApp)
    uart_runComApp                           0x08007a39   Thumb Code    60  uart_masterslave.o(i.uart_runComApp)
    uart_sysTickCallApp                      0x08007a7d   Thumb Code    58  uart_masterslave.o(i.uart_sysTickCallApp)
    AHBPrescTable                            0x08007abc   Data          16  system_stm32f7xx.o(.constdata)
    APBPrescTable                            0x08007acc   Data           8  system_stm32f7xx.o(.constdata)
    Region$$Table$$Base                      0x08007afc   Number         0  anon$$obj.o(Region$$Table)
    Region$$Table$$Limit                     0x08007b1c   Number         0  anon$$obj.o(Region$$Table)
    SystemCoreClock                          0x20000000   Data           4  system_stm32f7xx.o(.data)
    uwTick                                   0x20000004   Data           4  stm32f7xx_hal.o(.data)
    incoming_data_flag                       0x20000008   Data           1  main.o(.data)
    incoming_data_flag_counter               0x2000000c   Data           4  main.o(.data)
    extTrip                                  0x20000010   Data           8  trips.o(.data)
    ref_ab                                   0x20000018   Data           8  references.o(.data)
    ref_bc                                   0x20000020   Data           8  references.o(.data)
    ref_ca                                   0x20000028   Data           8  references.o(.data)
    fr                                       0x20000030   Data           1  firing.o(.data)
    ufr                                      0x20000031   Data           1  firing.o(.data)
    conversion_completed                     0x20000032   Data           1  conversion.o(.data)
    cRMS                                     0x20000038   Data           4  rms.o(.data)
    status                                   0x20000184   Data           8  states.o(.data)
    current_state                            0x2000018c   Data           1  states.o(.data)
    state                                    0x20000190   Data          28  states.o(.data)
    cb_pos                                   0x200001c0   Data           8  runstate.o(.data)
    current_mode                             0x200001d4   Data           1  modes.o(.data)
    mode                                     0x200001d8   Data          28  modes.o(.data)
    new_mode                                 0x200001f4   Data           1  modes.o(.data)
    runningModeFlags                         0x20000204   Data           4  selection.o(.data)
    DI                                       0x20000208   Data           4  ios.o(.data)
    DO                                       0x2000020c   Data           4  ios.o(.data)
    uDI                                      0x20000210   Data           4  ios.o(.data)
    uDO                                      0x20000214   Data           4  ios.o(.data)
    typeCnv                                  0x20000218   Data           4  dataparsermerger.o(.data)
    receivedModeFlags                        0x2000021c   Data           4  commparams.o(.data)
    uStatus                                  0x20000220   Data           8  commparams.o(.data)
    hadc1                                    0x2000022c   Data          72  adc.o(.bss)
    hadc2                                    0x20000274   Data          72  adc.o(.bss)
    hadc3                                    0x200002bc   Data          72  adc.o(.bss)
    hdma_adc1                                0x20000304   Data          96  adc.o(.bss)
    hdma_adc2                                0x20000364   Data          96  adc.o(.bss)
    hdma_adc3                                0x200003c4   Data          96  adc.o(.bss)
    htim1                                    0x20000424   Data          64  tim.o(.bss)
    htim6                                    0x20000464   Data          64  tim.o(.bss)
    huart2                                   0x200004a4   Data         112  usart.o(.bss)
    hqspi                                    0x20000514   Data          76  quadspi.o(.bss)
    hspi2                                    0x20000560   Data         100  spi.o(.bss)
    hrtc                                     0x200005c4   Data          32  rtc.o(.bss)
    voltage_loss                             0x200005e4   Data          12  faults.o(.bss)
    PLL                                      0x200005f0   Data          24  pll.o(.bss)
    dq_filter_buffer                         0x20000608   Data          48  pll.o(.bss)
    integral_buffer                          0x20000638   Data          24  pll.o(.bss)
    PI                                       0x20000650   Data         108  pi.o(.bss)
    fire                                     0x200006bc   Data          60  firing.o(.bss)
    adcBuffer                                0x200006f8   Data          72  conversion.o(.bss)
    Adc                                      0x20000740   Data          72  conversion.o(.bss)
    adc                                      0x20000788   Data          72  conversion.o(.bss)
    offset                                   0x200007d0   Data          72  conversion.o(.bss)
    scale                                    0x20000818   Data          72  conversion.o(.bss)
    TR                                       0x20000860   Data          60  conversion.o(.bss)
    meanRMS                                  0x2000089c   Data          72  rms.o(.bss)
    fRMS                                     0x200008e4   Data          24  rms.o(.bss)
    meanRMS_sum                              0x200008fc   Data          72  rms.o(.bss)
    Qdata                                    0x20000944   Data          40  qbasic.o(.bss)
    Qstartup                                 0x2000096c   Data          16  qbasic.o(.bss)
    Qbasic                                   0x2000097c   Data          16  qbasic.o(.bss)
    cl                                       0x2000098c   Data          44  power.o(.bss)
    fpp_ab                                   0x200009b8   Data          16  openloopcalc.o(.bss)
    fpp_bc                                   0x200009c8   Data          16  openloopcalc.o(.bss)
    fpp_ca                                   0x200009d8   Data          16  openloopcalc.o(.bss)
    Qol                                      0x200009e8   Data          48  openloopcalc.o(.bss)
    sys                                      0x20000a18   Data          84  openloopcalc.o(.bss)
    TestFire                                 0x20000a6c   Data          12  firingtestmode.o(.bss)
    comParams                                0x20000af8   Data        6020  spi_masterslave.o(.bss)
    spiCRC                                   0x2000227c   Data          12  spi_masterslave.o(.bss)
    comParams_uart                           0x20002288   Data        2996  uart_masterslave.o(.bss)
    uartCRC                                  0x20002e3c   Data          12  uart_masterslave.o(.bss)
    ref_set                                  0x20002e48   Data          24  commparams.o(.bss)
    __initial_sp                             0x20006e60   Data           0  startup_stm32f767xx.o(STACK)



==============================================================================

Memory Map of the image

  Image Entry point : 0x080001f9

  Load Region LR_IROM1 (Base: 0x08000000, Size: 0x00007d48, Max: 0x00200000, ABSOLUTE, COMPRESSED[0x00007b60])

    Execution Region ER_IROM1 (Base: 0x08000000, Size: 0x00007b1c, Max: 0x00200000, ABSOLUTE)

    Base Addr    Size         Type   Attr      Idx    E Section Name        Object

    0x08000000   0x000001f8   Data   RO          157    RESET               startup_stm32f767xx.o
    0x080001f8   0x00000000   Code   RO         6074  * .ARM.Collect$$$$00000000  mc_w.l(entry.o)
    0x080001f8   0x00000004   Code   RO         6100    .ARM.Collect$$$$00000001  mc_w.l(entry2.o)
    0x080001fc   0x00000004   Code   RO         6103    .ARM.Collect$$$$00000004  mc_w.l(entry5.o)
    0x08000200   0x00000000   Code   RO         6105    .ARM.Collect$$$$00000008  mc_w.l(entry7b.o)
    0x08000200   0x00000000   Code   RO         6107    .ARM.Collect$$$$0000000A  mc_w.l(entry8b.o)
    0x08000200   0x00000008   Code   RO         6108    .ARM.Collect$$$$0000000B  mc_w.l(entry9a.o)
    0x08000208   0x00000000   Code   RO         6110    .ARM.Collect$$$$0000000D  mc_w.l(entry10a.o)
    0x08000208   0x00000000   Code   RO         6112    .ARM.Collect$$$$0000000F  mc_w.l(entry11a.o)
    0x08000208   0x00000004   Code   RO         6101    .ARM.Collect$$$$00002712  mc_w.l(entry2.o)
    0x0800020c   0x00000024   Code   RO          158    .text               startup_stm32f767xx.o
    0x08000230   0x00000024   Code   RO         6077    .text               mc_w.l(memcpya.o)
    0x08000254   0x00000000   Code   RO         6121    .text               mc_w.l(iusefp.o)
    0x08000254   0x00000024   Code   RO         6122    .text               mc_w.l(init.o)
    0x08000278   0x00000056   Code   RO         6132    .text               mc_w.l(__dczerorl2.o)
    0x080002ce   0x00000002   PAD
    0x080002d0   0x0000012c   Code   RO         3340    i.ADC_Init          stm32f7xx_hal_adc.o
    0x080003fc   0x0000005a   Code   RO         3232    i.ADC_MultiModeDMAConvCplt  stm32f7xx_hal_adc_ex.o
    0x08000456   0x00000012   Code   RO         3233    i.ADC_MultiModeDMAError  stm32f7xx_hal_adc_ex.o
    0x08000468   0x00000006   Code   RO         3234    i.ADC_MultiModeDMAHalfConvCplt  stm32f7xx_hal_adc_ex.o
    0x0800046e   0x00000002   Code   RO         4582    i.BusFault_Handler  stm32f7xx_it.o
    0x08000470   0x00000038   Code   RO         5404    i.CL_handles        closedloopmode.o
    0x080004a8   0x0000000c   Code   RO         4583    i.DMA2_Stream0_IRQHandler  stm32f7xx_it.o
    0x080004b4   0x0000000c   Code   RO         4584    i.DMA2_Stream1_IRQHandler  stm32f7xx_it.o
    0x080004c0   0x0000000c   Code   RO         4585    i.DMA2_Stream2_IRQHandler  stm32f7xx_it.o
    0x080004cc   0x00000028   Code   RO         1866    i.DMA_CalcBaseAndBitshift  stm32f7xx_hal_dma.o
    0x080004f4   0x00000054   Code   RO         1867    i.DMA_CheckFifoParam  stm32f7xx_hal_dma.o
    0x08000548   0x00000028   Code   RO         1868    i.DMA_SetConfig     stm32f7xx_hal_dma.o
    0x08000570   0x00000002   Code   RO         4586    i.DebugMon_Handler  stm32f7xx_it.o
    0x08000572   0x00000002   PAD
    0x08000574   0x00000018   Code   RO         4587    i.EXTI15_10_IRQHandler  stm32f7xx_it.o
    0x0800058c   0x0000006c   Code   RO         3243    i.HAL_ADCEx_MultiModeConfigChannel  stm32f7xx_hal_adc_ex.o
    0x080005f8   0x00000100   Code   RO         3245    i.HAL_ADCEx_MultiModeStart_DMA  stm32f7xx_hal_adc_ex.o
    0x080006f8   0x00000164   Code   RO         3342    i.HAL_ADC_ConfigChannel  stm32f7xx_hal_adc.o
    0x0800085c   0x0000023c   Code   RO         5032    i.HAL_ADC_ConvCpltCallback  conversion.o
    0x08000a98   0x00000002   Code   RO         3344    i.HAL_ADC_ConvHalfCpltCallback  stm32f7xx_hal_adc.o
    0x08000a9a   0x00000002   Code   RO         3346    i.HAL_ADC_ErrorCallback  stm32f7xx_hal_adc.o
    0x08000a9c   0x00000054   Code   RO         3351    i.HAL_ADC_Init      stm32f7xx_hal_adc.o
    0x08000af0   0x00000194   Code   RO         4140    i.HAL_ADC_MspInit   adc.o
    0x08000c84   0x000000b8   Code   RO         3357    i.HAL_ADC_Start     stm32f7xx_hal_adc.o
    0x08000d3c   0x00000024   Code   RO         1870    i.HAL_DMA_Abort_IT  stm32f7xx_hal_dma.o
    0x08000d60   0x000001a8   Code   RO         1874    i.HAL_DMA_IRQHandler  stm32f7xx_hal_dma.o
    0x08000f08   0x000000d4   Code   RO         1875    i.HAL_DMA_Init      stm32f7xx_hal_dma.o
    0x08000fdc   0x00000078   Code   RO         1879    i.HAL_DMA_Start_IT  stm32f7xx_hal_dma.o
    0x08001054   0x00000002   Code   RO         2091    i.HAL_GPIO_EXTI_Callback  stm32f7xx_hal_gpio.o
    0x08001056   0x00000002   PAD
    0x08001058   0x00000018   Code   RO         2092    i.HAL_GPIO_EXTI_IRQHandler  stm32f7xx_hal_gpio.o
    0x08001070   0x000001dc   Code   RO         2093    i.HAL_GPIO_Init     stm32f7xx_hal_gpio.o
    0x0800124c   0x0000000a   Code   RO         2095    i.HAL_GPIO_ReadPin  stm32f7xx_hal_gpio.o
    0x08001256   0x0000000a   Code   RO         2097    i.HAL_GPIO_WritePin  stm32f7xx_hal_gpio.o
    0x08001260   0x0000000c   Code   RO         1694    i.HAL_GetTick       stm32f7xx_hal.o
    0x0800126c   0x00000010   Code   RO         1698    i.HAL_IncTick       stm32f7xx_hal.o
    0x0800127c   0x00000016   Code   RO         1699    i.HAL_Init          stm32f7xx_hal.o
    0x08001292   0x00000002   PAD
    0x08001294   0x00000028   Code   RO         1700    i.HAL_InitTick      stm32f7xx_hal.o
    0x080012bc   0x00000058   Code   RO         4432    i.HAL_MspInit       stm32f7xx_hal_msp.o
    0x08001314   0x00000016   Code   RO          495    i.HAL_NVIC_EnableIRQ  stm32f7xx_hal_cortex.o
    0x0800132a   0x00000002   PAD
    0x0800132c   0x00000040   Code   RO          501    i.HAL_NVIC_SetPriority  stm32f7xx_hal_cortex.o
    0x0800136c   0x00000024   Code   RO          502    i.HAL_NVIC_SetPriorityGrouping  stm32f7xx_hal_cortex.o
    0x08001390   0x0000006c   Code   RO         4053    i.HAL_PWREx_EnableOverDrive  stm32f7xx_hal_pwr_ex.o
    0x080013fc   0x000000b8   Code   RO         1436    i.HAL_QSPI_Init     stm32f7xx_hal_qspi.o
    0x080014b4   0x00000078   Code   RO         4457    i.HAL_QSPI_MspInit  quadspi.o
    0x0800152c   0x00000538   Code   RO         3096    i.HAL_RCCEx_PeriphCLKConfig  stm32f7xx_hal_rcc_ex.o
    0x08001a64   0x0000011c   Code   RO         3131    i.HAL_RCC_ClockConfig  stm32f7xx_hal_rcc.o
    0x08001b80   0x0000000c   Code   RO         3136    i.HAL_RCC_GetHCLKFreq  stm32f7xx_hal_rcc.o
    0x08001b8c   0x00000020   Code   RO         3138    i.HAL_RCC_GetPCLK1Freq  stm32f7xx_hal_rcc.o
    0x08001bac   0x00000020   Code   RO         3139    i.HAL_RCC_GetPCLK2Freq  stm32f7xx_hal_rcc.o
    0x08001bcc   0x0000005c   Code   RO         3140    i.HAL_RCC_GetSysClockFreq  stm32f7xx_hal_rcc.o
    0x08001c28   0x00000324   Code   RO         3143    i.HAL_RCC_OscConfig  stm32f7xx_hal_rcc.o
    0x08001f4c   0x0000009c   Code   RO         3635    i.HAL_RTC_Init      stm32f7xx_hal_rtc.o
    0x08001fe8   0x0000001c   Code   RO         4541    i.HAL_RTC_MspInit   rtc.o
    0x08002004   0x00000002   Code   RO          632    i.HAL_SPI_ErrorCallback  stm32f7xx_hal_spi.o
    0x08002006   0x00000002   PAD
    0x08002008   0x000000d4   Code   RO          635    i.HAL_SPI_IRQHandler  stm32f7xx_hal_spi.o
    0x080020dc   0x000000b6   Code   RO          636    i.HAL_SPI_Init      stm32f7xx_hal_spi.o
    0x08002192   0x00000002   PAD
    0x08002194   0x0000005c   Code   RO         4499    i.HAL_SPI_MspInit   spi.o
    0x080021f0   0x00000094   Code   RO          649    i.HAL_SPI_Transmit_IT  stm32f7xx_hal_spi.o
    0x08002284   0x00000020   Code   RO         5854    i.HAL_SPI_TxCpltCallback  spi_masterslave.o
    0x080022a4   0x00000018   Code   RO          504    i.HAL_SYSTICK_CLKSourceConfig  stm32f7xx_hal_cortex.o
    0x080022bc   0x00000002   Code   RO          505    i.HAL_SYSTICK_Callback  stm32f7xx_hal_cortex.o
    0x080022be   0x00000028   Code   RO          506    i.HAL_SYSTICK_Config  stm32f7xx_hal_cortex.o
    0x080022e6   0x00000008   Code   RO          507    i.HAL_SYSTICK_IRQHandler  stm32f7xx_hal_cortex.o
    0x080022ee   0x00000002   Code   RO          211    i.HAL_TIMEx_BreakCallback  stm32f7xx_hal_tim_ex.o
    0x080022f0   0x00000002   Code   RO          212    i.HAL_TIMEx_CommutationCallback  stm32f7xx_hal_tim_ex.o
    0x080022f2   0x00000002   PAD
    0x080022f4   0x00000058   Code   RO          230    i.HAL_TIMEx_MasterConfigSynchronization  stm32f7xx_hal_tim_ex.o
    0x0800234c   0x00000036   Code   RO         2398    i.HAL_TIM_Base_Init  stm32f7xx_hal_tim.o
    0x08002382   0x00000002   PAD
    0x08002384   0x00000058   Code   RO         4319    i.HAL_TIM_Base_MspInit  tim.o
    0x080023dc   0x00000018   Code   RO         2403    i.HAL_TIM_Base_Start_IT  stm32f7xx_hal_tim.o
    0x080023f4   0x000000f8   Code   RO         2407    i.HAL_TIM_ConfigClockSource  stm32f7xx_hal_tim.o
    0x080024ec   0x00000002   Code   RO         2427    i.HAL_TIM_IC_CaptureCallback  stm32f7xx_hal_tim.o
    0x080024ee   0x00000180   Code   RO         2440    i.HAL_TIM_IRQHandler  stm32f7xx_hal_tim.o
    0x0800266e   0x00000002   Code   RO         2443    i.HAL_TIM_OC_DelayElapsedCallback  stm32f7xx_hal_tim.o
    0x08002670   0x00000002   Code   RO         2470    i.HAL_TIM_PWM_PulseFinishedCallback  stm32f7xx_hal_tim.o
    0x08002672   0x00000002   Code   RO         2477    i.HAL_TIM_PeriodElapsedCallback  stm32f7xx_hal_tim.o
    0x08002674   0x00000002   Code   RO         2481    i.HAL_TIM_TriggerCallback  stm32f7xx_hal_tim.o
    0x08002676   0x00000002   Code   RO         3779    i.HAL_UART_ErrorCallback  stm32f7xx_hal_uart.o
    0x08002678   0x00000178   Code   RO         3782    i.HAL_UART_IRQHandler  stm32f7xx_hal_uart.o
    0x080027f0   0x0000006a   Code   RO         3783    i.HAL_UART_Init     stm32f7xx_hal_uart.o
    0x0800285a   0x00000002   PAD
    0x0800285c   0x00000058   Code   RO         4391    i.HAL_UART_MspInit  usart.o
    0x080028b4   0x0000008c   Code   RO         3788    i.HAL_UART_Receive_IT  stm32f7xx_hal_uart.o
    0x08002940   0x00000050   Code   RO         5922    i.HAL_UART_RxCpltCallback  uart_masterslave.o
    0x08002990   0x0000001c   Code   RO         5923    i.HAL_UART_TxCpltCallback  uart_masterslave.o
    0x080029ac   0x00000002   Code   RO         4588    i.HardFault_Handler  stm32f7xx_it.o
    0x080029ae   0x00000002   PAD
    0x080029b0   0x0000010c   Code   RO         4141    i.MX_ADC1_Init      adc.o
    0x08002abc   0x000000e8   Code   RO         4142    i.MX_ADC2_Init      adc.o
    0x08002ba4   0x000000ec   Code   RO         4143    i.MX_ADC3_Init      adc.o
    0x08002c90   0x0000002c   Code   RO         4366    i.MX_DMA_Init       dma.o
    0x08002cbc   0x00000228   Code   RO         4294    i.MX_GPIO_Init      gpio.o
    0x08002ee4   0x00000050   Code   RO         4458    i.MX_QUADSPI_Init   quadspi.o
    0x08002f34   0x00000048   Code   RO         4542    i.MX_RTC_Init       rtc.o
    0x08002f7c   0x00000064   Code   RO         4500    i.MX_SPI2_Init      spi.o
    0x08002fe0   0x0000007c   Code   RO         4320    i.MX_TIM1_Init      tim.o
    0x0800305c   0x00000058   Code   RO         4321    i.MX_TIM6_Init      tim.o
    0x080030b4   0x00000050   Code   RO         4392    i.MX_USART2_UART_Init  usart.o
    0x08003104   0x00000002   Code   RO         4589    i.MemManage_Handler  stm32f7xx_it.o
    0x08003106   0x00000002   Code   RO         4590    i.NMI_Handler       stm32f7xx_it.o
    0x08003108   0x00000020   Code   RO          508    i.NVIC_SetPriority  stm32f7xx_hal_cortex.o
    0x08003128   0x00000130   Code   RO         5200    i.OL_calculations   openloopcalc.o
    0x08003258   0x00000054   Code   RO         5425    i.OL_handles        openloopmode.o
    0x080032ac   0x00000120   Code   RO         4852    i.PI_CL             pi.o
    0x080033cc   0x00000078   Code   RO         4853    i.PI_OL             pi.o
    0x08003444   0x00000078   Code   RO         4814    i.PLL_all           pll.o
    0x080034bc   0x00000158   Code   RO         4815    i.PLL_theta         pll.o
    0x08003614   0x00000002   Code   RO         4591    i.PendSV_Handler    stm32f7xx_it.o
    0x08003616   0x00000002   PAD
    0x08003618   0x000000ec   Code   RO         5171    i.PowerCalculations  power.o
    0x08003704   0x00000124   Code   RO         4954    i.Q2alpha           q2alpha.o
    0x08003828   0x000000d8   Code   RO         4955    i.Q2alpha_transforms  q2alpha.o
    0x08003900   0x00000048   Code   RO         1461    i.QSPI_WaitFlagStateUntilTimeout  stm32f7xx_hal_qspi.o
    0x08003948   0x0000027c   Code   RO         5139    i.Qbasic_calculation  qbasic.o
    0x08003bc4   0x00000034   Code   RO         5074    i.RMS_all           rms.o
    0x08003bf8   0x00000038   Code   RO         3646    i.RTC_EnterInitMode  stm32f7xx_hal_rtc.o
    0x08003c30   0x0000002c   Code   RO         4883    i.Ref_CL            references.o
    0x08003c5c   0x00000060   Code   RO         4884    i.Ref_OL            references.o
    0x08003cbc   0x000000a4   Code   RO         4885    i.Ref_flag_handles  references.o
    0x08003d60   0x00000024   Code   RO         4886    i.Ref_hf            references.o
    0x08003d84   0x0000002c   Code   RO         4887    i.Ref_inter         references.o
    0x08003db0   0x0000003c   Code   RO         4888    i.Ref_manualAngle   references.o
    0x08003dec   0x00000040   Code   RO         4889    i.Ref_manualVar     references.o
    0x08003e2c   0x0000000c   Code   RO         4592    i.SPI2_IRQHandler   stm32f7xx_it.o
    0x08003e38   0x0000004c   Code   RO          662    i.SPI_CloseTx_ISR   stm32f7xx_hal_spi.o
    0x08003e84   0x00000012   Code   RO          663    i.SPI_DMAAbortOnError  stm32f7xx_hal_spi.o
    0x08003e96   0x00000048   Code   RO          674    i.SPI_EndRxTxTransaction  stm32f7xx_hal_spi.o
    0x08003ede   0x00000020   Code   RO          677    i.SPI_TxISR_16BIT   stm32f7xx_hal_spi.o
    0x08003efe   0x0000001e   Code   RO          678    i.SPI_TxISR_8BIT    stm32f7xx_hal_spi.o
    0x08003f1c   0x000000a0   Code   RO          679    i.SPI_WaitFifoStateUntilTimeout  stm32f7xx_hal_spi.o
    0x08003fbc   0x0000008c   Code   RO          680    i.SPI_WaitFlagStateUntilTimeout  stm32f7xx_hal_spi.o
    0x08004048   0x00000002   Code   RO         4593    i.SVC_Handler       stm32f7xx_it.o
    0x0800404a   0x00000016   Code   RO         4594    i.SysTick_Handler   stm32f7xx_it.o
    0x08004060   0x000000c4   Code   RO         4199    i.SystemClock_Config  main.o
    0x08004124   0x00000054   Code   RO            5    i.SystemInit        system_stm32f7xx.o
    0x08004178   0x0000000c   Code   RO         4595    i.TIM1_UP_TIM10_IRQHandler  stm32f7xx_it.o
    0x08004184   0x000000c8   Code   RO         2482    i.TIM_Base_SetConfig  stm32f7xx_hal_tim.o
    0x0800424c   0x00000014   Code   RO         2489    i.TIM_ETR_SetConfig  stm32f7xx_hal_tim.o
    0x08004260   0x00000010   Code   RO         2490    i.TIM_ITRx_SetConfig  stm32f7xx_hal_tim.o
    0x08004270   0x00000022   Code   RO         2496    i.TIM_TI1_ConfigInputStage  stm32f7xx_hal_tim.o
    0x08004292   0x00000024   Code   RO         2498    i.TIM_TI2_ConfigInputStage  stm32f7xx_hal_tim.o
    0x080042b6   0x000000c8   Code   RO         3796    i.UART_AdvFeatureConfig  stm32f7xx_hal_uart.o
    0x0800437e   0x00000040   Code   RO         3797    i.UART_CheckIdleState  stm32f7xx_hal_uart.o
    0x080043be   0x00000014   Code   RO         3798    i.UART_DMAAbortOnError  stm32f7xx_hal_uart.o
    0x080043d2   0x0000001c   Code   RO         3804    i.UART_EndRxTransfer  stm32f7xx_hal_uart.o
    0x080043ee   0x00000078   Code   RO         3806    i.UART_Receive_IT   stm32f7xx_hal_uart.o
    0x08004466   0x00000002   PAD
    0x08004468   0x00000238   Code   RO         3807    i.UART_SetConfig    stm32f7xx_hal_uart.o
    0x080046a0   0x00000062   Code   RO         3808    i.UART_WaitOnFlagUntilTimeout  stm32f7xx_hal_uart.o
    0x08004702   0x00000002   PAD
    0x08004704   0x0000000c   Code   RO         4596    i.USART2_IRQHandler  stm32f7xx_it.o
    0x08004710   0x00000002   Code   RO         4597    i.UsageFault_Handler  stm32f7xx_it.o
    0x08004712   0x00000002   Code   RO         4200    i._Error_Handler    main.o
    0x08004714   0x00000026   Code   RO         6081    i.__ARM_fpclassifyf  m_wv.l(fpclassifyf.o)
    0x0800473a   0x00000002   PAD
    0x0800473c   0x00000124   Code   RO         6014    i.__hardfp_acosf    m_wv.l(acosf.o)
    0x08004860   0x00000150   Code   RO         6026    i.__hardfp_cosf     m_wv.l(cosf.o)
    0x080049b0   0x00000194   Code   RO         6038    i.__hardfp_sinf     m_wv.l(sinf.o)
    0x08004b44   0x0000003a   Code   RO         6050    i.__hardfp_sqrtf    m_wv.l(sqrtf.o)
    0x08004b7e   0x00000002   PAD
    0x08004b80   0x00000180   Code   RO         6062    i.__hardfp_tanf     m_wv.l(tanf.o)
    0x08004d00   0x00000006   Code   RO         6084    i.__mathlib_flt_infnan  m_wv.l(funder.o)
    0x08004d06   0x00000002   PAD
    0x08004d08   0x00000010   Code   RO         6086    i.__mathlib_flt_invalid  m_wv.l(funder.o)
    0x08004d18   0x00000010   Code   RO         6089    i.__mathlib_flt_underflow  m_wv.l(funder.o)
    0x08004d28   0x00000154   Code   RO         6097    i.__mathlib_rredf2  m_wv.l(rredf.o)
    0x08004e7c   0x0000000e   Code   RO         6126    i.__scatterload_copy  mc_w.l(handlers.o)
    0x08004e8a   0x00000002   Code   RO         6127    i.__scatterload_null  mc_w.l(handlers.o)
    0x08004e8c   0x0000000e   Code   RO         6128    i.__scatterload_zeroinit  mc_w.l(handlers.o)
    0x08004e9a   0x00000002   PAD
    0x08004e9c   0x0000000c   Code   RO         6116    i.__set_errno       mc_w.l(errno.o)
    0x08004ea8   0x00000016   Code   RO         5405    i.closedLoopMode    closedloopmode.o
    0x08004ebe   0x00000002   PAD
    0x08004ec0   0x00000084   Code   RO         5076    i.correction_RMS    rms.o
    0x08004f44   0x0000004c   Code   RO         5736    i.dpm_mergeDWord    dataparsermerger.o
    0x08004f90   0x00000048   Code   RO         5737    i.dpm_mergeFloat    dataparsermerger.o
    0x08004fd8   0x0000003a   Code   RO         5738    i.dpm_parseDWord    dataparsermerger.o
    0x08005012   0x00000002   PAD
    0x08005014   0x00000048   Code   RO         5739    i.dpm_parseFloat    dataparsermerger.o
    0x0800505c   0x00000028   Code   RO         5664    i.f_limiter         aux_functions.o
    0x08005084   0x00000088   Code   RO         5077    i.fast_RMS          rms.o
    0x0800510c   0x000000c4   Code   RO         4697    i.faultRoutines     faults.o
    0x080051d0   0x00000044   Code   RO         5304    i.faultState        faultstate.o
    0x08005214   0x0000053c   Code   RO         4984    i.firing            firing.o
    0x08005750   0x00000070   Code   RO         4985    i.firingOutputs     firing.o
    0x080057c0   0x000000a0   Code   RO         5479    i.firingTestMode    firingtestmode.o
    0x08005860   0x0000005c   Code   RO         5526    i.hfMode            hfmode.o
    0x080058bc   0x00000070   Code   RO         5347    i.idleState         idlestate.o
    0x0800592c   0x0000001c   Code   RO         5201    i.init_OpenLoopCalc  openloopcalc.o
    0x08005948   0x00000030   Code   RO         4854    i.init_PI           pi.o
    0x08005978   0x00000034   Code   RO         4956    i.init_Q2alpha      q2alpha.o
    0x080059ac   0x00000064   Code   RO         5140    i.init_Qbasic       qbasic.o
    0x08005a10   0x0000001e   Code   RO         5715    i.init_all          init_all.o
    0x08005a2e   0x00000002   PAD
    0x08005a30   0x000000d4   Code   RO         5033    i.init_conversion   conversion.o
    0x08005b04   0x00000020   Code   RO         4986    i.init_firing       firing.o
    0x08005b24   0x00000034   Code   RO         5504    i.interMode         intermode.o
    0x08005b58   0x00000058   Code   RO         5505    i.inter_handles     intermode.o
    0x08005bb0   0x0000047c   Code   RO         5634    i.ios               ios.o
    0x0800602c   0x00000188   Code   RO         5202    i.lead_lag_calculation  openloopcalc.o
    0x080061b4   0x00000140   Code   RO         4201    i.main              main.o
    0x080062f4   0x0000003a   Code   RO         5700    i.main_flow         main_flow.o
    0x0800632e   0x0000000e   Code   RO         5467    i.manualAngleMode   manualanglemode.o
    0x0800633c   0x0000000e   Code   RO         5446    i.manualVarMode     manualvarmode.o
    0x0800634a   0x00000002   PAD
    0x0800634c   0x00000058   Code   RO         5447    i.manual_handles    manualvarmode.o
    0x080063a4   0x00000210   Code   RO         5078    i.mean_RMS          rms.o
    0x080065b4   0x0000001e   Code   RO         5665    i.minSelector_3p    aux_functions.o
    0x080065d2   0x00000002   PAD
    0x080065d4   0x00000010   Code   RO         5385    i.mode_chart        modes.o
    0x080065e4   0x000000a4   Code   RO         5538    i.mode_selection    selection.o
    0x08006688   0x0000002a   Code   RO         5666    i.off_delay         aux_functions.o
    0x080066b2   0x00000028   Code   RO         5667    i.on_delay          aux_functions.o
    0x080066da   0x0000001c   Code   RO         5668    i.on_off_delay      aux_functions.o
    0x080066f6   0x0000001a   Code   RO         5426    i.openLoopMode      openloopmode.o
    0x08006710   0x000000b4   Code   RO         5079    i.plf_rms_ab        rms.o
    0x080067c4   0x000000b4   Code   RO         5080    i.plf_rms_bc        rms.o
    0x08006878   0x000000b4   Code   RO         5081    i.plf_rms_ca        rms.o
    0x0800692c   0x000000b4   Code   RO         5203    i.plf_sos_ab        openloopcalc.o
    0x080069e0   0x000000b4   Code   RO         5204    i.plf_sos_bc        openloopcalc.o
    0x08006a94   0x000000b4   Code   RO         5205    i.plf_sos_ca        openloopcalc.o
    0x08006b48   0x00000204   Code   RO         5978    i.pullDataFromMaster  commparams.o
    0x08006d4c   0x000004e0   Code   RO         5979    i.pushDataToMaster  commparams.o
    0x0800722c   0x00000068   Code   RO         5172    i.quadrature        power.o
    0x08007294   0x00000078   Code   RO         5316    i.readyState        readystate.o
    0x0800730c   0x00000038   Code   RO         4891    i.ref_basic         references.o
    0x08007344   0x00000030   Code   RO         5206    i.ref_filtering     openloopcalc.o
    0x08007374   0x00000150   Code   RO         5328    i.runState          runstate.o
    0x080074c4   0x00000044   Code   RO         5855    i.spi_crcCalculation  spi_masterslave.o
    0x08007508   0x00000002   Code   RO         5856    i.spi_initComApp    spi_masterslave.o
    0x0800750a   0x00000002   PAD
    0x0800750c   0x00000100   Code   RO         5857    i.spi_preparePushData  spi_masterslave.o
    0x0800760c   0x000000f8   Code   RO         5858    i.spi_prepareReceiveData  spi_masterslave.o
    0x08007704   0x00000040   Code   RO         5859    i.spi_runComApp     spi_masterslave.o
    0x08007744   0x00000040   Code   RO         5860    i.spi_sysTickCallApp  spi_masterslave.o
    0x08007784   0x0000003e   Code   RO         6052    i.sqrtf             m_wv.l(sqrtf.o)
    0x080077c2   0x00000002   PAD
    0x080077c4   0x00000084   Code   RO         5282    i.startupState      startupstate.o
    0x08007848   0x00000010   Code   RO         5256    i.state_chart       states.o
    0x08007858   0x00000050   Code   RO         5360    i.stoppedState      stoppedstate.o
    0x080078a8   0x00000048   Code   RO         4723    i.tripRoutines      trips.o
    0x080078f0   0x00000044   Code   RO         5373    i.trippedState      trippedstate.o
    0x08007934   0x00000014   Code   RO         5924    i.uart_initComApp   uart_masterslave.o
    0x08007948   0x000000f0   Code   RO         5925    i.uart_prepareReceiveData  uart_masterslave.o
    0x08007a38   0x00000044   Code   RO         5926    i.uart_runComApp    uart_masterslave.o
    0x08007a7c   0x00000040   Code   RO         5927    i.uart_sysTickCallApp  uart_masterslave.o
    0x08007abc   0x00000010   Data   RO            6    .constdata          system_stm32f7xx.o
    0x08007acc   0x00000008   Data   RO            7    .constdata          system_stm32f7xx.o
    0x08007ad4   0x00000008   Data   RO         1881    .constdata          stm32f7xx_hal_dma.o
    0x08007adc   0x00000020   Data   RO         6098    .constdata          m_wv.l(rredf.o)
    0x08007afc   0x00000020   Data   RO         6124    Region$$Table       anon$$obj.o


    Execution Region RW_IRAM1 (Base: 0x20000000, Size: 0x00006e60, Max: 0x00080000, ABSOLUTE, COMPRESSED[0x00000044])

    Base Addr    Size         Type   Attr      Idx    E Section Name        Object

    0x20000000   0x00000004   Data   RW            8    .data               system_stm32f7xx.o
    0x20000004   0x00000004   Data   RW         1705    .data               stm32f7xx_hal.o
    0x20000008   0x00000008   Data   RW         4202    .data               main.o
    0x20000010   0x00000008   Data   RW         4724    .data               trips.o
    0x20000018   0x00000018   Data   RW         4892    .data               references.o
    0x20000030   0x00000002   Data   RW         4988    .data               firing.o
    0x20000032   0x00000001   Data   RW         5035    .data               conversion.o
    0x20000033   0x00000001   PAD
    0x20000034   0x00000094   Data   RW         5083    .data               rms.o
    0x200000c8   0x00000014   Data   RW         5174    .data               power.o
    0x200000dc   0x000000a8   Data   RW         5208    .data               openloopcalc.o
    0x20000184   0x00000008   Data   RW         5257    .data               states.o
    0x2000018c   0x00000020   Data   RW         5258    .data               states.o
    0x200001ac   0x00000008   Data   RW         5283    .data               startupstate.o
    0x200001b4   0x00000014   Data   RW         5329    .data               runstate.o
    0x200001c8   0x00000008   Data   RW         5348    .data               idlestate.o
    0x200001d0   0x00000004   Data   RW         5361    .data               stoppedstate.o
    0x200001d4   0x00000020   Data   RW         5386    .data               modes.o
    0x200001f4   0x00000001   Data   RW         5387    .data               modes.o
    0x200001f5   0x00000003   PAD
    0x200001f8   0x00000008   Data   RW         5482    .data               firingtestmode.o
    0x20000200   0x00000004   Data   RW         5506    .data               intermode.o
    0x20000204   0x00000004   Data   RW         5539    .data               selection.o
    0x20000208   0x00000008   Data   RW         5636    .data               ios.o
    0x20000210   0x00000004   Data   RW         5637    .data               ios.o
    0x20000214   0x00000004   Data   RW         5638    .data               ios.o
    0x20000218   0x00000004   Data   RW         5740    .data               dataparsermerger.o
    0x2000021c   0x0000000c   Data   RW         5982    .data               commparams.o
    0x20000228   0x00000004   Data   RW         6117    .data               mc_w.l(errno.o)
    0x2000022c   0x000001f8   Zero   RW         4144    .bss                adc.o
    0x20000424   0x00000080   Zero   RW         4322    .bss                tim.o
    0x200004a4   0x00000070   Zero   RW         4393    .bss                usart.o
    0x20000514   0x0000004c   Zero   RW         4459    .bss                quadspi.o
    0x20000560   0x00000064   Zero   RW         4501    .bss                spi.o
    0x200005c4   0x00000020   Zero   RW         4543    .bss                rtc.o
    0x200005e4   0x0000000c   Zero   RW         4698    .bss                faults.o
    0x200005f0   0x00000060   Zero   RW         4816    .bss                pll.o
    0x20000650   0x0000006c   Zero   RW         4855    .bss                pi.o
    0x200006bc   0x0000003c   Zero   RW         4987    .bss                firing.o
    0x200006f8   0x000001a4   Zero   RW         5034    .bss                conversion.o
    0x2000089c   0x000000a8   Zero   RW         5082    .bss                rms.o
    0x20000944   0x00000048   Zero   RW         5141    .bss                qbasic.o
    0x2000098c   0x0000002c   Zero   RW         5173    .bss                power.o
    0x200009b8   0x000000b4   Zero   RW         5207    .bss                openloopcalc.o
    0x20000a6c   0x0000000c   Zero   RW         5481    .bss                firingtestmode.o
    0x20000a78   0x00000080   Zero   RW         5635    .bss                ios.o
    0x20000af8   0x00001790   Zero   RW         5861    .bss                spi_masterslave.o
    0x20002288   0x00000bc0   Zero   RW         5928    .bss                uart_masterslave.o
    0x20002e48   0x00000018   Zero   RW         5981    .bss                commparams.o
    0x20002e60   0x00004000   Zero   RW          155    STACK               startup_stm32f767xx.o


==============================================================================

Image component sizes


      Code (inc. data)   RO Data    RW Data    ZI Data      Debug   Object Name

      1140        132          0          0        504       3577   adc.o
       180          0          0          0          0       3559   aux_functions.o
        78         12          0          0          0        974   closedloopmode.o
      1764        158          0         12         24       8123   commparams.o
       784         48          0          1        420       7607   conversion.o
       278         10          0          4          0       4082   dataparsermerger.o
        44          4          0          0          0        774   dma.o
       196         20          0          0         12       6154   faults.o
        68         18          0          0          0        485   faultstate.o
      1484         90          0          2         60       8563   firing.o
       160         34          0          8         12       1228   firingtestmode.o
       552         38          0          0          0       1287   gpio.o
        92         12          0          0          0        525   hfmode.o
       112         22          0          8          0        576   idlestate.o
        30          0          0          0          0        483   init_all.o
       140         30          0          4          0       1032   intermode.o
      1148         38          0         16        128       2738   ios.o
       518         48          0          8          0      34884   main.o
        58          0          0          0          0        520   main_flow.o
        14          0          0          0          0        498   manualanglemode.o
       102         14          0          0          0       1025   manualvarmode.o
        16          4          0         33          0       1326   modes.o
      1312        166          0        168        180      10194   openloopcalc.o
       110         20          0          0          0        988   openloopmode.o
       456         44          0          0        108       7120   pi.o
       464         64          0          0         96       7773   pll.o
       340         46          0         20         44       6787   power.o
       560        122          0          0          0       1778   q2alpha.o
       736         58          0          0         72       7796   qbasic.o
       200         46          0          0         76       1713   quadspi.o
       120         30          0          0          0        517   readystate.o
       564        110          0         24          0       9494   references.o
      1388        190          0        148        168      11246   rms.o
       100         32          0          0         32       1479   rtc.o
       336         34          0         20          0       6457   runstate.o
       164         24          0          4          0       1496   selection.o
       192         38          0          0        100       1669   spi.o
       734         56          0          0       6032       7554   spi_masterslave.o
        36          8        504          0      16384        816   startup_stm32f767xx.o
       132         26          0          8          0        607   startupstate.o
        16          4          0         40          0       6740   states.o
        90         18          0          4          0       3255   stm32f7xx_hal.o
       928         42          0          0          0       4858   stm32f7xx_hal_adc.o
       478         36          0          0          0       4010   stm32f7xx_hal_adc_ex.o
       228         14          0          0          0      37233   stm32f7xx_hal_cortex.o
       956         20          8          0          0       6610   stm32f7xx_hal_dma.o
       522         60          0          0          0       4579   stm32f7xx_hal_gpio.o
        88          0          0          0          0        538   stm32f7xx_hal_msp.o
       108         10          0          0          0       1312   stm32f7xx_hal_pwr_ex.o
       256         10          0          0          0       2770   stm32f7xx_hal_qspi.o
      1256         74          0          0          0       5796   stm32f7xx_hal_rcc.o
      1336         28          0          0          0       2524   stm32f7xx_hal_rcc_ex.o
       212          6          0          0          0       2127   stm32f7xx_hal_rtc.o
      1072         14          0          0          0       9090   stm32f7xx_hal_spi.o
      1026         48          0          0          0      11097   stm32f7xx_hal_tim.o
        92         10          0          0          0       2682   stm32f7xx_hal_tim_ex.o
      1722         76          0          0          0       9806   stm32f7xx_hal_uart.o
       134         42          0          0          0       7628   stm32f7xx_it.o
        80         20          0          4          0        547   stoppedstate.o
        84         18         24          4          0     900967   system_stm32f7xx.o
       300         64          0          0        128       2299   tim.o
        68         18          0          0          0        519   trippedstate.o
        72          8          0          8          0       6097   trips.o
       500         60          0          0       3008       6918   uart_masterslave.o
       168         36          0          0        112       1698   usart.o

    ----------------------------------------------------------------------
     28732       2582        568        552      27700    1217204   Object Totals
         0          0         32          0          0          0   (incl. Generated)
        38          0          0          4          0          0   (incl. Padding)

    ----------------------------------------------------------------------

      Code (inc. data)   RO Data    RW Data    ZI Data      Debug   Library Member Name

       292         58          0          0          0        176   acosf.o
       336         60          0          0          0        136   cosf.o
        38          0          0          0          0        116   fpclassifyf.o
        38         12          0          0          0        348   funder.o
       340         24         32          0          0        160   rredf.o
       404         60          0          0          0        212   sinf.o
       120          0          0          0          0        272   sqrtf.o
       384         62          0          0          0        200   tanf.o
        86          0          0          0          0          0   __dczerorl2.o
         0          0          0          0          0          0   entry.o
         0          0          0          0          0          0   entry10a.o
         0          0          0          0          0          0   entry11a.o
         8          4          0          0          0          0   entry2.o
         4          0          0          0          0          0   entry5.o
         0          0          0          0          0          0   entry7b.o
         0          0          0          0          0          0   entry8b.o
         8          4          0          0          0          0   entry9a.o
        12          6          0          4          0         68   errno.o
        30          0          0          0          0          0   handlers.o
        36          8          0          0          0         68   init.o
         0          0          0          0          0          0   iusefp.o
        36          0          0          0          0         68   memcpya.o

    ----------------------------------------------------------------------
      2184        298         32          4          0       1824   Library Totals
        12          0          0          0          0          0   (incl. Padding)

    ----------------------------------------------------------------------

      Code (inc. data)   RO Data    RW Data    ZI Data      Debug   Library Name

      1952        276         32          0          0       1620   m_wv.l
       220         22          0          4          0        204   mc_w.l

    ----------------------------------------------------------------------
      2184        298         32          4          0       1824   Library Totals

    ----------------------------------------------------------------------

==============================================================================


      Code (inc. data)   RO Data    RW Data    ZI Data      Debug   

     30916       2880        600        556      27700    1198812   Grand Totals
     30916       2880        600         68      27700    1198812   ELF Image Totals (compressed)
     30916       2880        600         68          0          0   ROM Totals

==============================================================================

    Total RO  Size (Code + RO Data)                31516 (  30.78kB)
    Total RW  Size (RW Data + ZI Data)             28256 (  27.59kB)
    Total ROM Size (Code + RO Data + RW Data)      31584 (  30.84kB)

==============================================================================

