Component: ARM Compiler 5.06 update 3 (build 300) Tool: armlink [4d35c9]

==============================================================================

Section Cross References

    system_stm32f7xx.o(i.SystemCoreClockUpdate) refers to system_stm32f7xx.o(.data) for .data
    system_stm32f7xx.o(i.SystemCoreClockUpdate) refers to system_stm32f7xx.o(.constdata) for .constdata
    startup_stm32f767xx.o(RESET) refers to startup_stm32f767xx.o(STACK) for __initial_sp
    startup_stm32f767xx.o(RESET) refers to startup_stm32f767xx.o(.text) for Reset_Handler
    startup_stm32f767xx.o(RESET) refers to stm32f7xx_it.o(i.NMI_Handler) for NMI_Handler
    startup_stm32f767xx.o(RESET) refers to stm32f7xx_it.o(i.HardFault_Handler) for HardFault_Handler
    startup_stm32f767xx.o(RESET) refers to stm32f7xx_it.o(i.MemManage_Handler) for MemManage_Handler
    startup_stm32f767xx.o(RESET) refers to stm32f7xx_it.o(i.BusFault_Handler) for BusFault_Handler
    startup_stm32f767xx.o(RESET) refers to stm32f7xx_it.o(i.UsageFault_Handler) for UsageFault_Handler
    startup_stm32f767xx.o(RESET) refers to stm32f7xx_it.o(i.SVC_Handler) for SVC_Handler
    startup_stm32f767xx.o(RESET) refers to stm32f7xx_it.o(i.DebugMon_Handler) for DebugMon_Handler
    startup_stm32f767xx.o(RESET) refers to stm32f7xx_it.o(i.PendSV_Handler) for PendSV_Handler
    startup_stm32f767xx.o(RESET) refers to stm32f7xx_it.o(i.SysTick_Handler) for SysTick_Handler
    startup_stm32f767xx.o(RESET) refers to stm32f7xx_it.o(i.TIM1_UP_TIM10_IRQHandler) for TIM1_UP_TIM10_IRQHandler
    startup_stm32f767xx.o(RESET) refers to stm32f7xx_it.o(i.DMA2_Stream0_IRQHandler) for DMA2_Stream0_IRQHandler
    startup_stm32f767xx.o(RESET) refers to stm32f7xx_it.o(i.DMA2_Stream1_IRQHandler) for DMA2_Stream1_IRQHandler
    startup_stm32f767xx.o(RESET) refers to stm32f7xx_it.o(i.DMA2_Stream2_IRQHandler) for DMA2_Stream2_IRQHandler
    startup_stm32f767xx.o(.text) refers to system_stm32f7xx.o(i.SystemInit) for SystemInit
    startup_stm32f767xx.o(.text) refers to entry.o(.ARM.Collect$$$$00000000) for __main
    stm32f7xx_hal_tim_ex.o(i.HAL_TIMEx_ConfigCommutationEvent_DMA) refers to stm32f7xx_hal_tim_ex.o(i.TIMEx_DMACommutationCplt) for TIMEx_DMACommutationCplt
    stm32f7xx_hal_tim_ex.o(i.HAL_TIMEx_ConfigCommutationEvent_DMA) refers to stm32f7xx_hal_tim.o(i.TIM_DMAError) for TIM_DMAError
    stm32f7xx_hal_tim_ex.o(i.HAL_TIMEx_HallSensor_DeInit) refers to stm32f7xx_hal_tim_ex.o(i.HAL_TIMEx_HallSensor_MspDeInit) for HAL_TIMEx_HallSensor_MspDeInit
    stm32f7xx_hal_tim_ex.o(i.HAL_TIMEx_HallSensor_Init) refers to stm32f7xx_hal_tim_ex.o(i.HAL_TIMEx_HallSensor_MspInit) for HAL_TIMEx_HallSensor_MspInit
    stm32f7xx_hal_tim_ex.o(i.HAL_TIMEx_HallSensor_Init) refers to stm32f7xx_hal_tim.o(i.TIM_Base_SetConfig) for TIM_Base_SetConfig
    stm32f7xx_hal_tim_ex.o(i.HAL_TIMEx_HallSensor_Init) refers to stm32f7xx_hal_tim.o(i.TIM_TI1_SetConfig) for TIM_TI1_SetConfig
    stm32f7xx_hal_tim_ex.o(i.HAL_TIMEx_HallSensor_Init) refers to stm32f7xx_hal_tim.o(i.TIM_OC2_SetConfig) for TIM_OC2_SetConfig
    stm32f7xx_hal_tim_ex.o(i.HAL_TIMEx_HallSensor_Start) refers to stm32f7xx_hal_tim.o(i.TIM_CCxChannelCmd) for TIM_CCxChannelCmd
    stm32f7xx_hal_tim_ex.o(i.HAL_TIMEx_HallSensor_Start_DMA) refers to stm32f7xx_hal_tim.o(i.TIM_CCxChannelCmd) for TIM_CCxChannelCmd
    stm32f7xx_hal_tim_ex.o(i.HAL_TIMEx_HallSensor_Start_DMA) refers to stm32f7xx_hal_dma.o(i.HAL_DMA_Start_IT) for HAL_DMA_Start_IT
    stm32f7xx_hal_tim_ex.o(i.HAL_TIMEx_HallSensor_Start_DMA) refers to stm32f7xx_hal_tim.o(i.TIM_DMACaptureCplt) for TIM_DMACaptureCplt
    stm32f7xx_hal_tim_ex.o(i.HAL_TIMEx_HallSensor_Start_DMA) refers to stm32f7xx_hal_tim.o(i.TIM_DMAError) for TIM_DMAError
    stm32f7xx_hal_tim_ex.o(i.HAL_TIMEx_HallSensor_Start_IT) refers to stm32f7xx_hal_tim.o(i.TIM_CCxChannelCmd) for TIM_CCxChannelCmd
    stm32f7xx_hal_tim_ex.o(i.HAL_TIMEx_HallSensor_Stop) refers to stm32f7xx_hal_tim.o(i.TIM_CCxChannelCmd) for TIM_CCxChannelCmd
    stm32f7xx_hal_tim_ex.o(i.HAL_TIMEx_HallSensor_Stop_DMA) refers to stm32f7xx_hal_tim.o(i.TIM_CCxChannelCmd) for TIM_CCxChannelCmd
    stm32f7xx_hal_tim_ex.o(i.HAL_TIMEx_HallSensor_Stop_IT) refers to stm32f7xx_hal_tim.o(i.TIM_CCxChannelCmd) for TIM_CCxChannelCmd
    stm32f7xx_hal_tim_ex.o(i.HAL_TIMEx_OCN_Start) refers to stm32f7xx_hal_tim_ex.o(i.TIM_CCxNChannelCmd) for TIM_CCxNChannelCmd
    stm32f7xx_hal_tim_ex.o(i.HAL_TIMEx_OCN_Start_DMA) refers to stm32f7xx_hal_dma.o(i.HAL_DMA_Start_IT) for HAL_DMA_Start_IT
    stm32f7xx_hal_tim_ex.o(i.HAL_TIMEx_OCN_Start_DMA) refers to stm32f7xx_hal_tim_ex.o(i.TIM_CCxNChannelCmd) for TIM_CCxNChannelCmd
    stm32f7xx_hal_tim_ex.o(i.HAL_TIMEx_OCN_Start_DMA) refers to stm32f7xx_hal_tim.o(i.TIM_DMADelayPulseCplt) for TIM_DMADelayPulseCplt
    stm32f7xx_hal_tim_ex.o(i.HAL_TIMEx_OCN_Start_DMA) refers to stm32f7xx_hal_tim.o(i.TIM_DMAError) for TIM_DMAError
[...]
    ../mathlib/sin.c                         0x00000000   Number         0  sin_x.o ABSOLUTE
    ../mathlib/sin_i.c                       0x00000000   Number         0  sin_i_x.o ABSOLUTE
    ../mathlib/sin_i.c                       0x00000000   Number         0  sin_i.o ABSOLUTE
    ../mathlib/sqrtf.c                       0x00000000   Number         0  sqrtf.o ABSOLUTE
    ../mathlib/sqrtf.c                       0x00000000   Number         0  sqrtf_x.o ABSOLUTE
    ..\Drivers\STM32F7xx_HAL_Driver\Src\stm32f7xx_hal.c 0x00000000   Number         0  stm32f7xx_hal.o ABSOLUTE
    ..\Drivers\STM32F7xx_HAL_Driver\Src\stm32f7xx_hal_adc.c 0x00000000   Number         0  stm32f7xx_hal_adc.o ABSOLUTE
    ..\Drivers\STM32F7xx_HAL_Driver\Src\stm32f7xx_hal_adc_ex.c 0x00000000   Number         0  stm32f7xx_hal_adc_ex.o ABSOLUTE
    ..\Drivers\STM32F7xx_HAL_Driver\Src\stm32f7xx_hal_cortex.c 0x00000000   Number         0  stm32f7xx_hal_cortex.o ABSOLUTE
    ..\Drivers\STM32F7xx_HAL_Driver\Src\stm32f7xx_hal_dma.c 0x00000000   Number         0  stm32f7xx_hal_dma.o ABSOLUTE
    ..\Drivers\STM32F7xx_HAL_Driver\Src\stm32f7xx_hal_dma_ex.c 0x00000000   Number         0  stm32f7xx_hal_dma_ex.o ABSOLUTE
    ..\Drivers\STM32F7xx_HAL_Driver\Src\stm32f7xx_hal_flash.c 0x00000000   Number         0  stm32f7xx_hal_flash.o ABSOLUTE
    ..\Drivers\STM32F7xx_HAL_Driver\Src\stm32f7xx_hal_flash_ex.c 0x00000000   Number         0  stm32f7xx_hal_flash_ex.o ABSOLUTE
    ..\Drivers\STM32F7xx_HAL_Driver\Src\stm32f7xx_hal_gpio.c 0x00000000   Number         0  stm32f7xx_hal_gpio.o ABSOLUTE
    ..\Drivers\STM32F7xx_HAL_Driver\Src\stm32f7xx_hal_i2c.c 0x00000000   Number         0  stm32f7xx_hal_i2c.o ABSOLUTE
    ..\Drivers\STM32F7xx_HAL_Driver\Src\stm32f7xx_hal_i2c_ex.c 0x00000000   Number         0  stm32f7xx_hal_i2c_ex.o ABSOLUTE
    ..\Drivers\STM32F7xx_HAL_Driver\Src\stm32f7xx_hal_pwr.c 0x00000000   Number         0  stm32f7xx_hal_pwr.o ABSOLUTE
    ..\Drivers\STM32F7xx_HAL_Driver\Src\stm32f7xx_hal_pwr_ex.c 0x00000000   Number         0  stm32f7xx_hal_pwr_ex.o ABSOLUTE
    ..\Drivers\STM32F7xx_HAL_Driver\Src\stm32f7xx_hal_qspi.c 0x00000000   Number         0  stm32f7xx_hal_qspi.o ABSOLUTE
    ..\Drivers\STM32F7xx_HAL_Driver\Src\stm32f7xx_hal_rcc.c 0x00000000   Number         0  stm32f7xx_hal_rcc.o ABSOLUTE
    ..\Drivers\STM32F7xx_HAL_Driver\Src\stm32f7xx_hal_rcc_ex.c 0x00000000   Number         0  stm32f7xx_hal_rcc_ex.o ABSOLUTE
    ..\Drivers\STM32F7xx_HAL_Driver\Src\stm32f7xx_hal_rtc.c 0x00000000   Number         0  stm32f7xx_hal_rtc.o ABSOLUTE
    ..\Drivers\STM32F7xx_HAL_Driver\Src\stm32f7xx_hal_rtc_ex.c 0x00000000   Number         0  stm32f7xx_hal_rtc_ex.o ABSOLUTE
    ..\Drivers\STM32F7xx_HAL_Driver\Src\stm32f7xx_hal_spi.c 0x00000000   Number         0  stm32f7xx_hal_spi.o ABSOLUTE
    ..\Drivers\STM32F7xx_HAL_Driver\Src\stm32f7xx_hal_tim.c 0x00000000   Number         0  stm32f7xx_hal_tim.o ABSOLUTE
    ..\Drivers\STM32F7xx_HAL_Driver\Src\stm32f7xx_hal_tim_ex.c 0x00000000   Number         0  stm32f7xx_hal_tim_ex.o ABSOLUTE
    ..\Drivers\STM32F7xx_HAL_Driver\Src\stm32f7xx_hal_uart.c 0x00000000   Number         0  stm32f7xx_hal_uart.o ABSOLUTE
    ..\Src\adc.c                             0x00000000   Number         0  adc.o ABSOLUTE
    ..\Src\dma.c                             0x00000000   Number         0  dma.o ABSOLUTE
    ..\Src\gpio.c                            0x00000000   Number         0  gpio.o ABSOLUTE
    ..\Src\main.c                            0x00000000   Number         0  main.o ABSOLUTE
    ..\Src\quadspi.c                         0x00000000   Number         0  quadspi.o ABSOLUTE
    ..\Src\rtc.c                             0x00000000   Number         0  rtc.o ABSOLUTE
    ..\Src\spi.c                             0x00000000   Number         0  spi.o ABSOLUTE
    ..\Src\stm32f7xx_hal_msp.c               0x00000000   Number         0  stm32f7xx_hal_msp.o ABSOLUTE
    ..\Src\stm32f7xx_it.c                    0x00000000   Number         0  stm32f7xx_it.o ABSOLUTE
    ..\Src\system_stm32f7xx.c                0x00000000   Number         0  system_stm32f7xx.o ABSOLUTE
    ..\Src\tim.c                             0x00000000   Number         0  tim.o ABSOLUTE
    ..\Src\usart.c                           0x00000000   Number         0  usart.o ABSOLUTE
    Faults.c                                 0x00000000   Number         0  faults.o ABSOLUTE
    Firing.c                                 0x00000000   Number         0  firing.o ABSOLUTE
    Firing.c                                 0x00000000   Number         0  firing.o ABSOLUTE
    PI.c                                     0x00000000   Number         0  pi.o ABSOLUTE
    PLL.c                                    0x00000000   Number         0  pll.o ABSOLUTE
    Power.c                                  0x00000000   Number         0  power.o ABSOLUTE
    Q2Alpha.c                                0x00000000   Number         0  q2alpha.o ABSOLUTE
    Qbasic.c                                 0x00000000   Number         0  qbasic.o ABSOLUTE
    RMS.c                                    0x00000000   Number         0  rms.o ABSOLUTE
    Trips.c                                  0x00000000   Number         0  trips.o ABSOLUTE
    aux_functions.c                          0x00000000   Number         0  aux_functions.o ABSOLUTE
    closedLoopMode.c                         0x00000000   Number         0  closedloopmode.o ABSOLUTE
    configRoutines.c                         0x00000000   Number         0  configroutines.o ABSOLUTE
    conversion.c                             0x00000000   Number         0  conversion.o ABSOLUTE
    conversion.c                             0x00000000   Number         0  conversion.o ABSOLUTE
    current_limiter.c                        0x00000000   Number         0  current_limiter.o ABSOLUTE
    dc.s                                     0x00000000   Number         0  dc.o ABSOLUTE
    faultState.c                             0x00000000   Number         0  faultstate.o ABSOLUTE
    firingTestMode.c                         0x00000000   Number         0  firingtestmode.o ABSOLUTE
    handlers.s                               0x00000000   Number         0  handlers.o ABSOLUTE
    hfMode.c                                 0x00000000   Number         0  hfmode.o ABSOLUTE
    idleState.c                              0x00000000   Number         0  idlestate.o ABSOLUTE
    init.s                                   0x00000000   Number         0  init.o ABSOLUTE
    ios.c                                    0x00000000   Number         0  ios.o ABSOLUTE
    ios.c                                    0x00000000   Number         0  ios.o ABSOLUTE
    main_flow.c                              0x00000000   Number         0  main_flow.o ABSOLUTE
    manualAngleMode.c                        0x00000000   Number         0  manualanglemode.o ABSOLUTE
    manualVarMode.c                          0x00000000   Number         0  manualvarmode.o ABSOLUTE
    modes.c                                  0x00000000   Number         0  modes.o ABSOLUTE
    openLoopMode.c                           0x00000000   Number         0  openloopmode.o ABSOLUTE
    parameter_config.c                       0x00000000   Number         0  parameter_config.o ABSOLUTE
    readyState.c                             0x00000000   Number         0  readystate.o ABSOLUTE
    references.c                             0x00000000   Number         0  references.o ABSOLUTE
    runState.c                               0x00000000   Number         0  runstate.o ABSOLUTE
    startupState.c                           0x00000000   Number         0  startupstate.o ABSOLUTE
    startupState.c                           0x00000000   Number         0  startupstate.o ABSOLUTE
    startup_stm32f767xx.s                    0x00000000   Number         0  startup_stm32f767xx.o ABSOLUTE
    states.c                                 0x00000000   Number         0  states.o ABSOLUTE
    stoppedState.c                           0x00000000   Number         0  stoppedstate.o ABSOLUTE
    trippedState.c                           0x00000000   Number         0  trippedstate.o ABSOLUTE
    voltage_limiter.c                        0x00000000   Number         0  voltage_limiter.o ABSOLUTE
    RESET                                    0x08000000   Section      504  startup_stm32f767xx.o(RESET)
    .ARM.Collect$$$$00000000                 0x080001f8   Section        0  entry.o(.ARM.Collect$$$$00000000)
    .ARM.Collect$$$$00000001                 0x080001f8   Section        4  entry2.o(.ARM.Collect$$$$00000001)
    .ARM.Collect$$$$00000004                 0x080001fc   Section        4  entry5.o(.ARM.Collect$$$$00000004)
    .ARM.Collect$$$$00000008                 0x08000200   Section        0  entry7b.o(.ARM.Collect$$$$00000008)
    .ARM.Collect$$$$0000000A                 0x08000200   Section        0  entry8b.o(.ARM.Collect$$$$0000000A)
    .ARM.Collect$$$$0000000B                 0x08000200   Section        8  entry9a.o(.ARM.Collect$$$$0000000B)
    .ARM.Collect$$$$0000000D                 0x08000208   Section        0  entry10a.o(.ARM.Collect$$$$0000000D)
    .ARM.Collect$$$$0000000F                 0x08000208   Section        0  entry11a.o(.ARM.Collect$$$$0000000F)
    .ARM.Collect$$$$00002712                 0x08000208   Section        4  entry2.o(.ARM.Collect$$$$00002712)
    __lit__00000000                          0x08000208   Data           4  entry2.o(.ARM.Collect$$$$00002712)
    .text                                    0x0800020c   Section       36  startup_stm32f767xx.o(.text)
    $v0                                      0x0800020c   Number         0  startup_stm32f767xx.o(.text)
    .text                                    0x08000230   Section        0  memcpya.o(.text)
    .text                                    0x08000254   Section       36  init.o(.text)
    .text                                    0x08000254   Section        0  iusefp.o(.text)
    i.ADC_Init                               0x08000278   Section        0  stm32f7xx_hal_adc.o(i.ADC_Init)
    ADC_Init                                 0x08000279   Thumb Code   294  stm32f7xx_hal_adc.o(i.ADC_Init)
    i.ADC_MultiModeDMAConvCplt               0x080003ac   Section        0  stm32f7xx_hal_adc_ex.o(i.ADC_MultiModeDMAConvCplt)
    ADC_MultiModeDMAConvCplt                 0x080003ad   Thumb Code    90  stm32f7xx_hal_adc_ex.o(i.ADC_MultiModeDMAConvCplt)
    i.ADC_MultiModeDMAError                  0x08000406   Section        0  stm32f7xx_hal_adc_ex.o(i.ADC_MultiModeDMAError)
    ADC_MultiModeDMAError                    0x08000407   Thumb Code    18  stm32f7xx_hal_adc_ex.o(i.ADC_MultiModeDMAError)
    i.ADC_MultiModeDMAHalfConvCplt           0x08000418   Section        0  stm32f7xx_hal_adc_ex.o(i.ADC_MultiModeDMAHalfConvCplt)
    ADC_MultiModeDMAHalfConvCplt             0x08000419   Thumb Code     6  stm32f7xx_hal_adc_ex.o(i.ADC_MultiModeDMAHalfConvCplt)
    i.BusFault_Handler                       0x0800041e   Section        0  stm32f7xx_it.o(i.BusFault_Handler)
    i.CL_handles                             0x08000420   Section        0  closedloopmode.o(i.CL_handles)
    i.DMA2_Stream0_IRQHandler                0x08000458   Section        0  stm32f7xx_it.o(i.DMA2_Stream0_IRQHandler)
    i.DMA2_Stream1_IRQHandler                0x08000464   Section        0  stm32f7xx_it.o(i.DMA2_Stream1_IRQHandler)
    i.DMA2_Stream2_IRQHandler                0x08000470   Section        0  stm32f7xx_it.o(i.DMA2_Stream2_IRQHandler)
    i.DMA_CalcBaseAndBitshift                0x0800047c   Section        0  stm32f7xx_hal_dma.o(i.DMA_CalcBaseAndBitshift)
    DMA_CalcBaseAndBitshift                  0x0800047d   Thumb Code    34  stm32f7xx_hal_dma.o(i.DMA_CalcBaseAndBitshift)
    i.DMA_CheckFifoParam                     0x080004a4   Section        0  stm32f7xx_hal_dma.o(i.DMA_CheckFifoParam)
    DMA_CheckFifoParam                       0x080004a5   Thumb Code    84  stm32f7xx_hal_dma.o(i.DMA_CheckFifoParam)
    i.DMA_SetConfig                          0x080004f8   Section        0  stm32f7xx_hal_dma.o(i.DMA_SetConfig)
    DMA_SetConfig                            0x080004f9   Thumb Code    40  stm32f7xx_hal_dma.o(i.DMA_SetConfig)
    i.DebugMon_Handler                       0x08000520   Section        0  stm32f7xx_it.o(i.DebugMon_Handler)
    i.HAL_ADCEx_MultiModeConfigChannel       0x08000524   Section        0  stm32f7xx_hal_adc_ex.o(i.HAL_ADCEx_MultiModeConfigChannel)
    i.HAL_ADCEx_MultiModeStart_DMA           0x08000590   Section        0  stm32f7xx_hal_adc_ex.o(i.HAL_ADCEx_MultiModeStart_DMA)
    i.HAL_ADC_ConfigChannel                  0x08000690   Section        0  stm32f7xx_hal_adc.o(i.HAL_ADC_ConfigChannel)
    i.HAL_ADC_ConvCpltCallback               0x080007f4   Section        0  conversion.o(i.HAL_ADC_ConvCpltCallback)
    i.HAL_ADC_ConvHalfCpltCallback           0x080009d8   Section        0  stm32f7xx_hal_adc.o(i.HAL_ADC_ConvHalfCpltCallback)
    i.HAL_ADC_ErrorCallback                  0x080009da   Section        0  stm32f7xx_hal_adc.o(i.HAL_ADC_ErrorCallback)
    i.HAL_ADC_Init                           0x080009dc   Section        0  stm32f7xx_hal_adc.o(i.HAL_ADC_Init)
    i.HAL_ADC_MspInit                        0x08000a30   Section        0  adc.o(i.HAL_ADC_MspInit)
    i.HAL_ADC_Start                          0x08000bb8   Section        0  stm32f7xx_hal_adc.o(i.HAL_ADC_Start)
    i.HAL_DMA_IRQHandler                     0x08000c70   Section        0  stm32f7xx_hal_dma.o(i.HAL_DMA_IRQHandler)
    i.HAL_DMA_Init                           0x08000e18   Section        0  stm32f7xx_hal_dma.o(i.HAL_DMA_Init)
    i.HAL_DMA_Start_IT                       0x08000efc   Section        0  stm32f7xx_hal_dma.o(i.HAL_DMA_Start_IT)
    i.HAL_GPIO_Init                          0x08000f78   Section        0  stm32f7xx_hal_gpio.o(i.HAL_GPIO_Init)
    i.HAL_GPIO_ReadPin                       0x08001150   Section        0  stm32f7xx_hal_gpio.o(i.HAL_GPIO_ReadPin)
    i.HAL_GPIO_TogglePin                     0x0800115a   Section        0  stm32f7xx_hal_gpio.o(i.HAL_GPIO_TogglePin)
    i.HAL_GPIO_WritePin                      0x08001162   Section        0  stm32f7xx_hal_gpio.o(i.HAL_GPIO_WritePin)
    i.HAL_GetTick                            0x0800116c   Section        0  stm32f7xx_hal.o(i.HAL_GetTick)
    i.HAL_IncTick                            0x08001178   Section        0  stm32f7xx_hal.o(i.HAL_IncTick)
    i.HAL_Init                               0x08001188   Section        0  stm32f7xx_hal.o(i.HAL_Init)
    i.HAL_InitTick                           0x080011a0   Section        0  stm32f7xx_hal.o(i.HAL_InitTick)
    i.HAL_MspInit                            0x080011c8   Section        0  stm32f7xx_hal_msp.o(i.HAL_MspInit)
    i.HAL_NVIC_EnableIRQ                     0x08001220   Section        0  stm32f7xx_hal_cortex.o(i.HAL_NVIC_EnableIRQ)
    i.HAL_NVIC_SetPriority                   0x08001238   Section        0  stm32f7xx_hal_cortex.o(i.HAL_NVIC_SetPriority)
    i.HAL_NVIC_SetPriorityGrouping           0x08001278   Section        0  stm32f7xx_hal_cortex.o(i.HAL_NVIC_SetPriorityGrouping)
    i.HAL_PWREx_EnableOverDrive              0x0800129c   Section        0  stm32f7xx_hal_pwr_ex.o(i.HAL_PWREx_EnableOverDrive)
    i.HAL_QSPI_Init                          0x08001308   Section        0  stm32f7xx_hal_qspi.o(i.HAL_QSPI_Init)
    i.HAL_QSPI_MspInit                       0x080013c8   Section        0  quadspi.o(i.HAL_QSPI_MspInit)
    i.HAL_RCCEx_PeriphCLKConfig              0x08001448   Section        0  stm32f7xx_hal_rcc_ex.o(i.HAL_RCCEx_PeriphCLKConfig)
    i.HAL_RCC_ClockConfig                    0x08001984   Section        0  stm32f7xx_hal_rcc.o(i.HAL_RCC_ClockConfig)
    i.HAL_RCC_GetHCLKFreq                    0x08001a98   Section        0  stm32f7xx_hal_rcc.o(i.HAL_RCC_GetHCLKFreq)
    i.HAL_RCC_GetPCLK1Freq                   0x08001aa4   Section        0  stm32f7xx_hal_rcc.o(i.HAL_RCC_GetPCLK1Freq)
    i.HAL_RCC_GetPCLK2Freq                   0x08001ac4   Section        0  stm32f7xx_hal_rcc.o(i.HAL_RCC_GetPCLK2Freq)
    i.HAL_RCC_GetSysClockFreq                0x08001ae4   Section        0  stm32f7xx_hal_rcc.o(i.HAL_RCC_GetSysClockFreq)
    i.HAL_RCC_OscConfig                      0x08001b44   Section        0  stm32f7xx_hal_rcc.o(i.HAL_RCC_OscConfig)
    i.HAL_RTC_Init                           0x08001e80   Section        0  stm32f7xx_hal_rtc.o(i.HAL_RTC_Init)
    i.HAL_RTC_MspInit                        0x08001f20   Section        0  rtc.o(i.HAL_RTC_MspInit)
    i.HAL_SPI_Init                           0x08001f3c   Section        0  stm32f7xx_hal_spi.o(i.HAL_SPI_Init)
    i.HAL_SPI_MspInit                        0x08002000   Section        0  spi.o(i.HAL_SPI_MspInit)
    i.HAL_SYSTICK_CLKSourceConfig            0x08002048   Section        0  stm32f7xx_hal_cortex.o(i.HAL_SYSTICK_CLKSourceConfig)
    i.HAL_SYSTICK_Callback                   0x08002060   Section        0  stm32f7xx_hal_cortex.o(i.HAL_SYSTICK_Callback)
    i.HAL_SYSTICK_Config                     0x08002062   Section        0  stm32f7xx_hal_cortex.o(i.HAL_SYSTICK_Config)
    i.HAL_SYSTICK_IRQHandler                 0x08002088   Section        0  stm32f7xx_hal_cortex.o(i.HAL_SYSTICK_IRQHandler)
    i.HAL_TIMEx_BreakCallback                0x08002090   Section        0  stm32f7xx_hal_tim_ex.o(i.HAL_TIMEx_BreakCallback)
    i.HAL_TIMEx_CommutationCallback          0x08002092   Section        0  stm32f7xx_hal_tim_ex.o(i.HAL_TIMEx_CommutationCallback)
    i.HAL_TIMEx_MasterConfigSynchronization  0x08002094   Section        0  stm32f7xx_hal_tim_ex.o(i.HAL_TIMEx_MasterConfigSynchronization)
    i.HAL_TIM_Base_Init                      0x080020ec   Section        0  stm32f7xx_hal_tim.o(i.HAL_TIM_Base_Init)
    i.HAL_TIM_Base_MspInit                   0x08002124   Section        0  tim.o(i.HAL_TIM_Base_MspInit)
    i.HAL_TIM_Base_Start_IT                  0x0800217c   Section        0  stm32f7xx_hal_tim.o(i.HAL_TIM_Base_Start_IT)
    i.HAL_TIM_ConfigClockSource              0x08002194   Section        0  stm32f7xx_hal_tim.o(i.HAL_TIM_ConfigClockSource)
    i.HAL_TIM_IC_CaptureCallback             0x08002290   Section        0  stm32f7xx_hal_tim.o(i.HAL_TIM_IC_CaptureCallback)
    i.HAL_TIM_IRQHandler                     0x08002292   Section        0  stm32f7xx_hal_tim.o(i.HAL_TIM_IRQHandler)
    i.HAL_TIM_OC_DelayElapsedCallback        0x08002410   Section        0  stm32f7xx_hal_tim.o(i.HAL_TIM_OC_DelayElapsedCallback)
    i.HAL_TIM_PWM_PulseFinishedCallback      0x08002412   Section        0  stm32f7xx_hal_tim.o(i.HAL_TIM_PWM_PulseFinishedCallback)
    i.HAL_TIM_PeriodElapsedCallback          0x08002414   Section        0  stm32f7xx_hal_tim.o(i.HAL_TIM_PeriodElapsedCallback)
    i.HAL_TIM_TriggerCallback                0x08002416   Section        0  stm32f7xx_hal_tim.o(i.HAL_TIM_TriggerCallback)
    i.HAL_UART_Init                          0x08002418   Section        0  stm32f7xx_hal_uart.o(i.HAL_UART_Init)
    i.HAL_UART_MspInit                       0x08002484   Section        0  usart.o(i.HAL_UART_MspInit)
    i.HardFault_Handler                      0x080024cc   Section        0  stm32f7xx_it.o(i.HardFault_Handler)
    i.MX_ADC1_Init                           0x080024d0   Section        0  adc.o(i.MX_ADC1_Init)
    i.MX_ADC2_Init                           0x080025d8   Section        0  adc.o(i.MX_ADC2_Init)
    i.MX_ADC3_Init                           0x080026bc   Section        0  adc.o(i.MX_ADC3_Init)
    i.MX_DMA_Init                            0x080027ac   Section        0  dma.o(i.MX_DMA_Init)
    i.MX_GPIO_Init                           0x080027d8   Section        0  gpio.o(i.MX_GPIO_Init)
    i.MX_QUADSPI_Init                        0x08002a04   Section        0  quadspi.o(i.MX_QUADSPI_Init)
    i.MX_RTC_Init                            0x08002a54   Section        0  rtc.o(i.MX_RTC_Init)
    i.MX_SPI2_Init                           0x08002a9c   Section        0  spi.o(i.MX_SPI2_Init)
    i.MX_TIM1_Init                           0x08002af4   Section        0  tim.o(i.MX_TIM1_Init)
    i.MX_TIM6_Init                           0x08002b70   Section        0  tim.o(i.MX_TIM6_Init)
    i.MX_USART2_UART_Init                    0x08002bc8   Section        0  usart.o(i.MX_USART2_UART_Init)
    i.MemManage_Handler                      0x08002c1c   Section        0  stm32f7xx_it.o(i.MemManage_Handler)
    i.NMI_Handler                            0x08002c1e   Section        0  stm32f7xx_it.o(i.NMI_Handler)
    i.NVIC_SetPriority                       0x08002c20   Section        0  stm32f7xx_hal_cortex.o(i.NVIC_SetPriority)
    NVIC_SetPriority                         0x08002c21   Thumb Code    34  stm32f7xx_hal_cortex.o(i.NVIC_SetPriority)
    i.OL_handles                             0x08002c44   Section        0  openloopmode.o(i.OL_handles)
    i.PI_CL                                  0x08002c98   Section        0  pi.o(i.PI_CL)
    i.PI_OL                                  0x08002dfc   Section        0  pi.o(i.PI_OL)
    i.PLL_all                                0x08002e88   Section        0  pll.o(i.PLL_all)
    i.PLL_theta                              0x08002ed0   Section        0  pll.o(i.PLL_theta)
    i.PendSV_Handler                         0x08003050   Section        0  stm32f7xx_it.o(i.PendSV_Handler)
    i.PowerCalculations                      0x08003054   Section        0  power.o(i.PowerCalculations)
    i.QSPI_WaitFlagStateUntilTimeout         0x0800315c   Section        0  stm32f7xx_hal_qspi.o(i.QSPI_WaitFlagStateUntilTimeout)
    QSPI_WaitFlagStateUntilTimeout           0x0800315d   Thumb Code    72  stm32f7xx_hal_qspi.o(i.QSPI_WaitFlagStateUntilTimeout)
    i.Qbasic_calculation                     0x080031a4   Section        0  qbasic.o(i.Qbasic_calculation)
    i.RMS_all                                0x080032c4   Section        0  rms.o(i.RMS_all)
    i.RTC_EnterInitMode                      0x080032c8   Section        0  stm32f7xx_hal_rtc.o(i.RTC_EnterInitMode)
    i.Ref_CL                                 0x08003304   Section        0  references.o(i.Ref_CL)
    i.Ref_OL                                 0x08003330   Section        0  references.o(i.Ref_OL)
    i.Ref_manualAngle                        0x08003350   Section        0  references.o(i.Ref_manualAngle)
    i.Ref_manualVar                          0x08003370   Section        0  references.o(i.Ref_manualVar)
    i.SVC_Handler                            0x08003390   Section        0  stm32f7xx_it.o(i.SVC_Handler)
    i.SysTick_Handler                        0x08003392   Section        0  stm32f7xx_it.o(i.SysTick_Handler)
    i.SystemClock_Config                     0x080033a0   Section        0  main.o(i.SystemClock_Config)
    i.SystemInit                             0x08003460   Section        0  system_stm32f7xx.o(i.SystemInit)
    i.TIM1_UP_TIM10_IRQHandler               0x080034b4   Section        0  stm32f7xx_it.o(i.TIM1_UP_TIM10_IRQHandler)
    i.TIM_Base_SetConfig                     0x080034c0   Section        0  stm32f7xx_hal_tim.o(i.TIM_Base_SetConfig)
    i.TIM_ETR_SetConfig                      0x0800358c   Section        0  stm32f7xx_hal_tim.o(i.TIM_ETR_SetConfig)
    i.TIM_ITRx_SetConfig                     0x0800359e   Section        0  stm32f7xx_hal_tim.o(i.TIM_ITRx_SetConfig)
    TIM_ITRx_SetConfig                       0x0800359f   Thumb Code    16  stm32f7xx_hal_tim.o(i.TIM_ITRx_SetConfig)
    i.TIM_TI1_ConfigInputStage               0x080035ae   Section        0  stm32f7xx_hal_tim.o(i.TIM_TI1_ConfigInputStage)
    TIM_TI1_ConfigInputStage                 0x080035af   Thumb Code    34  stm32f7xx_hal_tim.o(i.TIM_TI1_ConfigInputStage)
    i.TIM_TI2_ConfigInputStage               0x080035d0   Section        0  stm32f7xx_hal_tim.o(i.TIM_TI2_ConfigInputStage)
    TIM_TI2_ConfigInputStage                 0x080035d1   Thumb Code    36  stm32f7xx_hal_tim.o(i.TIM_TI2_ConfigInputStage)
    i.UART_AdvFeatureConfig                  0x080035f4   Section        0  stm32f7xx_hal_uart.o(i.UART_AdvFeatureConfig)
    i.UART_CheckIdleState                    0x080036bc   Section        0  stm32f7xx_hal_uart.o(i.UART_CheckIdleState)
    i.UART_SetConfig                         0x080036fc   Section        0  stm32f7xx_hal_uart.o(i.UART_SetConfig)
    i.UART_WaitOnFlagUntilTimeout            0x08003954   Section        0  stm32f7xx_hal_uart.o(i.UART_WaitOnFlagUntilTimeout)
    i.UsageFault_Handler                     0x080039b8   Section        0  stm32f7xx_it.o(i.UsageFault_Handler)
    i._Error_Handler                         0x080039ba   Section        0  main.o(i._Error_Handler)
    i.__ARM_fpclassify                       0x080039bc   Section        0  fpclassify.o(i.__ARM_fpclassify)
    i.__hardfp_cos                           0x080039f0   Section        0  cos.o(i.__hardfp_cos)
    i.__hardfp_sin                           0x08003aa0   Section        0  sin.o(i.__hardfp_sin)
    i.__ieee754_rem_pio2                     0x08003b50   Section        0  rred.o(i.__ieee754_rem_pio2)
    i.__kernel_cos                           0x08003e60   Section        0  cos_i.o(i.__kernel_cos)
    i.__kernel_poly                          0x08003f40   Section        0  poly.o(i.__kernel_poly)
    i.__kernel_sin                           0x08003fb0   Section        0  sin_i.o(i.__kernel_sin)
    i.__mathlib_dbl_invalid                  0x08004058   Section        0  dunder.o(i.__mathlib_dbl_invalid)
    i.__mathlib_dbl_underflow                0x08004070   Section        0  dunder.o(i.__mathlib_dbl_underflow)
    i.__scatterload_copy                     0x08004088   Section       14  handlers.o(i.__scatterload_copy)
    i.__scatterload_null                     0x08004096   Section        2  handlers.o(i.__scatterload_null)
    i.__scatterload_zeroinit                 0x08004098   Section       14  handlers.o(i.__scatterload_zeroinit)
    i.__set_errno                            0x080040a8   Section        0  errno.o(i.__set_errno)
    i.closedLoopMode                         0x080040b4   Section        0  closedloopmode.o(i.closedLoopMode)
    i.fabs                                   0x080040c6   Section        0  fabs.o(i.fabs)
    i.faultRoutines                          0x080040e0   Section        0  faults.o(i.faultRoutines)
    i.faultState                             0x08004174   Section        0  faultstate.o(i.faultState)
    i.firingTestMode                         0x080041ac   Section        0  firingtestmode.o(i.firingTestMode)
    i.idleState                              0x080041b0   Section        0  idlestate.o(i.idleState)
    i.ios                                    0x08004214   Section        0  ios.o(i.ios)
    i.main                                   0x08004454   Section        0  main.o(i.main)
    i.main_flow                              0x080044f0   Section        0  main_flow.o(i.main_flow)
    i.manualAngleMode                        0x0800451a   Section        0  manualanglemode.o(i.manualAngleMode)
    i.manualVarMode                          0x08004528   Section        0  manualvarmode.o(i.manualVarMode)
    i.manual_handles                         0x08004538   Section        0  manualvarmode.o(i.manual_handles)
    i.minSelector_3p                         0x08004590   Section        0  aux_functions.o(i.minSelector_3p)
    i.mode_chart                             0x080045b0   Section        0  modes.o(i.mode_chart)
    i.off_delay                              0x080045c0   Section        0  aux_functions.o(i.off_delay)
    i.on_delay                               0x080045ea   Section        0  aux_functions.o(i.on_delay)
    i.openLoopMode                           0x08004614   Section        0  openloopmode.o(i.openLoopMode)
    i.readyState                             0x08004628   Section        0  readystate.o(i.readyState)
    i.runState                               0x08004680   Section        0  runstate.o(i.runState)
    i.startupState                           0x0800471c   Section        0  startupstate.o(i.startupState)
    i.state_chart                            0x08004798   Section        0  states.o(i.state_chart)
    i.stoppedState                           0x080047a8   Section        0  stoppedstate.o(i.stoppedState)
    i.tripRoutines                           0x080047ec   Section        0  trips.o(i.tripRoutines)
    i.trippedState                           0x08004840   Section        0  trippedstate.o(i.trippedState)
    .constdata                               0x08004878   Section       16  system_stm32f7xx.o(.constdata)
    .constdata                               0x08004888   Section        8  system_stm32f7xx.o(.constdata)
    .constdata                               0x08004890   Section        8  stm32f7xx_hal_dma.o(.constdata)
    flagBitshiftOffset                       0x08004890   Data           8  stm32f7xx_hal_dma.o(.constdata)
    .constdata                               0x08004898   Section       48  cos_i.o(.constdata)
    C                                        0x08004898   Data          48  cos_i.o(.constdata)
    .constdata                               0x080048c8   Section      200  rred.o(.constdata)
    pio2s                                    0x080048c8   Data          48  rred.o(.constdata)
    twooverpi                                0x080048f8   Data         152  rred.o(.constdata)
    .constdata                               0x08004990   Section       40  sin_i.o(.constdata)
    S                                        0x08004990   Data          40  sin_i.o(.constdata)
    .data                                    0x20000000   Section        4  system_stm32f7xx.o(.data)
    .data                                    0x20000004   Section        4  stm32f7xx_hal.o(.data)
    .data                                    0x20000008   Section        8  trips.o(.data)
    .data                                    0x20000010   Section       24  references.o(.data)
    .data                                    0x20000028   Section        1  conversion.o(.data)
    .data                                    0x20000029   Section        1  states.o(.data)
    .data                                    0x2000002c   Section       32  states.o(.data)
    .data                                    0x2000004c   Section        8  startupstate.o(.data)
    blinkCounter                             0x2000004c   Data           2  startupstate.o(.data)
    timeOutCounter                           0x20000050   Data           4  startupstate.o(.data)
    .data                                    0x20000054   Section        4  runstate.o(.data)
    regulationCounter                        0x20000054   Data           4  runstate.o(.data)
    .data                                    0x20000058   Section        8  idlestate.o(.data)
    idleFlag                                 0x20000058   Data           1  idlestate.o(.data)
    counter                                  0x2000005c   Data           4  idlestate.o(.data)
    .data                                    0x20000060   Section        4  stoppedstate.o(.data)
    timeOutCounter                           0x20000060   Data           4  stoppedstate.o(.data)
    .data                                    0x20000064   Section       24  modes.o(.data)
    .data                                    0x2000007c   Section        8  ios.o(.data)
    .data                                    0x20000084   Section        4  errno.o(.data)
    _errno                                   0x20000084   Data           4  errno.o(.data)
    .bss                                     0x20000088   Section      504  adc.o(.bss)
    .bss                                     0x20000280   Section      128  tim.o(.bss)
    .bss                                     0x20000300   Section      112  usart.o(.bss)
    .bss                                     0x20000370   Section       76  quadspi.o(.bss)
    .bss                                     0x200003bc   Section      100  spi.o(.bss)
    .bss                                     0x20000420   Section       32  rtc.o(.bss)
    .bss                                     0x20000440   Section       12  faults.o(.bss)
    .bss                                     0x2000044c   Section       96  pll.o(.bss)
    .bss                                     0x200004ac   Section      116  pi.o(.bss)
    .bss                                     0x20000520   Section      360  conversion.o(.bss)
    .bss                                     0x20000688   Section       12  rms.o(.bss)
    .bss                                     0x20000694   Section       52  qbasic.o(.bss)
    .bss                                     0x200006c8   Section       44  power.o(.bss)
    STACK                                    0x200006f8   Section     1024  startup_stm32f767xx.o(STACK)

    Global Symbols

    Symbol Name                              Value     Ov Type        Size  Object(Section)

    BuildAttributes$$THM_ISAv4$E$P$D$K$B$S$7EM$VFPv5_D16$PE$PLD8$A:L22UL41UL21$X:L11$S22US41US21$IEEE1$IW$USESV6$~STKCKD$USESV7$~SHL$OTIME$ROPI$IEEEX$EBA8$MICROLIB$REQ8$PRES8$EABIv2 0x00000000   Number         0  anon$$obj.o ABSOLUTE
    __ARM_use_no_argv                        0x00000000   Number         0  main.o ABSOLUTE
    __cpp_initialize__aeabi_                  - Undefined Weak Reference
    __cxa_finalize                            - Undefined Weak Reference
    __decompress                              - Undefined Weak Reference
    _clock_init                               - Undefined Weak Reference
    _microlib_exit                            - Undefined Weak Reference
    __Vectors_Size                           0x000001f8   Number         0  startup_stm32f767xx.o ABSOLUTE
    __Vectors                                0x08000000   Data           4  startup_stm32f767xx.o(RESET)
    __Vectors_End                            0x080001f8   Data           0  startup_stm32f767xx.o(RESET)
    __main                                   0x080001f9   Thumb Code     0  entry.o(.ARM.Collect$$$$00000000)
    _main_stk                                0x080001f9   Thumb Code     0  entry2.o(.ARM.Collect$$$$00000001)
    _main_scatterload                        0x080001fd   Thumb Code     0  entry5.o(.ARM.Collect$$$$00000004)
    __main_after_scatterload                 0x08000201   Thumb Code     0  entry5.o(.ARM.Collect$$$$00000004)
    _main_clock                              0x08000201   Thumb Code     0  entry7b.o(.ARM.Collect$$$$00000008)
    _main_cpp_init                           0x08000201   Thumb Code     0  entry8b.o(.ARM.Collect$$$$0000000A)
    _main_init                               0x08000201   Thumb Code     0  entry9a.o(.ARM.Collect$$$$0000000B)
    __rt_final_cpp                           0x08000209   Thumb Code     0  entry10a.o(.ARM.Collect$$$$0000000D)
    __rt_final_exit                          0x08000209   Thumb Code     0  entry11a.o(.ARM.Collect$$$$0000000F)
    Reset_Handler                            0x0800020d   Thumb Code     8  startup_stm32f767xx.o(.text)
    ADC_IRQHandler                           0x08000227   Thumb Code     0  startup_stm32f767xx.o(.text)
    CAN1_RX0_IRQHandler                      0x08000227   Thumb Code     0  startup_stm32f767xx.o(.text)
    CAN1_RX1_IRQHandler                      0x08000227   Thumb Code     0  startup_stm32f767xx.o(.text)
    CAN1_SCE_IRQHandler                      0x08000227   Thumb Code     0  startup_stm32f767xx.o(.text)
    CAN1_TX_IRQHandler                       0x08000227   Thumb Code     0  startup_stm32f767xx.o(.text)
    CAN2_RX0_IRQHandler                      0x08000227   Thumb Code     0  startup_stm32f767xx.o(.text)
    CAN2_RX1_IRQHandler                      0x08000227   Thumb Code     0  startup_stm32f767xx.o(.text)
    CAN2_SCE_IRQHandler                      0x08000227   Thumb Code     0  startup_stm32f767xx.o(.text)
    CAN2_TX_IRQHandler                       0x08000227   Thumb Code     0  startup_stm32f767xx.o(.text)
    CAN3_RX0_IRQHandler                      0x08000227   Thumb Code     0  startup_stm32f767xx.o(.text)
    CAN3_RX1_IRQHandler                      0x08000227   Thumb Code     0  startup_stm32f767xx.o(.text)
    CAN3_SCE_IRQHandler                      0x08000227   Thumb Code     0  startup_stm32f767xx.o(.text)
    CAN3_TX_IRQHandler                       0x08000227   Thumb Code     0  startup_stm32f767xx.o(.text)
    CEC_IRQHandler                           0x08000227   Thumb Code     0  startup_stm32f767xx.o(.text)
    DCMI_IRQHandler                          0x08000227   Thumb Code     0  startup_stm32f767xx.o(.text)
    DFSDM1_FLT0_IRQHandler                   0x08000227   Thumb Code     0  startup_stm32f767xx.o(.text)
    DFSDM1_FLT1_IRQHandler                   0x08000227   Thumb Code     0  startup_stm32f767xx.o(.text)
    DFSDM1_FLT2_IRQHandler                   0x08000227   Thumb Code     0  startup_stm32f767xx.o(.text)
    DFSDM1_FLT3_IRQHandler                   0x08000227   Thumb Code     0  startup_stm32f767xx.o(.text)
    DMA1_Stream0_IRQHandler                  0x08000227   Thumb Code     0  startup_stm32f767xx.o(.text)
    DMA1_Stream1_IRQHandler                  0x08000227   Thumb Code     0  startup_stm32f767xx.o(.text)
    DMA1_Stream2_IRQHandler                  0x08000227   Thumb Code     0  startup_stm32f767xx.o(.text)
    DMA1_Stream3_IRQHandler                  0x08000227   Thumb Code     0  startup_stm32f767xx.o(.text)
    DMA1_Stream4_IRQHandler                  0x08000227   Thumb Code     0  startup_stm32f767xx.o(.text)
    DMA1_Stream5_IRQHandler                  0x08000227   Thumb Code     0  startup_stm32f767xx.o(.text)
    DMA1_Stream6_IRQHandler                  0x08000227   Thumb Code     0  startup_stm32f767xx.o(.text)
    DMA1_Stream7_IRQHandler                  0x08000227   Thumb Code     0  startup_stm32f767xx.o(.text)
    DMA2D_IRQHandler                         0x08000227   Thumb Code     0  startup_stm32f767xx.o(.text)
    DMA2_Stream3_IRQHandler                  0x08000227   Thumb Code     0  startup_stm32f767xx.o(.text)
    DMA2_Stream4_IRQHandler                  0x08000227   Thumb Code     0  startup_stm32f767xx.o(.text)
    DMA2_Stream5_IRQHandler                  0x08000227   Thumb Code     0  startup_stm32f767xx.o(.text)
    DMA2_Stream6_IRQHandler                  0x08000227   Thumb Code     0  startup_stm32f767xx.o(.text)
    DMA2_Stream7_IRQHandler                  0x08000227   Thumb Code     0  startup_stm32f767xx.o(.text)
    ETH_IRQHandler                           0x08000227   Thumb Code     0  startup_stm32f767xx.o(.text)
    ETH_WKUP_IRQHandler                      0x08000227   Thumb Code     0  startup_stm32f767xx.o(.text)
    EXTI0_IRQHandler                         0x08000227   Thumb Code     0  startup_stm32f767xx.o(.text)
    EXTI15_10_IRQHandler                     0x08000227   Thumb Code     0  startup_stm32f767xx.o(.text)
    EXTI1_IRQHandler                         0x08000227   Thumb Code     0  startup_stm32f767xx.o(.text)
    EXTI2_IRQHandler                         0x08000227   Thumb Code     0  startup_stm32f767xx.o(.text)
    EXTI3_IRQHandler                         0x08000227   Thumb Code     0  startup_stm32f767xx.o(.text)
    EXTI4_IRQHandler                         0x08000227   Thumb Code     0  startup_stm32f767xx.o(.text)
    EXTI9_5_IRQHandler                       0x08000227   Thumb Code     0  startup_stm32f767xx.o(.text)
    FLASH_IRQHandler                         0x08000227   Thumb Code     0  startup_stm32f767xx.o(.text)
    FMC_IRQHandler                           0x08000227   Thumb Code     0  startup_stm32f767xx.o(.text)
    FPU_IRQHandler                           0x08000227   Thumb Code     0  startup_stm32f767xx.o(.text)
    I2C1_ER_IRQHandler                       0x08000227   Thumb Code     0  startup_stm32f767xx.o(.text)
    I2C1_EV_IRQHandler                       0x08000227   Thumb Code     0  startup_stm32f767xx.o(.text)
    I2C2_ER_IRQHandler                       0x08000227   Thumb Code     0  startup_stm32f767xx.o(.text)
    I2C2_EV_IRQHandler                       0x08000227   Thumb Code     0  startup_stm32f767xx.o(.text)
    I2C3_ER_IRQHandler                       0x08000227   Thumb Code     0  startup_stm32f767xx.o(.text)
    I2C3_EV_IRQHandler                       0x08000227   Thumb Code     0  startup_stm32f767xx.o(.text)
    I2C4_ER_IRQHandler                       0x08000227   Thumb Code     0  startup_stm32f767xx.o(.text)
    I2C4_EV_IRQHandler                       0x08000227   Thumb Code     0  startup_stm32f767xx.o(.text)
    JPEG_IRQHandler                          0x08000227   Thumb Code     0  startup_stm32f767xx.o(.text)
    LPTIM1_IRQHandler                        0x08000227   Thumb Code     0  startup_stm32f767xx.o(.text)
    LTDC_ER_IRQHandler                       0x08000227   Thumb Code     0  startup_stm32f767xx.o(.text)
    LTDC_IRQHandler                          0x08000227   Thumb Code     0  startup_stm32f767xx.o(.text)
    MDIOS_IRQHandler                         0x08000227   Thumb Code     0  startup_stm32f767xx.o(.text)
    OTG_FS_IRQHandler                        0x08000227   Thumb Code     0  startup_stm32f767xx.o(.text)
    OTG_FS_WKUP_IRQHandler                   0x08000227   Thumb Code     0  startup_stm32f767xx.o(.text)
    OTG_HS_EP1_IN_IRQHandler                 0x08000227   Thumb Code     0  startup_stm32f767xx.o(.text)
    OTG_HS_EP1_OUT_IRQHandler                0x08000227   Thumb Code     0  startup_stm32f767xx.o(.text)
    OTG_HS_IRQHandler                        0x08000227   Thumb Code     0  startup_stm32f767xx.o(.text)
    OTG_HS_WKUP_IRQHandler                   0x08000227   Thumb Code     0  startup_stm32f767xx.o(.text)
    PVD_IRQHandler                           0x08000227   Thumb Code     0  startup_stm32f767xx.o(.text)
    QUADSPI_IRQHandler                       0x08000227   Thumb Code     0  startup_stm32f767xx.o(.text)
    RCC_IRQHandler                           0x08000227   Thumb Code     0  startup_stm32f767xx.o(.text)
    RNG_IRQHandler                           0x08000227   Thumb Code     0  startup_stm32f767xx.o(.text)
    RTC_Alarm_IRQHandler                     0x08000227   Thumb Code     0  startup_stm32f767xx.o(.text)
    RTC_WKUP_IRQHandler                      0x08000227   Thumb Code     0  startup_stm32f767xx.o(.text)
    SAI1_IRQHandler                          0x08000227   Thumb Code     0  startup_stm32f767xx.o(.text)
    SAI2_IRQHandler                          0x08000227   Thumb Code     0  startup_stm32f767xx.o(.text)
    SDMMC1_IRQHandler                        0x08000227   Thumb Code     0  startup_stm32f767xx.o(.text)
    SDMMC2_IRQHandler                        0x08000227   Thumb Code     0  startup_stm32f767xx.o(.text)
    SPDIF_RX_IRQHandler                      0x08000227   Thumb Code     0  startup_stm32f767xx.o(.text)
    SPI1_IRQHandler                          0x08000227   Thumb Code     0  startup_stm32f767xx.o(.text)
    SPI2_IRQHandler                          0x08000227   Thumb Code     0  startup_stm32f767xx.o(.text)
    SPI3_IRQHandler                          0x08000227   Thumb Code     0  startup_stm32f767xx.o(.text)
    SPI4_IRQHandler                          0x08000227   Thumb Code     0  startup_stm32f767xx.o(.text)
    SPI5_IRQHandler                          0x08000227   Thumb Code     0  startup_stm32f767xx.o(.text)
    SPI6_IRQHandler                          0x08000227   Thumb Code     0  startup_stm32f767xx.o(.text)
    TAMP_STAMP_IRQHandler                    0x08000227   Thumb Code     0  startup_stm32f767xx.o(.text)
    TIM1_BRK_TIM9_IRQHandler                 0x08000227   Thumb Code     0  startup_stm32f767xx.o(.text)
    TIM1_CC_IRQHandler                       0x08000227   Thumb Code     0  startup_stm32f767xx.o(.text)
    TIM1_TRG_COM_TIM11_IRQHandler            0x08000227   Thumb Code     0  startup_stm32f767xx.o(.text)
    TIM2_IRQHandler                          0x08000227   Thumb Code     0  startup_stm32f767xx.o(.text)
    TIM3_IRQHandler                          0x08000227   Thumb Code     0  startup_stm32f767xx.o(.text)
    TIM4_IRQHandler                          0x08000227   Thumb Code     0  startup_stm32f767xx.o(.text)
    TIM5_IRQHandler                          0x08000227   Thumb Code     0  startup_stm32f767xx.o(.text)
    TIM6_DAC_IRQHandler                      0x08000227   Thumb Code     0  startup_stm32f767xx.o(.text)
    TIM7_IRQHandler                          0x08000227   Thumb Code     0  startup_stm32f767xx.o(.text)
    TIM8_BRK_TIM12_IRQHandler                0x08000227   Thumb Code     0  startup_stm32f767xx.o(.text)
    TIM8_CC_IRQHandler                       0x08000227   Thumb Code     0  startup_stm32f767xx.o(.text)
    TIM8_TRG_COM_TIM14_IRQHandler            0x08000227   Thumb Code     0  startup_stm32f767xx.o(.text)
    TIM8_UP_TIM13_IRQHandler                 0x08000227   Thumb Code     0  startup_stm32f767xx.o(.text)
    UART4_IRQHandler                         0x08000227   Thumb Code     0  startup_stm32f767xx.o(.text)
    UART5_IRQHandler                         0x08000227   Thumb Code     0  startup_stm32f767xx.o(.text)
    UART7_IRQHandler                         0x08000227   Thumb Code     0  startup_stm32f767xx.o(.text)
    UART8_IRQHandler                         0x08000227   Thumb Code     0  startup_stm32f767xx.o(.text)
    USART1_IRQHandler                        0x08000227   Thumb Code     0  startup_stm32f767xx.o(.text)
    USART2_IRQHandler                        0x08000227   Thumb Code     0  startup_stm32f767xx.o(.text)
    USART3_IRQHandler                        0x08000227   Thumb Code     0  startup_stm32f767xx.o(.text)
    USART6_IRQHandler                        0x08000227   Thumb Code     0  startup_stm32f767xx.o(.text)
    WWDG_IRQHandler                          0x08000227   Thumb Code     0  startup_stm32f767xx.o(.text)
    __aeabi_memcpy                           0x08000231   Thumb Code    36  memcpya.o(.text)
    __aeabi_memcpy4                          0x08000231   Thumb Code     0  memcpya.o(.text)
    __aeabi_memcpy8                          0x08000231   Thumb Code     0  memcpya.o(.text)
    __I$use$fp                               0x08000255   Thumb Code     0  iusefp.o(.text)
    __scatterload                            0x08000255   Thumb Code    28  init.o(.text)
    __scatterload_rt2                        0x08000255   Thumb Code     0  init.o(.text)
    BusFault_Handler                         0x0800041f   Thumb Code     2  stm32f7xx_it.o(i.BusFault_Handler)
    CL_handles                               0x08000421   Thumb Code    44  closedloopmode.o(i.CL_handles)
    DMA2_Stream0_IRQHandler                  0x08000459   Thumb Code     6  stm32f7xx_it.o(i.DMA2_Stream0_IRQHandler)
    DMA2_Stream1_IRQHandler                  0x08000465   Thumb Code     6  stm32f7xx_it.o(i.DMA2_Stream1_IRQHandler)
    DMA2_Stream2_IRQHandler                  0x08000471   Thumb Code     6  stm32f7xx_it.o(i.DMA2_Stream2_IRQHandler)
    DebugMon_Handler                         0x08000521   Thumb Code     2  stm32f7xx_it.o(i.DebugMon_Handler)
    HAL_ADCEx_MultiModeConfigChannel         0x08000525   Thumb Code   102  stm32f7xx_hal_adc_ex.o(i.HAL_ADCEx_MultiModeConfigChannel)
    HAL_ADCEx_MultiModeStart_DMA             0x08000591   Thumb Code   226  stm32f7xx_hal_adc_ex.o(i.HAL_ADCEx_MultiModeStart_DMA)
    HAL_ADC_ConfigChannel                    0x08000691   Thumb Code   338  stm32f7xx_hal_adc.o(i.HAL_ADC_ConfigChannel)
    HAL_ADC_ConvCpltCallback                 0x080007f5   Thumb Code   472  conversion.o(i.HAL_ADC_ConvCpltCallback)
    HAL_ADC_ConvHalfCpltCallback             0x080009d9   Thumb Code     2  stm32f7xx_hal_adc.o(i.HAL_ADC_ConvHalfCpltCallback)
    HAL_ADC_ErrorCallback                    0x080009db   Thumb Code     2  stm32f7xx_hal_adc.o(i.HAL_ADC_ErrorCallback)
    HAL_ADC_Init                             0x080009dd   Thumb Code    84  stm32f7xx_hal_adc.o(i.HAL_ADC_Init)
    HAL_ADC_MspInit                          0x08000a31   Thumb Code   340  adc.o(i.HAL_ADC_MspInit)
    HAL_ADC_Start                            0x08000bb9   Thumb Code   170  stm32f7xx_hal_adc.o(i.HAL_ADC_Start)
    HAL_DMA_IRQHandler                       0x08000c71   Thumb Code   414  stm32f7xx_hal_dma.o(i.HAL_DMA_IRQHandler)
    HAL_DMA_Init                             0x08000e19   Thumb Code   222  stm32f7xx_hal_dma.o(i.HAL_DMA_Init)
    HAL_DMA_Start_IT                         0x08000efd   Thumb Code   122  stm32f7xx_hal_dma.o(i.HAL_DMA_Start_IT)
    HAL_GPIO_Init                            0x08000f79   Thumb Code   418  stm32f7xx_hal_gpio.o(i.HAL_GPIO_Init)
    HAL_GPIO_ReadPin                         0x08001151   Thumb Code    10  stm32f7xx_hal_gpio.o(i.HAL_GPIO_ReadPin)
    HAL_GPIO_TogglePin                       0x0800115b   Thumb Code     8  stm32f7xx_hal_gpio.o(i.HAL_GPIO_TogglePin)
    HAL_GPIO_WritePin                        0x08001163   Thumb Code    10  stm32f7xx_hal_gpio.o(i.HAL_GPIO_WritePin)
    HAL_GetTick                              0x0800116d   Thumb Code     6  stm32f7xx_hal.o(i.HAL_GetTick)
    HAL_IncTick                              0x08001179   Thumb Code    10  stm32f7xx_hal.o(i.HAL_IncTick)
    HAL_Init                                 0x08001189   Thumb Code    22  stm32f7xx_hal.o(i.HAL_Init)
    HAL_InitTick                             0x080011a1   Thumb Code    34  stm32f7xx_hal.o(i.HAL_InitTick)
    HAL_MspInit                              0x080011c9   Thumb Code    88  stm32f7xx_hal_msp.o(i.HAL_MspInit)
    HAL_NVIC_EnableIRQ                       0x08001221   Thumb Code    22  stm32f7xx_hal_cortex.o(i.HAL_NVIC_EnableIRQ)
    HAL_NVIC_SetPriority                     0x08001239   Thumb Code    60  stm32f7xx_hal_cortex.o(i.HAL_NVIC_SetPriority)
    HAL_NVIC_SetPriorityGrouping             0x08001279   Thumb Code    28  stm32f7xx_hal_cortex.o(i.HAL_NVIC_SetPriorityGrouping)
    HAL_PWREx_EnableOverDrive                0x0800129d   Thumb Code   100  stm32f7xx_hal_pwr_ex.o(i.HAL_PWREx_EnableOverDrive)
    HAL_QSPI_Init                            0x08001309   Thumb Code   184  stm32f7xx_hal_qspi.o(i.HAL_QSPI_Init)
    HAL_QSPI_MspInit                         0x080013c9   Thumb Code   110  quadspi.o(i.HAL_QSPI_MspInit)
    HAL_RCCEx_PeriphCLKConfig                0x08001449   Thumb Code  1336  stm32f7xx_hal_rcc_ex.o(i.HAL_RCCEx_PeriphCLKConfig)
    HAL_RCC_ClockConfig                      0x08001985   Thumb Code   258  stm32f7xx_hal_rcc.o(i.HAL_RCC_ClockConfig)
    HAL_RCC_GetHCLKFreq                      0x08001a99   Thumb Code     6  stm32f7xx_hal_rcc.o(i.HAL_RCC_GetHCLKFreq)
    HAL_RCC_GetPCLK1Freq                     0x08001aa5   Thumb Code    20  stm32f7xx_hal_rcc.o(i.HAL_RCC_GetPCLK1Freq)
    HAL_RCC_GetPCLK2Freq                     0x08001ac5   Thumb Code    20  stm32f7xx_hal_rcc.o(i.HAL_RCC_GetPCLK2Freq)
    HAL_RCC_GetSysClockFreq                  0x08001ae5   Thumb Code    84  stm32f7xx_hal_rcc.o(i.HAL_RCC_GetSysClockFreq)
    HAL_RCC_OscConfig                        0x08001b45   Thumb Code   814  stm32f7xx_hal_rcc.o(i.HAL_RCC_OscConfig)
    HAL_RTC_Init                             0x08001e81   Thumb Code   156  stm32f7xx_hal_rtc.o(i.HAL_RTC_Init)
    HAL_RTC_MspInit                          0x08001f21   Thumb Code    20  rtc.o(i.HAL_RTC_MspInit)
    HAL_SPI_Init                             0x08001f3d   Thumb Code   196  stm32f7xx_hal_spi.o(i.HAL_SPI_Init)
    HAL_SPI_MspInit                          0x08002001   Thumb Code    58  spi.o(i.HAL_SPI_MspInit)
    HAL_SYSTICK_CLKSourceConfig              0x08002049   Thumb Code    24  stm32f7xx_hal_cortex.o(i.HAL_SYSTICK_CLKSourceConfig)
    HAL_SYSTICK_Callback                     0x08002061   Thumb Code     2  stm32f7xx_hal_cortex.o(i.HAL_SYSTICK_Callback)
    HAL_SYSTICK_Config                       0x08002063   Thumb Code    38  stm32f7xx_hal_cortex.o(i.HAL_SYSTICK_Config)
    HAL_SYSTICK_IRQHandler                   0x08002089   Thumb Code     8  stm32f7xx_hal_cortex.o(i.HAL_SYSTICK_IRQHandler)
    HAL_TIMEx_BreakCallback                  0x08002091   Thumb Code     2  stm32f7xx_hal_tim_ex.o(i.HAL_TIMEx_BreakCallback)
    HAL_TIMEx_CommutationCallback            0x08002093   Thumb Code     2  stm32f7xx_hal_tim_ex.o(i.HAL_TIMEx_CommutationCallback)
    HAL_TIMEx_MasterConfigSynchronization    0x08002095   Thumb Code    78  stm32f7xx_hal_tim_ex.o(i.HAL_TIMEx_MasterConfigSynchronization)
    HAL_TIM_Base_Init                        0x080020ed   Thumb Code    54  stm32f7xx_hal_tim.o(i.HAL_TIM_Base_Init)
    HAL_TIM_Base_MspInit                     0x08002125   Thumb Code    76  tim.o(i.HAL_TIM_Base_MspInit)
    HAL_TIM_Base_Start_IT                    0x0800217d   Thumb Code    24  stm32f7xx_hal_tim.o(i.HAL_TIM_Base_Start_IT)
    HAL_TIM_ConfigClockSource                0x08002195   Thumb Code   246  stm32f7xx_hal_tim.o(i.HAL_TIM_ConfigClockSource)
    HAL_TIM_IC_CaptureCallback               0x08002291   Thumb Code     2  stm32f7xx_hal_tim.o(i.HAL_TIM_IC_CaptureCallback)
    HAL_TIM_IRQHandler                       0x08002293   Thumb Code   382  stm32f7xx_hal_tim.o(i.HAL_TIM_IRQHandler)
    HAL_TIM_OC_DelayElapsedCallback          0x08002411   Thumb Code     2  stm32f7xx_hal_tim.o(i.HAL_TIM_OC_DelayElapsedCallback)
    HAL_TIM_PWM_PulseFinishedCallback        0x08002413   Thumb Code     2  stm32f7xx_hal_tim.o(i.HAL_TIM_PWM_PulseFinishedCallback)
    HAL_TIM_PeriodElapsedCallback            0x08002415   Thumb Code     2  stm32f7xx_hal_tim.o(i.HAL_TIM_PeriodElapsedCallback)
    HAL_TIM_TriggerCallback                  0x08002417   Thumb Code     2  stm32f7xx_hal_tim.o(i.HAL_TIM_TriggerCallback)
    HAL_UART_Init                            0x08002419   Thumb Code   106  stm32f7xx_hal_uart.o(i.HAL_UART_Init)
    HAL_UART_MspInit                         0x08002485   Thumb Code    60  usart.o(i.HAL_UART_MspInit)
    HardFault_Handler                        0x080024cd   Thumb Code     2  stm32f7xx_it.o(i.HardFault_Handler)
    MX_ADC1_Init                             0x080024d1   Thumb Code   240  adc.o(i.MX_ADC1_Init)
    MX_ADC2_Init                             0x080025d9   Thumb Code   204  adc.o(i.MX_ADC2_Init)
    MX_ADC3_Init                             0x080026bd   Thumb Code   214  adc.o(i.MX_ADC3_Init)
    MX_DMA_Init                              0x080027ad   Thumb Code    40  dma.o(i.MX_DMA_Init)
    MX_GPIO_Init                             0x080027d9   Thumb Code   522  gpio.o(i.MX_GPIO_Init)
    MX_QUADSPI_Init                          0x08002a05   Thumb Code    52  quadspi.o(i.MX_QUADSPI_Init)
    MX_RTC_Init                              0x08002a55   Thumb Code    48  rtc.o(i.MX_RTC_Init)
    MX_SPI2_Init                             0x08002a9d   Thumb Code    62  spi.o(i.MX_SPI2_Init)
    MX_TIM1_Init                             0x08002af5   Thumb Code    98  tim.o(i.MX_TIM1_Init)
    MX_TIM6_Init                             0x08002b71   Thumb Code    62  tim.o(i.MX_TIM6_Init)
    MX_USART2_UART_Init                      0x08002bc9   Thumb Code    58  usart.o(i.MX_USART2_UART_Init)
    MemManage_Handler                        0x08002c1d   Thumb Code     2  stm32f7xx_it.o(i.MemManage_Handler)
    NMI_Handler                              0x08002c1f   Thumb Code     2  stm32f7xx_it.o(i.NMI_Handler)
    OL_handles                               0x08002c45   Thumb Code    64  openloopmode.o(i.OL_handles)
    PI_CL                                    0x08002c99   Thumb Code   350  pi.o(i.PI_CL)
    PI_OL                                    0x08002dfd   Thumb Code   134  pi.o(i.PI_OL)
    PLL_all                                  0x08002e89   Thumb Code    62  pll.o(i.PLL_all)
    PLL_theta                                0x08002ed1   Thumb Code   332  pll.o(i.PLL_theta)
    PendSV_Handler                           0x08003051   Thumb Code     2  stm32f7xx_it.o(i.PendSV_Handler)
    PowerCalculations                        0x08003055   Thumb Code   242  power.o(i.PowerCalculations)
    Qbasic_calculation                       0x080031a5   Thumb Code   276  qbasic.o(i.Qbasic_calculation)
    RMS_all                                  0x080032c5   Thumb Code     2  rms.o(i.RMS_all)
    RTC_EnterInitMode                        0x080032c9   Thumb Code    58  stm32f7xx_hal_rtc.o(i.RTC_EnterInitMode)
    Ref_CL                                   0x08003305   Thumb Code    36  references.o(i.Ref_CL)
    Ref_OL                                   0x08003331   Thumb Code    24  references.o(i.Ref_OL)
    Ref_manualAngle                          0x08003351   Thumb Code    24  references.o(i.Ref_manualAngle)
    Ref_manualVar                            0x08003371   Thumb Code    24  references.o(i.Ref_manualVar)
    SVC_Handler                              0x08003391   Thumb Code     2  stm32f7xx_it.o(i.SVC_Handler)
    SysTick_Handler                          0x08003393   Thumb Code    14  stm32f7xx_it.o(i.SysTick_Handler)
    SystemClock_Config                       0x080033a1   Thumb Code   184  main.o(i.SystemClock_Config)
    SystemInit                               0x08003461   Thumb Code    68  system_stm32f7xx.o(i.SystemInit)
    TIM1_UP_TIM10_IRQHandler                 0x080034b5   Thumb Code     6  stm32f7xx_it.o(i.TIM1_UP_TIM10_IRQHandler)
    TIM_Base_SetConfig                       0x080034c1   Thumb Code   158  stm32f7xx_hal_tim.o(i.TIM_Base_SetConfig)
    TIM_ETR_SetConfig                        0x0800358d   Thumb Code    18  stm32f7xx_hal_tim.o(i.TIM_ETR_SetConfig)
    UART_AdvFeatureConfig                    0x080035f5   Thumb Code   200  stm32f7xx_hal_uart.o(i.UART_AdvFeatureConfig)
    UART_CheckIdleState                      0x080036bd   Thumb Code    64  stm32f7xx_hal_uart.o(i.UART_CheckIdleState)
    UART_SetConfig                           0x080036fd   Thumb Code   550  stm32f7xx_hal_uart.o(i.UART_SetConfig)
    UART_WaitOnFlagUntilTimeout              0x08003955   Thumb Code   100  stm32f7xx_hal_uart.o(i.UART_WaitOnFlagUntilTimeout)
    UsageFault_Handler                       0x080039b9   Thumb Code     2  stm32f7xx_it.o(i.UsageFault_Handler)
    _Error_Handler                           0x080039bb   Thumb Code     2  main.o(i._Error_Handler)
    __ARM_fpclassify                         0x080039bd   Thumb Code    48  fpclassify.o(i.__ARM_fpclassify)
    __hardfp_cos                             0x080039f1   Thumb Code   158  cos.o(i.__hardfp_cos)
    __hardfp_sin                             0x08003aa1   Thumb Code   158  sin.o(i.__hardfp_sin)
    __ieee754_rem_pio2                       0x08003b51   Thumb Code   646  rred.o(i.__ieee754_rem_pio2)
    __kernel_cos                             0x08003e61   Thumb Code   182  cos_i.o(i.__kernel_cos)
    __kernel_poly                            0x08003f41   Thumb Code   112  poly.o(i.__kernel_poly)
    __kernel_sin                             0x08003fb1   Thumb Code   144  sin_i.o(i.__kernel_sin)
    __mathlib_dbl_invalid                    0x08004059   Thumb Code    10  dunder.o(i.__mathlib_dbl_invalid)
    __mathlib_dbl_underflow                  0x08004071   Thumb Code    10  dunder.o(i.__mathlib_dbl_underflow)
    __scatterload_copy                       0x08004089   Thumb Code    14  handlers.o(i.__scatterload_copy)
    __scatterload_null                       0x08004097   Thumb Code     2  handlers.o(i.__scatterload_null)
    __scatterload_zeroinit                   0x08004099   Thumb Code    14  handlers.o(i.__scatterload_zeroinit)
    __set_errno                              0x080040a9   Thumb Code     6  errno.o(i.__set_errno)
    closedLoopMode                           0x080040b5   Thumb Code    18  closedloopmode.o(i.closedLoopMode)
    fabs                                     0x080040c7   Thumb Code    24  fabs.o(i.fabs)
    faultRoutines                            0x080040e1   Thumb Code   132  faults.o(i.faultRoutines)
    faultState                               0x08004175   Thumb Code    38  faultstate.o(i.faultState)
    firingTestMode                           0x080041ad   Thumb Code     2  firingtestmode.o(i.firingTestMode)
    idleState                                0x080041b1   Thumb Code    78  idlestate.o(i.idleState)
    ios                                      0x08004215   Thumb Code   548  ios.o(i.ios)
    main                                     0x08004455   Thumb Code   130  main.o(i.main)
    main_flow                                0x080044f1   Thumb Code    42  main_flow.o(i.main_flow)
    manualAngleMode                          0x0800451b   Thumb Code    14  manualanglemode.o(i.manualAngleMode)
    manualVarMode                            0x08004529   Thumb Code    14  manualvarmode.o(i.manualVarMode)
    manual_handles                           0x08004539   Thumb Code    74  manualvarmode.o(i.manual_handles)
    minSelector_3p                           0x08004591   Thumb Code    30  aux_functions.o(i.minSelector_3p)
    mode_chart                               0x080045b1   Thumb Code    12  modes.o(i.mode_chart)
    off_delay                                0x080045c1   Thumb Code    42  aux_functions.o(i.off_delay)
    on_delay                                 0x080045eb   Thumb Code    42  aux_functions.o(i.on_delay)
    openLoopMode                             0x08004615   Thumb Code    18  openloopmode.o(i.openLoopMode)
    readyState                               0x08004629   Thumb Code    62  readystate.o(i.readyState)
    runState                                 0x08004681   Thumb Code   126  runstate.o(i.runState)
    startupState                             0x0800471d   Thumb Code   100  startupstate.o(i.startupState)
    state_chart                              0x08004799   Thumb Code    12  states.o(i.state_chart)
    stoppedState                             0x080047a9   Thumb Code    48  stoppedstate.o(i.stoppedState)
    tripRoutines                             0x080047ed   Thumb Code    76  trips.o(i.tripRoutines)
    trippedState                             0x08004841   Thumb Code    38  trippedstate.o(i.trippedState)
    AHBPrescTable                            0x08004878   Data          16  system_stm32f7xx.o(.constdata)
    APBPrescTable                            0x08004888   Data           8  system_stm32f7xx.o(.constdata)
    Region$$Table$$Base                      0x080049b8   Number         0  anon$$obj.o(Region$$Table)
    Region$$Table$$Limit                     0x080049d8   Number         0  anon$$obj.o(Region$$Table)
    SystemCoreClock                          0x20000000   Data           4  system_stm32f7xx.o(.data)
    uwTick                                   0x20000004   Data           4  stm32f7xx_hal.o(.data)
    extTrip                                  0x20000008   Data           8  trips.o(.data)
    ref_ab                                   0x20000010   Data           8  references.o(.data)
    ref_bc                                   0x20000018   Data           8  references.o(.data)
    ref_ca                                   0x20000020   Data           8  references.o(.data)
    conversion_completed                     0x20000028   Data           1  conversion.o(.data)
    status                                   0x20000029   Data           1  states.o(.data)
    current_state                            0x2000002c   Data           1  states.o(.data)
    state                                    0x20000030   Data          28  states.o(.data)
    current_mode                             0x20000064   Data           1  modes.o(.data)
    mode                                     0x20000068   Data          20  modes.o(.data)
    DO                                       0x2000007c   Data           1  ios.o(.data)
    DI                                       0x20000080   Data           4  ios.o(.data)
    hadc1                                    0x20000088   Data          72  adc.o(.bss)
    hadc2                                    0x200000d0   Data          72  adc.o(.bss)
    hadc3                                    0x20000118   Data          72  adc.o(.bss)
    hdma_adc1                                0x20000160   Data          96  adc.o(.bss)
    hdma_adc2                                0x200001c0   Data          96  adc.o(.bss)
    hdma_adc3                                0x20000220   Data          96  adc.o(.bss)
    htim1                                    0x20000280   Data          64  tim.o(.bss)
    htim6                                    0x200002c0   Data          64  tim.o(.bss)
    huart2                                   0x20000300   Data         112  usart.o(.bss)
    hqspi                                    0x20000370   Data          76  quadspi.o(.bss)
    hspi2                                    0x200003bc   Data         100  spi.o(.bss)
    hrtc                                     0x20000420   Data          32  rtc.o(.bss)
    voltage_loss                             0x20000440   Data          12  faults.o(.bss)
    PLL                                      0x2000044c   Data          24  pll.o(.bss)
    dq_filter_buffer                         0x20000464   Data          48  pll.o(.bss)
    integral_buffer                          0x20000494   Data          24  pll.o(.bss)
    PI                                       0x200004ac   Data         116  pi.o(.bss)
    adcBuffer                                0x20000520   Data          72  conversion.o(.bss)
    Adc                                      0x20000568   Data          72  conversion.o(.bss)
    adc                                      0x200005b0   Data          72  conversion.o(.bss)
    offset                                   0x200005f8   Data          72  conversion.o(.bss)
    scale                                    0x20000640   Data          72  conversion.o(.bss)
    fRMS                                     0x20000688   Data          12  rms.o(.bss)
    Qdata                                    0x20000694   Data          36  qbasic.o(.bss)
    Qbasic                                   0x200006b8   Data          16  qbasic.o(.bss)
    cl                                       0x200006c8   Data          44  power.o(.bss)
    __initial_sp                             0x20000af8   Data           0  startup_stm32f767xx.o(STACK)



==============================================================================

Memory Map of the image

  Image Entry point : 0x080001f9

  Load Region LR_IROM1 (Base: 0x08000000, Size: 0x00004a60, Max: 0x00200000, ABSOLUTE)

    Execution Region ER_IROM1 (Base: 0x08000000, Size: 0x000049d8, Max: 0x00200000, ABSOLUTE)

    Base Addr    Size         Type   Attr      Idx    E Section Name        Object

    0x08000000   0x000001f8   Data   RO          157    RESET               startup_stm32f767xx.o
    0x080001f8   0x00000000   Code   RO         5423  * .ARM.Collect$$$$00000000  mc_w.l(entry.o)
    0x080001f8   0x00000004   Code   RO         5460    .ARM.Collect$$$$00000001  mc_w.l(entry2.o)
    0x080001fc   0x00000004   Code   RO         5463    .ARM.Collect$$$$00000004  mc_w.l(entry5.o)
    0x08000200   0x00000000   Code   RO         5465    .ARM.Collect$$$$00000008  mc_w.l(entry7b.o)
    0x08000200   0x00000000   Code   RO         5467    .ARM.Collect$$$$0000000A  mc_w.l(entry8b.o)
    0x08000200   0x00000008   Code   RO         5468    .ARM.Collect$$$$0000000B  mc_w.l(entry9a.o)
    0x08000208   0x00000000   Code   RO         5470    .ARM.Collect$$$$0000000D  mc_w.l(entry10a.o)
    0x08000208   0x00000000   Code   RO         5472    .ARM.Collect$$$$0000000F  mc_w.l(entry11a.o)
    0x08000208   0x00000004   Code   RO         5461    .ARM.Collect$$$$00002712  mc_w.l(entry2.o)
    0x0800020c   0x00000024   Code   RO          158    .text               startup_stm32f767xx.o
    0x08000230   0x00000024   Code   RO         5426    .text               mc_w.l(memcpya.o)
    0x08000254   0x00000000   Code   RO         5481    .text               mc_w.l(iusefp.o)
    0x08000254   0x00000024   Code   RO         5492    .text               mc_w.l(init.o)
    0x08000278   0x00000134   Code   RO         3340    i.ADC_Init          stm32f7xx_hal_adc.o
    0x080003ac   0x0000005a   Code   RO         3232    i.ADC_MultiModeDMAConvCplt  stm32f7xx_hal_adc_ex.o
    0x08000406   0x00000012   Code   RO         3233    i.ADC_MultiModeDMAError  stm32f7xx_hal_adc_ex.o
    0x08000418   0x00000006   Code   RO         3234    i.ADC_MultiModeDMAHalfConvCplt  stm32f7xx_hal_adc_ex.o
    0x0800041e   0x00000002   Code   RO         4555    i.BusFault_Handler  stm32f7xx_it.o
    0x08000420   0x00000038   Code   RO         5150    i.CL_handles        closedloopmode.o
    0x08000458   0x0000000c   Code   RO         4556    i.DMA2_Stream0_IRQHandler  stm32f7xx_it.o
    0x08000464   0x0000000c   Code   RO         4557    i.DMA2_Stream1_IRQHandler  stm32f7xx_it.o
    0x08000470   0x0000000c   Code   RO         4558    i.DMA2_Stream2_IRQHandler  stm32f7xx_it.o
    0x0800047c   0x00000028   Code   RO         1866    i.DMA_CalcBaseAndBitshift  stm32f7xx_hal_dma.o
    0x080004a4   0x00000054   Code   RO         1867    i.DMA_CheckFifoParam  stm32f7xx_hal_dma.o
    0x080004f8   0x00000028   Code   RO         1868    i.DMA_SetConfig     stm32f7xx_hal_dma.o
    0x08000520   0x00000002   Code   RO         4559    i.DebugMon_Handler  stm32f7xx_it.o
    0x08000522   0x00000002   PAD
    0x08000524   0x0000006c   Code   RO         3243    i.HAL_ADCEx_MultiModeConfigChannel  stm32f7xx_hal_adc_ex.o
    0x08000590   0x00000100   Code   RO         3245    i.HAL_ADCEx_MultiModeStart_DMA  stm32f7xx_hal_adc_ex.o
    0x08000690   0x00000164   Code   RO         3342    i.HAL_ADC_ConfigChannel  stm32f7xx_hal_adc.o
    0x080007f4   0x000001e4   Code   RO         4880    i.HAL_ADC_ConvCpltCallback  conversion.o
    0x080009d8   0x00000002   Code   RO         3344    i.HAL_ADC_ConvHalfCpltCallback  stm32f7xx_hal_adc.o
    0x080009da   0x00000002   Code   RO         3346    i.HAL_ADC_ErrorCallback  stm32f7xx_hal_adc.o
    0x080009dc   0x00000054   Code   RO         3351    i.HAL_ADC_Init      stm32f7xx_hal_adc.o
    0x08000a30   0x00000188   Code   RO         4140    i.HAL_ADC_MspInit   adc.o
    0x08000bb8   0x000000b8   Code   RO         3357    i.HAL_ADC_Start     stm32f7xx_hal_adc.o
    0x08000c70   0x000001a8   Code   RO         1874    i.HAL_DMA_IRQHandler  stm32f7xx_hal_dma.o
    0x08000e18   0x000000e4   Code   RO         1875    i.HAL_DMA_Init      stm32f7xx_hal_dma.o
    0x08000efc   0x0000007a   Code   RO         1879    i.HAL_DMA_Start_IT  stm32f7xx_hal_dma.o
    0x08000f76   0x00000002   PAD
    0x08000f78   0x000001d8   Code   RO         2093    i.HAL_GPIO_Init     stm32f7xx_hal_gpio.o
    0x08001150   0x0000000a   Code   RO         2095    i.HAL_GPIO_ReadPin  stm32f7xx_hal_gpio.o
    0x0800115a   0x00000008   Code   RO         2096    i.HAL_GPIO_TogglePin  stm32f7xx_hal_gpio.o
    0x08001162   0x0000000a   Code   RO         2097    i.HAL_GPIO_WritePin  stm32f7xx_hal_gpio.o
    0x0800116c   0x0000000c   Code   RO         1694    i.HAL_GetTick       stm32f7xx_hal.o
    0x08001178   0x00000010   Code   RO         1698    i.HAL_IncTick       stm32f7xx_hal.o
    0x08001188   0x00000016   Code   RO         1699    i.HAL_Init          stm32f7xx_hal.o
    0x0800119e   0x00000002   PAD
    0x080011a0   0x00000028   Code   RO         1700    i.HAL_InitTick      stm32f7xx_hal.o
    0x080011c8   0x00000058   Code   RO         4405    i.HAL_MspInit       stm32f7xx_hal_msp.o
    0x08001220   0x00000016   Code   RO          495    i.HAL_NVIC_EnableIRQ  stm32f7xx_hal_cortex.o
    0x08001236   0x00000002   PAD
    0x08001238   0x00000040   Code   RO          501    i.HAL_NVIC_SetPriority  stm32f7xx_hal_cortex.o
    0x08001278   0x00000024   Code   RO          502    i.HAL_NVIC_SetPriorityGrouping  stm32f7xx_hal_cortex.o
    0x0800129c   0x0000006c   Code   RO         4053    i.HAL_PWREx_EnableOverDrive  stm32f7xx_hal_pwr_ex.o
    0x08001308   0x000000c0   Code   RO         1436    i.HAL_QSPI_Init     stm32f7xx_hal_qspi.o
    0x080013c8   0x00000080   Code   RO         4430    i.HAL_QSPI_MspInit  quadspi.o
    0x08001448   0x0000053c   Code   RO         3096    i.HAL_RCCEx_PeriphCLKConfig  stm32f7xx_hal_rcc_ex.o
    0x08001984   0x00000114   Code   RO         3131    i.HAL_RCC_ClockConfig  stm32f7xx_hal_rcc.o
    0x08001a98   0x0000000c   Code   RO         3136    i.HAL_RCC_GetHCLKFreq  stm32f7xx_hal_rcc.o
    0x08001aa4   0x00000020   Code   RO         3138    i.HAL_RCC_GetPCLK1Freq  stm32f7xx_hal_rcc.o
    0x08001ac4   0x00000020   Code   RO         3139    i.HAL_RCC_GetPCLK2Freq  stm32f7xx_hal_rcc.o
    0x08001ae4   0x00000060   Code   RO         3140    i.HAL_RCC_GetSysClockFreq  stm32f7xx_hal_rcc.o
    0x08001b44   0x0000033c   Code   RO         3143    i.HAL_RCC_OscConfig  stm32f7xx_hal_rcc.o
    0x08001e80   0x000000a0   Code   RO         3635    i.HAL_RTC_Init      stm32f7xx_hal_rtc.o
    0x08001f20   0x0000001c   Code   RO         4514    i.HAL_RTC_MspInit   rtc.o
    0x08001f3c   0x000000c4   Code   RO          636    i.HAL_SPI_Init      stm32f7xx_hal_spi.o
    0x08002000   0x00000048   Code   RO         4472    i.HAL_SPI_MspInit   spi.o
    0x08002048   0x00000018   Code   RO          504    i.HAL_SYSTICK_CLKSourceConfig  stm32f7xx_hal_cortex.o
    0x08002060   0x00000002   Code   RO          505    i.HAL_SYSTICK_Callback  stm32f7xx_hal_cortex.o
    0x08002062   0x00000026   Code   RO          506    i.HAL_SYSTICK_Config  stm32f7xx_hal_cortex.o
    0x08002088   0x00000008   Code   RO          507    i.HAL_SYSTICK_IRQHandler  stm32f7xx_hal_cortex.o
    0x08002090   0x00000002   Code   RO          211    i.HAL_TIMEx_BreakCallback  stm32f7xx_hal_tim_ex.o
    0x08002092   0x00000002   Code   RO          212    i.HAL_TIMEx_CommutationCallback  stm32f7xx_hal_tim_ex.o
    0x08002094   0x00000058   Code   RO          230    i.HAL_TIMEx_MasterConfigSynchronization  stm32f7xx_hal_tim_ex.o
    0x080020ec   0x00000036   Code   RO         2398    i.HAL_TIM_Base_Init  stm32f7xx_hal_tim.o
    0x08002122   0x00000002   PAD
    0x08002124   0x00000058   Code   RO         4292    i.HAL_TIM_Base_MspInit  tim.o
    0x0800217c   0x00000018   Code   RO         2403    i.HAL_TIM_Base_Start_IT  stm32f7xx_hal_tim.o
    0x08002194   0x000000fc   Code   RO         2407    i.HAL_TIM_ConfigClockSource  stm32f7xx_hal_tim.o
    0x08002290   0x00000002   Code   RO         2427    i.HAL_TIM_IC_CaptureCallback  stm32f7xx_hal_tim.o
    0x08002292   0x0000017e   Code   RO         2440    i.HAL_TIM_IRQHandler  stm32f7xx_hal_tim.o
    0x08002410   0x00000002   Code   RO         2443    i.HAL_TIM_OC_DelayElapsedCallback  stm32f7xx_hal_tim.o
    0x08002412   0x00000002   Code   RO         2470    i.HAL_TIM_PWM_PulseFinishedCallback  stm32f7xx_hal_tim.o
    0x08002414   0x00000002   Code   RO         2477    i.HAL_TIM_PeriodElapsedCallback  stm32f7xx_hal_tim.o
    0x08002416   0x00000002   Code   RO         2481    i.HAL_TIM_TriggerCallback  stm32f7xx_hal_tim.o
    0x08002418   0x0000006a   Code   RO         3783    i.HAL_UART_Init     stm32f7xx_hal_uart.o
    0x08002482   0x00000002   PAD
    0x08002484   0x00000048   Code   RO         4364    i.HAL_UART_MspInit  usart.o
    0x080024cc   0x00000002   Code   RO         4560    i.HardFault_Handler  stm32f7xx_it.o
    0x080024ce   0x00000002   PAD
    0x080024d0   0x00000108   Code   RO         4141    i.MX_ADC1_Init      adc.o
    0x080025d8   0x000000e4   Code   RO         4142    i.MX_ADC2_Init      adc.o
    0x080026bc   0x000000f0   Code   RO         4143    i.MX_ADC3_Init      adc.o
    0x080027ac   0x0000002c   Code   RO         4339    i.MX_DMA_Init       dma.o
    0x080027d8   0x0000022c   Code   RO         4267    i.MX_GPIO_Init      gpio.o
    0x08002a04   0x00000050   Code   RO         4431    i.MX_QUADSPI_Init   quadspi.o
    0x08002a54   0x00000048   Code   RO         4515    i.MX_RTC_Init       rtc.o
    0x08002a9c   0x00000058   Code   RO         4473    i.MX_SPI2_Init      spi.o
    0x08002af4   0x0000007c   Code   RO         4293    i.MX_TIM1_Init      tim.o
    0x08002b70   0x00000058   Code   RO         4294    i.MX_TIM6_Init      tim.o
    0x08002bc8   0x00000054   Code   RO         4365    i.MX_USART2_UART_Init  usart.o
    0x08002c1c   0x00000002   Code   RO         4561    i.MemManage_Handler  stm32f7xx_it.o
    0x08002c1e   0x00000002   Code   RO         4562    i.NMI_Handler       stm32f7xx_it.o
    0x08002c20   0x00000022   Code   RO          508    i.NVIC_SetPriority  stm32f7xx_hal_cortex.o
    0x08002c42   0x00000002   PAD
    0x08002c44   0x00000054   Code   RO         5171    i.OL_handles        openloopmode.o
    0x08002c98   0x00000164   Code   RO         4735    i.PI_CL             pi.o
    0x08002dfc   0x0000008c   Code   RO         4736    i.PI_OL             pi.o
    0x08002e88   0x00000048   Code   RO         4706    i.PLL_all           pll.o
    0x08002ed0   0x00000180   Code   RO         4707    i.PLL_theta         pll.o
    0x08003050   0x00000002   Code   RO         4563    i.PendSV_Handler    stm32f7xx_it.o
    0x08003052   0x00000002   PAD
    0x08003054   0x00000108   Code   RO         4983    i.PowerCalculations  power.o
    0x0800315c   0x00000048   Code   RO         1461    i.QSPI_WaitFlagStateUntilTimeout  stm32f7xx_hal_qspi.o
    0x080031a4   0x00000120   Code   RO         4955    i.Qbasic_calculation  qbasic.o
    0x080032c4   0x00000002   Code   RO         4921    i.RMS_all           rms.o
    0x080032c6   0x00000002   PAD
    0x080032c8   0x0000003a   Code   RO         3646    i.RTC_EnterInitMode  stm32f7xx_hal_rtc.o
    0x08003302   0x00000002   PAD
    0x08003304   0x0000002c   Code   RO         4766    i.Ref_CL            references.o
    0x08003330   0x00000020   Code   RO         4767    i.Ref_OL            references.o
    0x08003350   0x00000020   Code   RO         4768    i.Ref_manualAngle   references.o
    0x08003370   0x00000020   Code   RO         4769    i.Ref_manualVar     references.o
    0x08003390   0x00000002   Code   RO         4564    i.SVC_Handler       stm32f7xx_it.o
    0x08003392   0x0000000e   Code   RO         4565    i.SysTick_Handler   stm32f7xx_it.o
    0x080033a0   0x000000c0   Code   RO         4199    i.SystemClock_Config  main.o
    0x08003460   0x00000054   Code   RO            5    i.SystemInit        system_stm32f7xx.o
    0x080034b4   0x0000000c   Code   RO         4566    i.TIM1_UP_TIM10_IRQHandler  stm32f7xx_it.o
    0x080034c0   0x000000cc   Code   RO         2482    i.TIM_Base_SetConfig  stm32f7xx_hal_tim.o
    0x0800358c   0x00000012   Code   RO         2489    i.TIM_ETR_SetConfig  stm32f7xx_hal_tim.o
    0x0800359e   0x00000010   Code   RO         2490    i.TIM_ITRx_SetConfig  stm32f7xx_hal_tim.o
    0x080035ae   0x00000022   Code   RO         2496    i.TIM_TI1_ConfigInputStage  stm32f7xx_hal_tim.o
    0x080035d0   0x00000024   Code   RO         2498    i.TIM_TI2_ConfigInputStage  stm32f7xx_hal_tim.o
    0x080035f4   0x000000c8   Code   RO         3796    i.UART_AdvFeatureConfig  stm32f7xx_hal_uart.o
    0x080036bc   0x00000040   Code   RO         3797    i.UART_CheckIdleState  stm32f7xx_hal_uart.o
    0x080036fc   0x00000258   Code   RO         3807    i.UART_SetConfig    stm32f7xx_hal_uart.o
    0x08003954   0x00000064   Code   RO         3808    i.UART_WaitOnFlagUntilTimeout  stm32f7xx_hal_uart.o
    0x080039b8   0x00000002   Code   RO         4567    i.UsageFault_Handler  stm32f7xx_it.o
    0x080039ba   0x00000002   Code   RO         4200    i._Error_Handler    main.o
    0x080039bc   0x00000030   Code   RO         5488    i.__ARM_fpclassify  m_wv.l(fpclassify.o)
    0x080039ec   0x00000004   PAD
    0x080039f0   0x000000b0   Code   RO         5387    i.__hardfp_cos      m_wv.l(cos.o)
    0x08003aa0   0x000000b0   Code   RO         5399    i.__hardfp_sin      m_wv.l(sin.o)
    0x08003b50   0x00000310   Code   RO         5449    i.__ieee754_rem_pio2  m_wv.l(rred.o)
    0x08003e60   0x000000e0   Code   RO         5432    i.__kernel_cos      m_wv.l(cos_i.o)
    0x08003f40   0x00000070   Code   RO         5490    i.__kernel_poly     m_wv.l(poly.o)
    0x08003fb0   0x000000a8   Code   RO         5454    i.__kernel_sin      m_wv.l(sin_i.o)
    0x08004058   0x00000018   Code   RO         5438    i.__mathlib_dbl_invalid  m_wv.l(dunder.o)
    0x08004070   0x00000018   Code   RO         5441    i.__mathlib_dbl_underflow  m_wv.l(dunder.o)
    0x08004088   0x0000000e   Code   RO         5496    i.__scatterload_copy  mc_w.l(handlers.o)
    0x08004096   0x00000002   Code   RO         5497    i.__scatterload_null  mc_w.l(handlers.o)
    0x08004098   0x0000000e   Code   RO         5498    i.__scatterload_zeroinit  mc_w.l(handlers.o)
    0x080040a6   0x00000002   PAD
    0x080040a8   0x0000000c   Code   RO         5476    i.__set_errno       mc_w.l(errno.o)
    0x080040b4   0x00000012   Code   RO         5151    i.closedLoopMode    closedloopmode.o
    0x080040c6   0x00000018   Code   RO         5484    i.fabs              m_wv.l(fabs.o)
    0x080040de   0x00000002   PAD
    0x080040e0   0x00000094   Code   RO         4652    i.faultRoutines     faults.o
    0x08004174   0x00000038   Code   RO         5057    i.faultState        faultstate.o
    0x080041ac   0x00000002   Code   RO         5225    i.firingTestMode    firingtestmode.o
    0x080041ae   0x00000002   PAD
    0x080041b0   0x00000064   Code   RO         5094    i.idleState         idlestate.o
    0x08004214   0x00000240   Code   RO         5316    i.ios               ios.o
    0x08004454   0x0000009c   Code   RO         4201    i.main              main.o
    0x080044f0   0x0000002a   Code   RO         5372    i.main_flow         main_flow.o
    0x0800451a   0x0000000e   Code   RO         5213    i.manualAngleMode   manualanglemode.o
    0x08004528   0x0000000e   Code   RO         5192    i.manualVarMode     manualvarmode.o
    0x08004536   0x00000002   PAD
    0x08004538   0x00000058   Code   RO         5193    i.manual_handles    manualvarmode.o
    0x08004590   0x0000001e   Code   RO         5345    i.minSelector_3p    aux_functions.o
    0x080045ae   0x00000002   PAD
    0x080045b0   0x00000010   Code   RO         5132    i.mode_chart        modes.o
    0x080045c0   0x0000002a   Code   RO         5346    i.off_delay         aux_functions.o
    0x080045ea   0x0000002a   Code   RO         5347    i.on_delay          aux_functions.o
    0x08004614   0x00000012   Code   RO         5172    i.openLoopMode      openloopmode.o
    0x08004626   0x00000002   PAD
    0x08004628   0x00000058   Code   RO         5069    i.readyState        readystate.o
    0x08004680   0x0000009c   Code   RO         5081    i.runState          runstate.o
    0x0800471c   0x0000007c   Code   RO         5031    i.startupState      startupstate.o
    0x08004798   0x00000010   Code   RO         5005    i.state_chart       states.o
    0x080047a8   0x00000044   Code   RO         5107    i.stoppedState      stoppedstate.o
    0x080047ec   0x00000054   Code   RO         4681    i.tripRoutines      trips.o
    0x08004840   0x00000038   Code   RO         5120    i.trippedState      trippedstate.o
    0x08004878   0x00000010   Data   RO            6    .constdata          system_stm32f7xx.o
    0x08004888   0x00000008   Data   RO            7    .constdata          system_stm32f7xx.o
    0x08004890   0x00000008   Data   RO         1881    .constdata          stm32f7xx_hal_dma.o
    0x08004898   0x00000030   Data   RO         5433    .constdata          m_wv.l(cos_i.o)
    0x080048c8   0x000000c8   Data   RO         5451    .constdata          m_wv.l(rred.o)
    0x08004990   0x00000028   Data   RO         5455    .constdata          m_wv.l(sin_i.o)
    0x080049b8   0x00000020   Data   RO         5494    Region$$Table       anon$$obj.o


    Execution Region RW_IRAM1 (Base: 0x20000000, Size: 0x00000af8, Max: 0x00080000, ABSOLUTE)

    Base Addr    Size         Type   Attr      Idx    E Section Name        Object

    0x20000000   0x00000004   Data   RW            8    .data               system_stm32f7xx.o
    0x20000004   0x00000004   Data   RW         1705    .data               stm32f7xx_hal.o
    0x20000008   0x00000008   Data   RW         4682    .data               trips.o
    0x20000010   0x00000018   Data   RW         4771    .data               references.o
    0x20000028   0x00000001   Data   RW         4883    .data               conversion.o
    0x20000029   0x00000001   Data   RW         5006    .data               states.o
    0x2000002a   0x00000002   PAD
    0x2000002c   0x00000020   Data   RW         5007    .data               states.o
    0x2000004c   0x00000008   Data   RW         5032    .data               startupstate.o
    0x20000054   0x00000004   Data   RW         5082    .data               runstate.o
    0x20000058   0x00000008   Data   RW         5095    .data               idlestate.o
    0x20000060   0x00000004   Data   RW         5108    .data               stoppedstate.o
    0x20000064   0x00000018   Data   RW         5133    .data               modes.o
    0x2000007c   0x00000008   Data   RW         5317    .data               ios.o
    0x20000084   0x00000004   Data   RW         5477    .data               mc_w.l(errno.o)
    0x20000088   0x000001f8   Zero   RW         4144    .bss                adc.o
    0x20000280   0x00000080   Zero   RW         4295    .bss                tim.o
    0x20000300   0x00000070   Zero   RW         4366    .bss                usart.o
    0x20000370   0x0000004c   Zero   RW         4432    .bss                quadspi.o
    0x200003bc   0x00000064   Zero   RW         4474    .bss                spi.o
    0x20000420   0x00000020   Zero   RW         4516    .bss                rtc.o
    0x20000440   0x0000000c   Zero   RW         4653    .bss                faults.o
    0x2000044c   0x00000060   Zero   RW         4708    .bss                pll.o
    0x200004ac   0x00000074   Zero   RW         4738    .bss                pi.o
    0x20000520   0x00000168   Zero   RW         4882    .bss                conversion.o
    0x20000688   0x0000000c   Zero   RW         4926    .bss                rms.o
    0x20000694   0x00000034   Zero   RW         4957    .bss                qbasic.o
    0x200006c8   0x0000002c   Zero   RW         4984    .bss                power.o
    0x200006f4   0x00000004   PAD
    0x200006f8   0x00000400   Zero   RW          155    STACK               startup_stm32f767xx.o


==============================================================================

Image component sizes


      Code (inc. data)   RO Data    RW Data    ZI Data      Debug   Object Name

      1124        126          0          0        504       3605   adc.o
       114          0          0          0          0       2240   aux_functions.o
        74         12          0          0          0        958   closedloopmode.o
       484         12          0          1        360       4307   conversion.o
        44          4          0          0          0        770   dma.o
       148         16          0          0         12       3624   faults.o
        56         18          0          0          0        465   faultstate.o
         2          0          0          0          0        445   firingtestmode.o
       556         34          0          0          0       1259   gpio.o
       100         22          0          8          0        560   idlestate.o
       576         28          0          8          0       2058   ios.o
       350         34          0          0          0       2485   main.o
        42          0          0          0          0        500   main_flow.o
        14          0          0          0          0        494   manualanglemode.o
       102         14          0          0          0       1013   manualvarmode.o
        16          4          0         24          0       1265   modes.o
       102         20          0          0          0        976   openloopmode.o
       496         12          0          0        116       4220   pi.o
       456         62          0          0         96       5127   pll.o
       264         22          0          0         44       3672   power.o
       288         12          0          0         52       4607   qbasic.o
       208         46          0          0         76       1717   quadspi.o
        88         26          0          0          0        493   readystate.o
       140         32          0         24          0       4932   references.o
         2          0          0          0         12       3610   rms.o
       100         32          0          0         32       1467   rtc.o
       156         30          0          4          0        591   runstate.o
       160         40          0          0        100       1649   spi.o
        36          8        504          0       1024        812   startup_stm32f767xx.o
       124         24          0          8          0        591   startupstate.o
        16          4          0         33          0       4234   states.o
        90         18          0          4          0       3251   stm32f7xx_hal.o
       936         46          0          0          0       4814   stm32f7xx_hal_adc.o
       478         36          0          0          0       4018   stm32f7xx_hal_adc_ex.o
       228         12          0          0          0      37305   stm32f7xx_hal_cortex.o
       938         22          8          0          0       5907   stm32f7xx_hal_dma.o
       500         54          0          0          0       3880   stm32f7xx_hal_gpio.o
        88          0          0          0          0        534   stm32f7xx_hal_msp.o
       108          8          0          0          0       1284   stm32f7xx_hal_pwr_ex.o
       264          8          0          0          0       2766   stm32f7xx_hal_qspi.o
      1276         74          0          0          0       5628   stm32f7xx_hal_rcc.o
      1340         22          0          0          0       2376   stm32f7xx_hal_rcc_ex.o
       218          4          0          0          0       2131   stm32f7xx_hal_rtc.o
       196          0          0          0          0       1283   stm32f7xx_hal_spi.o
      1030         52          0          0          0      10745   stm32f7xx_hal_tim.o
        92         10          0          0          0       2586   stm32f7xx_hal_tim_ex.o
      1070         70          0          0          0       5097   stm32f7xx_hal_uart.o
        78         24          0          0          0       6107   stm32f7xx_it.o
        68         20          0          4          0        535   stoppedstate.o
        84         16         24          4          0     900983   system_stm32f7xx.o
       300         64          0          0        128       2287   tim.o
        56         18          0          0          0        503   trippedstate.o
        84          8          0          8          0       3611   trips.o
       156         38          0          0        112       1682   usart.o

    ----------------------------------------------------------------------
     16146       1318        568        132       2672    1074059   Object Totals
         0          0         32          0          0          0   (incl. Generated)
        30          0          0          2          4          0   (incl. Padding)

    ----------------------------------------------------------------------

      Code (inc. data)   RO Data    RW Data    ZI Data      Debug   Library Member Name

       176         18          0          0          0        156   cos.o
       224         42         48          0          0        184   cos_i.o
        48         28          0          0          0        232   dunder.o
        24          0          0          0          0        124   fabs.o
        48          0          0          0          0        124   fpclassify.o
       112          0          0          0          0        116   poly.o
       784        138        200          0          0        172   rred.o
       176         18          0          0          0        160   sin.o
       168         24         40          0          0        196   sin_i.o
         0          0          0          0          0          0   entry.o
         0          0          0          0          0          0   entry10a.o
         0          0          0          0          0          0   entry11a.o
         8          4          0          0          0          0   entry2.o
         4          0          0          0          0          0   entry5.o
         0          0          0          0          0          0   entry7b.o
         0          0          0          0          0          0   entry8b.o
         8          4          0          0          0          0   entry9a.o
        12          6          0          4          0         68   errno.o
        30          0          0          0          0          0   handlers.o
        36          8          0          0          0         68   init.o
         0          0          0          0          0          0   iusefp.o
        36          0          0          0          0         68   memcpya.o

    ----------------------------------------------------------------------
      1902        290        288          4          0       1668   Library Totals
         8          0          0          0          0          0   (incl. Padding)

    ----------------------------------------------------------------------

      Code (inc. data)   RO Data    RW Data    ZI Data      Debug   Library Name

      1760        268        288          0          0       1464   m_wv.l
       134         22          0          4          0        204   mc_w.l

    ----------------------------------------------------------------------
      1902        290        288          4          0       1668   Library Totals

    ----------------------------------------------------------------------

==============================================================================


      Code (inc. data)   RO Data    RW Data    ZI Data      Debug   

     18048       1608        856        136       2672    1062631   Grand Totals
     18048       1608        856        136       2672    1062631   ELF Image Totals
     18048       1608        856        136          0          0   ROM Totals

==============================================================================

    Total RO  Size (Code + RO Data)                18904 (  18.46kB)
    Total RW  Size (RW Data + ZI Data)              2808 (   2.74kB)
    Total ROM Size (Code + RO Data + RW Data)      19040 (  18.59kB)

==============================================================================

