<html>
<body>
<pre>
<h1>µVision Build Log</h1>
<h2>Tool Versions:</h2>
IDE-Version: µVision V5.21.1.0
Copyright (C) 2016 ARM Ltd and ARM Germany GmbH. All rights reserved.
License Information: Cagin Baris Cengiz, Endoks Energy, LIC=----
 
Tool Versions:
Toolchain:       MDK-Lite  Version: 5.21a
Toolchain Path:  C:\Keil_v5\ARM\ARMCC\Bin
C Compiler:      Armcc.exe V5.06 update 3 (build 300)
Assembler:       Armasm.exe V5.06 update 3 (build 300)
Linker/Locator:  ArmLink.exe V5.06 update 3 (build 300)
Library Manager: ArmAr.exe V5.06 update 3 (build 300)
Hex Converter:   FromElf.exe V5.06 update 3 (build 300)
CPU DLL:         SARMCM3.DLL V5.21a
Dialog DLL:      DCM.DLL V1.13.8.0
Target DLL:      STLink\ST-LINKIII-KEIL_SWO.dll V2.0.18.0
Dialog DLL:      TCM.DLL V1.14.14.0
 
<h2>Project:</h2>
C:\Users\baris.cengiz\Dropbox\habas_310\v4hc\MDK-ARM\v4Hc.uvprojx
Project File Date:  03/09/2018

<h2>Output:</h2>
*** Using Compiler 'V5.06 update 3 (build 300)', folder: 'C:\Keil_v5\ARM\ARMCC\Bin'
Build target 'v4Hc'
assembling startup_stm32f767xx.s...
compiling system_stm32f7xx.c...
compiling stm32f7xx_hal_i2c_ex.c...
compiling stm32f7xx_hal_dma_ex.c...
compiling stm32f7xx_hal_cortex.c...
compiling stm32f7xx_hal_tim_ex.c...
compiling stm32f7xx_hal_spi.c...
compiling stm32f7xx_hal.c...
compiling stm32f7xx_hal_i2c.c...
compiling stm32f7xx_hal_flash.c...
compiling stm32f7xx_hal_qspi.c...
compiling stm32f7xx_hal_gpio.c...
compiling stm32f7xx_hal_dma.c...
compiling stm32f7xx_hal_flash_ex.c...
compiling stm32f7xx_hal_rtc_ex.c...
compiling stm32f7xx_hal_rcc_ex.c...
compiling stm32f7xx_hal_adc_ex.c...
compiling stm32f7xx_hal_rcc.c...
compiling stm32f7xx_hal_adc.c...
compiling stm32f7xx_hal_tim.c...
compiling stm32f7xx_hal_pwr.c...
compiling stm32f7xx_hal_pwr_ex.c...
compiling main.c...
compiling adc.c...
compiling stm32f7xx_hal_rtc.c...
compiling gpio.c...
compiling stm32f7xx_hal_uart.c...
compiling rtc.c...
compiling dma.c...
compiling spi.c...
compiling usart.c...
compiling stm32f7xx_hal_msp.c...
compiling tim.c...
compiling quadspi.c...
compiling stm32f7xx_it.c...
compiling Faults.c...
compiling voltage_limiter.c...
compiling Trips.c...
Trips.c(24): warning:  #1-D: last line of file ends without a newline
  }
Trips.c: 1 warning, 0 errors
compiling PI.c...
compiling current_limiter.c...
compiling Q2Alpha.c...
compiling references.c...
compiling Qbasic.c...
compiling RMS.c...
../Inc/plf_constants.h(30): warning:  #1-D: last line of file ends without a newline
  #endif
RMS.c: 1 warning, 0 errors
compiling PLL.c...
compiling conversion.c...
compiling Power.c...
compiling states.c...
compiling Firing.c...
Firing.c(119): warning:  #188-D: enumerated type mixed with another type
  	HAL_GPIO_WritePin(
R_1_GPIO_Port,
R_1_Pin,fr.Ap);
Firing.c(120): warning:  #188-D: enumerated type mixed with another type
  	HAL_GPIO_WritePin(
R_4_GPIO_Port,
R_4_Pin,fr.An);
Firing.c(122): warning:  #188-D: enumerated type mixed with another type
  	HAL_GPIO_WritePin(
R_2_GPIO_Port,
R_2_Pin,fr.Bp);
Firing.c(123): warning:  #188-D: enumerated type mixed with another type
  	HAL_GPIO_WritePin(
R_5_GPIO_Port,
R_5_Pin,fr.Bn);
Firing.c(125): warning:  #188-D: enumerated type mixed with another type
  	HAL_GPIO_WritePin(
R_3_GPIO_Port,
R_3_Pin,fr.Cp);
Firing.c(126): warning:  #188-D: enumerated type mixed with another type
  	HAL_GPIO_WritePin(
R_6_GPIO_Port,
R_6_Pin,fr.Cn);
Firing.c: 6 warnings, 0 errors
compiling OpenLoopCalc.c...
../Inc/plf_constants.h(30): warning:  #1-D: last line of file ends without a newline
  #endif
OpenLoopCalc.c: 1 warning, 0 errors
compiling faultState.c...
compiling readyState.c...
compiling runState.c...
compiling modes.c...
compiling closedLoopMode.c...
compiling stoppedState.c...
compiling idleState.c...
compiling trippedState.c...
trippedState.c(9): warning:  #177-D: variable "timeOutCounter" was declared but never referenced
  	static long timeOutCounter=0;
trippedState.c: 1 warning, 0 errors
compiling openLoopMode.c...
compiling startupState.c...
compiling manualAngleMode.c...
compiling hfMode.c...
compiling manualVarMode.c...
compiling interMode.c...
compiling firingTestMode.c...
../Inc/firingTest.h(29): warning:  #1-D: last line of file ends without a newline
  #endif
firingTestMode.c: 1 warning, 0 errors
compiling selection.c...
selection.c(52): warning:  #1-D: last line of file ends without a newline
  }
selection.c: 1 warning, 0 errors
compiling configRoutines.c...
configRoutines.c(12): warning:  #1-D: last line of file ends without a newline
  	
configRoutines.c: 1 warning, 0 errors
compiling aux_functions.c...
compiling init_all.c...
compiling main_flow.c...
compiling ios.c...
compiling parameter_config.c...
compiling CommConfig.c...
compiling commParams.c...
../Inc/firingTest.h(29): warning:  #1-D: last line of file ends without a newline
  #endif
commParams.c(252): warning:  #1-D: last line of file ends without a newline
  }
commParams.c: 2 warnings, 0 errors
compiling DataParserMerger.c...
compiling fputc_debug.c...
compiling Modbus_MasterSlave.c...
compiling SPI_MasterSlave.c...
..\Src\Comm_Library_Source\SPI_MasterSlave.c(320): warning:  #177-D: function "spi_prepareTestData" was declared but never referenced
  static void spi_prepareTestData(void)
..\Src\Comm_Library_Source\SPI_MasterSlave.c: 1 warning, 0 errors
compiling UART_MasterSlave.c...
..\Src\Comm_Library_Source\UART_MasterSlave.c(77): warning:  #177-D: function "uart_pushAllData" was declared but never referenced
  static void uart_pushAllData(void)
..\Src\Comm_Library_Source\UART_MasterSlave.c(222): warning:  #177-D: function "uart_prepareTestData" was declared but never referenced
  static void uart_prepareTestData(void)
..\Src\Comm_Library_Source\UART_MasterSlave.c: 2 warnings, 0 errors
linking...
Program Size: Code=27104 RO-data=600 RW-data=520 ZI-data=27512  
"v4Hc\v4Hc.axf" - 0 Error(s), 18 Warning(s).

<h2>Software Packages used:</h2>

Package Vendor: ARM
                http://www.keil.com/pack/ARM.CMSIS.5.0.0-Beta4.pack
                ARM::CMSIS:CORE:5.0.0
                CMSIS (Cortex Microcontroller Software Interface Standard)
   * Component: CORE Version: 5.0.0

<h2>Collection of Component include folders:</h2>
  C:\Users\baris.cengiz\Dropbox\habas_310\v4hc\MDK-ARM\RTE
  C:\Keil_v5\ARM\PACK\ARM\CMSIS\5.0.0-Beta4\CMSIS\Include
  C:\Keil_v5\ARM\PACK\Keil\STM32F7xx_DFP\2.7.0\Drivers\CMSIS\Device\ST\STM32F7xx\Include

<h2>Collection of Component Files used:</h2>

   * Component: ARM::CMSIS:CORE:5.0.0
Build Time Elapsed:  00:00:24
</pre>
</body>
</html>
