<!doctype html public "-//w3c//dtd html 4.0 transitional//en">
<html><head>
<title>Static Call Graph - [v4Hc\v4Hc.axf]</title></head>
<body><HR>
<H1>Static Call Graph for image v4Hc\v4Hc.axf</H1><HR>
<BR><P>#&#060CALLGRAPH&#062# ARM Linker, 5060300: Last Updated: Sat Dec 02 13:20:44 2017
<BR><P>
<H3>Maximum Stack Usage =        280 bytes + Unknown(Cycles, Untraceable Function Pointers)</H3><H3>
Call chain for Maximum Stack Depth:</H3>
main &rArr; SystemClock_Config &rArr; HAL_RCC_ClockConfig &rArr; HAL_InitTick &rArr; HAL_NVIC_SetPriority
<P>
<H3>
Mutually Recursive functions
</H3> <LI><a href="#[2a]">ADC_IRQHandler</a>&nbsp;&nbsp;&nbsp;&rArr;&nbsp;&nbsp;&nbsp;<a href="#[2a]">ADC_IRQHandler</a><BR>
 <LI><a href="#[12]">BusFault_Handler</a>&nbsp;&nbsp;&nbsp;&rArr;&nbsp;&nbsp;&nbsp;<a href="#[12]">BusFault_Handler</a><BR>
 <LI><a href="#[10]">HardFault_Handler</a>&nbsp;&nbsp;&nbsp;&rArr;&nbsp;&nbsp;&nbsp;<a href="#[10]">HardFault_Handler</a><BR>
 <LI><a href="#[11]">MemManage_Handler</a>&nbsp;&nbsp;&nbsp;&rArr;&nbsp;&nbsp;&nbsp;<a href="#[11]">MemManage_Handler</a><BR>
 <LI><a href="#[13]">UsageFault_Handler</a>&nbsp;&nbsp;&nbsp;&rArr;&nbsp;&nbsp;&nbsp;<a href="#[13]">UsageFault_Handler</a><BR>
 <LI><a href="#[9e]">_Error_Handler</a>&nbsp;&nbsp;&nbsp;&rArr;&nbsp;&nbsp;&nbsp;<a href="#[9e]">_Error_Handler</a><BR>
</UL>
<P>
<H3>
Function Pointers
</H3><UL>
 <LI><a href="#[2a]">ADC_IRQHandler</a> from startup_stm32f767xx.o(.text) referenced from startup_stm32f767xx.o(RESET)
 <LI><a href="#[87]">ADC_MultiModeDMAConvCplt</a> from stm32f7xx_hal_adc_ex.o(i.ADC_MultiModeDMAConvCplt) referenced from stm32f7xx_hal_adc_ex.o(i.HAL_ADCEx_MultiModeStart_DMA)
 <LI><a href="#[89]">ADC_MultiModeDMAError</a> from stm32f7xx_hal_adc_ex.o(i.ADC_MultiModeDMAError) referenced from stm32f7xx_hal_adc_ex.o(i.HAL_ADCEx_MultiModeStart_DMA)
 <LI><a href="#[88]">ADC_MultiModeDMAHalfConvCplt</a> from stm32f7xx_hal_adc_ex.o(i.ADC_MultiModeDMAHalfConvCplt) referenced from stm32f7xx_hal_adc_ex.o(i.HAL_ADCEx_MultiModeStart_DMA)
 <LI><a href="#[12]">BusFault_Handler</a> from stm32f7xx_it.o(i.BusFault_Handler) referenced from startup_stm32f767xx.o(RESET)
 <LI><a href="#[2c]">CAN1_RX0_IRQHandler</a> from startup_stm32f767xx.o(.text) referenced from startup_stm32f767xx.o(RESET)
 <LI><a href="#[2d]">CAN1_RX1_IRQHandler</a> from startup_stm32f767xx.o(.text) referenced from startup_stm32f767xx.o(RESET)
 <LI><a href="#[2e]">CAN1_SCE_IRQHandler</a> from startup_stm32f767xx.o(.text) referenced from startup_stm32f767xx.o(RESET)
 <LI><a href="#[2b]">CAN1_TX_IRQHandler</a> from startup_stm32f767xx.o(.text) referenced from startup_stm32f767xx.o(RESET)
 <LI><a href="#[58]">CAN2_RX0_IRQHandler</a> from startup_stm32f767xx.o(.text) referenced from startup_stm32f767xx.o(RESET)
 <LI><a href="#[59]">CAN2_RX1_IRQHandler</a> from startup_stm32f767xx.o(.text) referenced from startup_stm32f767xx.o(RESET)
 <LI><a href="#[5a]">CAN2_SCE_IRQHandler</a> from startup_stm32f767xx.o(.text) referenced from startup_stm32f767xx.o(RESET)
 <LI><a href="#[57]">CAN2_TX_IRQHandler</a> from startup_stm32f767xx.o(.text) referenced from startup_stm32f767xx.o(RESET)
 <LI><a href="#[7f]">CAN3_RX0_IRQHandler</a> from startup_stm32f767xx.o(.text) referenced from startup_stm32f767xx.o(RESET)
 <LI><a href="#[80]">CAN3_RX1_IRQHandler</a> from startup_stm32f767xx.o(.text) referenced from startup_stm32f767xx.o(RESET)
 <LI><a href="#[81]">CAN3_SCE_IRQHandler</a> from startup_stm32f767xx.o(.text) referenced from startup_stm32f767xx.o(RESET)
 <LI><a href="#[7e]">CAN3_TX_IRQHandler</a> from startup_stm32f767xx.o(.text) referenced from startup_stm32f767xx.o(RESET)
 <LI><a href="#[75]">CEC_IRQHandler</a> from startup_stm32f767xx.o(.text) referenced from startup_stm32f767xx.o(RESET)
 <LI><a href="#[66]">DCMI_IRQHandler</a> from startup_stm32f767xx.o(.text) referenced from startup_stm32f767xx.o(RESET)
 <LI><a href="#[79]">DFSDM1_FLT0_IRQHandler</a> from startup_stm32f767xx.o(.text) referenced from startup_stm32f767xx.o(RESET)
 <LI><a href="#[7a]">DFSDM1_FLT1_IRQHandler</a> from startup_stm32f767xx.o(.text) referenced from startup_stm32f767xx.o(RESET)
 <LI><a href="#[7b]">DFSDM1_FLT2_IRQHandler</a> from startup_stm32f767xx.o(.text) referenced from startup_stm32f767xx.o(RESET)
 <LI><a href="#[7c]">DFSDM1_FLT3_IRQHandler</a> from startup_stm32f767xx.o(.text) referenced from startup_stm32f767xx.o(RESET)
 <LI><a href="#[23]">DMA1_Stream0_IRQHandler</a> from startup_stm32f767xx.o(.text) referenced from startup_stm32f767xx.o(RESET)
 <LI><a href="#[24]">DMA1_Stream1_IRQHandler</a> from startup_stm32f767xx.o(.text) referenced from startup_stm32f767xx.o(RESET)
 <LI><a href="#[25]">DMA1_Stream2_IRQHandler</a> from startup_stm32f767xx.o(.text) referenced from startup_stm32f767xx.o(RESET)
 <LI><a href="#[26]">DMA1_Stream3_IRQHandler</a> from startup_stm32f767xx.o(.text) referenced from startup_stm32f767xx.o(RESET)
 <LI><a href="#[27]">DMA1_Stream4_IRQHandler</a> from startup_stm32f767xx.o(.text) referenced from startup_stm32f767xx.o(RESET)
 <LI><a href="#[28]">DMA1_Stream5_IRQHandler</a> from startup_stm32f767xx.o(.text) referenced from startup_stm32f767xx.o(RESET)
 <LI><a href="#[29]">DMA1_Stream6_IRQHandler</a> from startup_stm32f767xx.o(.text) referenced from startup_stm32f767xx.o(RESET)
 <LI><a href="#[47]">DMA1_Stream7_IRQHandler</a> from startup_stm32f767xx.o(.text) referenced from startup_stm32f767xx.o(RESET)
 <LI><a href="#[71]">DMA2D_IRQHandler</a> from startup_stm32f767xx.o(.text) referenced from startup_stm32f767xx.o(RESET)
 <LI><a href="#[50]">DMA2_Stream0_IRQHandler</a> from stm32f7xx_it.o(i.DMA2_Stream0_IRQHandler) referenced from startup_stm32f767xx.o(RESET)
 <LI><a href="#[51]">DMA2_Stream1_IRQHandler</a> from stm32f7xx_it.o(i.DMA2_Stream1_IRQHandler) referenced from startup_stm32f767xx.o(RESET)
 <LI><a href="#[52]">DMA2_Stream2_IRQHandler</a> from stm32f7xx_it.o(i.DMA2_Stream2_IRQHandler) referenced from startup_stm32f767xx.o(RESET)
 <LI><a href="#[53]">DMA2_Stream3_IRQHandler</a> from startup_stm32f767xx.o(.text) referenced from startup_stm32f767xx.o(RESET)
 <LI><a href="#[54]">DMA2_Stream4_IRQHandler</a> from startup_stm32f767xx.o(.text) referenced from startup_stm32f767xx.o(RESET)
 <LI><a href="#[5c]">DMA2_Stream5_IRQHandler</a> from startup_stm32f767xx.o(.text) referenced from startup_stm32f767xx.o(RESET)
 <LI><a href="#[5d]">DMA2_Stream6_IRQHandler</a> from startup_stm32f767xx.o(.text) referenced from startup_stm32f767xx.o(RESET)
 <LI><a href="#[5e]">DMA2_Stream7_IRQHandler</a> from startup_stm32f767xx.o(.text) referenced from startup_stm32f767xx.o(RESET)
 <LI><a href="#[15]">DebugMon_Handler</a> from stm32f7xx_it.o(i.DebugMon_Handler) referenced from startup_stm32f767xx.o(RESET)
 <LI><a href="#[55]">ETH_IRQHandler</a> from startup_stm32f767xx.o(.text) referenced from startup_stm32f767xx.o(RESET)
 <LI><a href="#[56]">ETH_WKUP_IRQHandler</a> from startup_stm32f767xx.o(.text) referenced from startup_stm32f767xx.o(RESET)
 <LI><a href="#[1e]">EXTI0_IRQHandler</a> from startup_stm32f767xx.o(.text) referenced from startup_stm32f767xx.o(RESET)
 <LI><a href="#[40]">EXTI15_10_IRQHandler</a> from stm32f7xx_it.o(i.EXTI15_10_IRQHandler) referenced from startup_stm32f767xx.o(RESET)
 <LI><a href="#[1f]">EXTI1_IRQHandler</a> from startup_stm32f767xx.o(.text) referenced from startup_stm32f767xx.o(RESET)
 <LI><a href="#[20]">EXTI2_IRQHandler</a> from startup_stm32f767xx.o(.text) referenced from startup_stm32f767xx.o(RESET)
 <LI><a href="#[21]">EXTI3_IRQHandler</a> from startup_stm32f767xx.o(.text) referenced from startup_stm32f767xx.o(RESET)
 <LI><a href="#[22]">EXTI4_IRQHandler</a> from startup_stm32f767xx.o(.text) referenced from startup_stm32f767xx.o(RESET)
 <LI><a href="#[2f]">EXTI9_5_IRQHandler</a> from startup_stm32f767xx.o(.text) referenced from startup_stm32f767xx.o(RESET)
 <LI><a href="#[1c]">FLASH_IRQHandler</a> from startup_stm32f767xx.o(.text) referenced from startup_stm32f767xx.o(RESET)
 <LI><a href="#[48]">FMC_IRQHandler</a> from startup_stm32f767xx.o(.text) referenced from startup_stm32f767xx.o(RESET)
 <LI><a href="#[68]">FPU_IRQHandler</a> from startup_stm32f767xx.o(.text) referenced from startup_stm32f767xx.o(RESET)
 <LI><a href="#[10]">HardFault_Handler</a> from stm32f7xx_it.o(i.HardFault_Handler) referenced from startup_stm32f767xx.o(RESET)
 <LI><a href="#[38]">I2C1_ER_IRQHandler</a> from startup_stm32f767xx.o(.text) referenced from startup_stm32f767xx.o(RESET)
 <LI><a href="#[37]">I2C1_EV_IRQHandler</a> from startup_stm32f767xx.o(.text) referenced from startup_stm32f767xx.o(RESET)
 <LI><a href="#[3a]">I2C2_ER_IRQHandler</a> from startup_stm32f767xx.o(.text) referenced from startup_stm32f767xx.o(RESET)
 <LI><a href="#[39]">I2C2_EV_IRQHandler</a> from startup_stm32f767xx.o(.text) referenced from startup_stm32f767xx.o(RESET)
 <LI><a href="#[61]">I2C3_ER_IRQHandler</a> from startup_stm32f767xx.o(.text) referenced from startup_stm32f767xx.o(RESET)
 <LI><a href="#[60]">I2C3_EV_IRQHandler</a> from startup_stm32f767xx.o(.text) referenced from startup_stm32f767xx.o(RESET)
 <LI><a href="#[77]">I2C4_ER_IRQHandler</a> from startup_stm32f767xx.o(.text) referenced from startup_stm32f767xx.o(RESET)
 <LI><a href="#[76]">I2C4_EV_IRQHandler</a> from startup_stm32f767xx.o(.text) referenced from startup_stm32f767xx.o(RESET)
 <LI><a href="#[82]">JPEG_IRQHandler</a> from startup_stm32f767xx.o(.text) referenced from startup_stm32f767xx.o(RESET)
 <LI><a href="#[74]">LPTIM1_IRQHandler</a> from startup_stm32f767xx.o(.text) referenced from startup_stm32f767xx.o(RESET)
 <LI><a href="#[70]">LTDC_ER_IRQHandler</a> from startup_stm32f767xx.o(.text) referenced from startup_stm32f767xx.o(RESET)
 <LI><a href="#[6f]">LTDC_IRQHandler</a> from startup_stm32f767xx.o(.text) referenced from startup_stm32f767xx.o(RESET)
 <LI><a href="#[83]">MDIOS_IRQHandler</a> from startup_stm32f767xx.o(.text) referenced from startup_stm32f767xx.o(RESET)
 <LI><a href="#[11]">MemManage_Handler</a> from stm32f7xx_it.o(i.MemManage_Handler) referenced from startup_stm32f767xx.o(RESET)
 <LI><a href="#[f]">NMI_Handler</a> from stm32f7xx_it.o(i.NMI_Handler) referenced from startup_stm32f767xx.o(RESET)
 <LI><a href="#[5b]">OTG_FS_IRQHandler</a> from startup_stm32f767xx.o(.text) referenced from startup_stm32f767xx.o(RESET)
 <LI><a href="#[42]">OTG_FS_WKUP_IRQHandler</a> from startup_stm32f767xx.o(.text) referenced from startup_stm32f767xx.o(RESET)
 <LI><a href="#[63]">OTG_HS_EP1_IN_IRQHandler</a> from startup_stm32f767xx.o(.text) referenced from startup_stm32f767xx.o(RESET)
 <LI><a href="#[62]">OTG_HS_EP1_OUT_IRQHandler</a> from startup_stm32f767xx.o(.text) referenced from startup_stm32f767xx.o(RESET)
 <LI><a href="#[65]">OTG_HS_IRQHandler</a> from startup_stm32f767xx.o(.text) referenced from startup_stm32f767xx.o(RESET)
 <LI><a href="#[64]">OTG_HS_WKUP_IRQHandler</a> from startup_stm32f767xx.o(.text) referenced from startup_stm32f767xx.o(RESET)
 <LI><a href="#[19]">PVD_IRQHandler</a> from startup_stm32f767xx.o(.text) referenced from startup_stm32f767xx.o(RESET)
 <LI><a href="#[16]">PendSV_Handler</a> from stm32f7xx_it.o(i.PendSV_Handler) referenced from startup_stm32f767xx.o(RESET)
 <LI><a href="#[73]">QUADSPI_IRQHandler</a> from startup_stm32f767xx.o(.text) referenced from startup_stm32f767xx.o(RESET)
 <LI><a href="#[1d]">RCC_IRQHandler</a> from startup_stm32f767xx.o(.text) referenced from startup_stm32f767xx.o(RESET)
 <LI><a href="#[67]">RNG_IRQHandler</a> from startup_stm32f767xx.o(.text) referenced from startup_stm32f767xx.o(RESET)
 <LI><a href="#[41]">RTC_Alarm_IRQHandler</a> from startup_stm32f767xx.o(.text) referenced from startup_stm32f767xx.o(RESET)
 <LI><a href="#[1b]">RTC_WKUP_IRQHandler</a> from startup_stm32f767xx.o(.text) referenced from startup_stm32f767xx.o(RESET)
 <LI><a href="#[e]">Reset_Handler</a> from startup_stm32f767xx.o(.text) referenced from startup_stm32f767xx.o(RESET)
 <LI><a href="#[6e]">SAI1_IRQHandler</a> from startup_stm32f767xx.o(.text) referenced from startup_stm32f767xx.o(RESET)
 <LI><a href="#[72]">SAI2_IRQHandler</a> from startup_stm32f767xx.o(.text) referenced from startup_stm32f767xx.o(RESET)
 <LI><a href="#[49]">SDMMC1_IRQHandler</a> from startup_stm32f767xx.o(.text) referenced from startup_stm32f767xx.o(RESET)
 <LI><a href="#[7d]">SDMMC2_IRQHandler</a> from startup_stm32f767xx.o(.text) referenced from startup_stm32f767xx.o(RESET)
 <LI><a href="#[78]">SPDIF_RX_IRQHandler</a> from startup_stm32f767xx.o(.text) referenced from startup_stm32f767xx.o(RESET)
 <LI><a href="#[3b]">SPI1_IRQHandler</a> from startup_stm32f767xx.o(.text) referenced from startup_stm32f767xx.o(RESET)
 <LI><a href="#[3c]">SPI2_IRQHandler</a> from stm32f7xx_it.o(i.SPI2_IRQHandler) referenced from startup_stm32f767xx.o(RESET)
 <LI><a href="#[4b]">SPI3_IRQHandler</a> from startup_stm32f767xx.o(.text) referenced from startup_stm32f767xx.o(RESET)
 <LI><a href="#[6b]">SPI4_IRQHandler</a> from startup_stm32f767xx.o(.text) referenced from startup_stm32f767xx.o(RESET)
 <LI><a href="#[6c]">SPI5_IRQHandler</a> from startup_stm32f767xx.o(.text) referenced from startup_stm32f767xx.o(RESET)
 <LI><a href="#[6d]">SPI6_IRQHandler</a> from startup_stm32f767xx.o(.text) referenced from startup_stm32f767xx.o(RESET)
 <LI><a href="#[8a]">SPI_DMAAbortOnError</a> from stm32f7xx_hal_spi.o(i.SPI_DMAAbortOnError) referenced from stm32f7xx_hal_spi.o(i.HAL_SPI_IRQHandler)
 <LI><a href="#[8b]">SPI_TxISR_16BIT</a> from stm32f7xx_hal_spi.o(i.SPI_TxISR_16BIT) referenced from stm32f7xx_hal_spi.o(i.HAL_SPI_Transmit_IT)
 <LI><a href="#[8c]">SPI_TxISR_8BIT</a> from stm32f7xx_hal_spi.o(i.SPI_TxISR_8BIT) referenced from stm32f7xx_hal_spi.o(i.HAL_SPI_Transmit_IT)
 <LI><a href="#[14]">SVC_Handler</a> from stm32f7xx_it.o(i.SVC_Handler) referenced from startup_stm32f767xx.o(RESET)
 <LI><a href="#[17]">SysTick_Handler</a> from stm32f7xx_it.o(i.SysTick_Handler) referenced from startup_stm32f767xx.o(RESET)
 <LI><a href="#[85]">SystemInit</a> from system_stm32f7xx.o(i.SystemInit) referenced from startup_stm32f767xx.o(.text)
 <LI><a href="#[1a]">TAMP_STAMP_IRQHandler</a> from startup_stm32f767xx.o(.text) referenced from startup_stm32f767xx.o(RESET)
 <LI><a href="#[30]">TIM1_BRK_TIM9_IRQHandler</a> from startup_stm32f767xx.o(.text) referenced from startup_stm32f767xx.o(RESET)
 <LI><a href="#[33]">TIM1_CC_IRQHandler</a> from startup_stm32f767xx.o(.text) referenced from startup_stm32f767xx.o(RESET)
 <LI><a href="#[32]">TIM1_TRG_COM_TIM11_IRQHandler</a> from startup_stm32f767xx.o(.text) referenced from startup_stm32f767xx.o(RESET)
 <LI><a href="#[31]">TIM1_UP_TIM10_IRQHandler</a> from stm32f7xx_it.o(i.TIM1_UP_TIM10_IRQHandler) referenced from startup_stm32f767xx.o(RESET)
 <LI><a href="#[34]">TIM2_IRQHandler</a> from startup_stm32f767xx.o(.text) referenced from startup_stm32f767xx.o(RESET)
 <LI><a href="#[35]">TIM3_IRQHandler</a> from startup_stm32f767xx.o(.text) referenced from startup_stm32f767xx.o(RESET)
 <LI><a href="#[36]">TIM4_IRQHandler</a> from startup_stm32f767xx.o(.text) referenced from startup_stm32f767xx.o(RESET)
 <LI><a href="#[4a]">TIM5_IRQHandler</a> from startup_stm32f767xx.o(.text) referenced from startup_stm32f767xx.o(RESET)
 <LI><a href="#[4e]">TIM6_DAC_IRQHandler</a> from startup_stm32f767xx.o(.text) referenced from startup_stm32f767xx.o(RESET)
 <LI><a href="#[4f]">TIM7_IRQHandler</a> from startup_stm32f767xx.o(.text) referenced from startup_stm32f767xx.o(RESET)
 <LI><a href="#[43]">TIM8_BRK_TIM12_IRQHandler</a> from startup_stm32f767xx.o(.text) referenced from startup_stm32f767xx.o(RESET)
 <LI><a href="#[46]">TIM8_CC_IRQHandler</a> from startup_stm32f767xx.o(.text) referenced from startup_stm32f767xx.o(RESET)
 <LI><a href="#[45]">TIM8_TRG_COM_TIM14_IRQHandler</a> from startup_stm32f767xx.o(.text) referenced from startup_stm32f767xx.o(RESET)
 <LI><a href="#[44]">TIM8_UP_TIM13_IRQHandler</a> from startup_stm32f767xx.o(.text) referenced from startup_stm32f767xx.o(RESET)
 <LI><a href="#[4c]">UART4_IRQHandler</a> from startup_stm32f767xx.o(.text) referenced from startup_stm32f767xx.o(RESET)
 <LI><a href="#[4d]">UART5_IRQHandler</a> from startup_stm32f767xx.o(.text) referenced from startup_stm32f767xx.o(RESET)
 <LI><a href="#[69]">UART7_IRQHandler</a> from startup_stm32f767xx.o(.text) referenced from startup_stm32f767xx.o(RESET)
 <LI><a href="#[6a]">UART8_IRQHandler</a> from startup_stm32f767xx.o(.text) referenced from startup_stm32f767xx.o(RESET)
 <LI><a href="#[8d]">UART_DMAAbortOnError</a> from stm32f7xx_hal_uart.o(i.UART_DMAAbortOnError) referenced from stm32f7xx_hal_uart.o(i.HAL_UART_IRQHandler)
 <LI><a href="#[3d]">USART1_IRQHandler</a> from startup_stm32f767xx.o(.text) referenced from startup_stm32f767xx.o(RESET)
 <LI><a href="#[3e]">USART2_IRQHandler</a> from stm32f7xx_it.o(i.USART2_IRQHandler) referenced from startup_stm32f767xx.o(RESET)
 <LI><a href="#[3f]">USART3_IRQHandler</a> from startup_stm32f767xx.o(.text) referenced from startup_stm32f767xx.o(RESET)
 <LI><a href="#[5f]">USART6_IRQHandler</a> from startup_stm32f767xx.o(.text) referenced from startup_stm32f767xx.o(RESET)
 <LI><a href="#[13]">UsageFault_Handler</a> from stm32f7xx_it.o(i.UsageFault_Handler) referenced from startup_stm32f767xx.o(RESET)
 <LI><a href="#[18]">WWDG_IRQHandler</a> from startup_stm32f767xx.o(.text) referenced from startup_stm32f767xx.o(RESET)
 <LI><a href="#[86]">__main</a> from entry.o(.ARM.Collect$$$$00000000) referenced from startup_stm32f767xx.o(.text)
 <LI><a href="#[7]">closedLoopMode</a> from closedloopmode.o(i.closedLoopMode) referenced 2 times from modes.o(.data)
 <LI><a href="#[1]">faultState</a> from faultstate.o(i.faultState) referenced 2 times from states.o(.data)
 <LI><a href="#[b]">firingTestMode</a> from firingtestmode.o(i.firingTestMode) referenced 2 times from modes.o(.data)
 <LI><a href="#[d]">hfMode</a> from hfmode.o(i.hfMode) referenced 2 times from modes.o(.data)
 <LI><a href="#[4]">idleState</a> from idlestate.o(i.idleState) referenced 2 times from states.o(.data)
 <LI><a href="#[c]">interMode</a> from intermode.o(i.interMode) referenced 2 times from modes.o(.data)
 <LI><a href="#[84]">main</a> from main.o(i.main) referenced from entry9a.o(.ARM.Collect$$$$0000000B)
 <LI><a href="#[a]">manualAngleMode</a> from manualanglemode.o(i.manualAngleMode) referenced 2 times from modes.o(.data)
 <LI><a href="#[9]">manualVarMode</a> from manualvarmode.o(i.manualVarMode) referenced 2 times from modes.o(.data)
 <LI><a href="#[8]">openLoopMode</a> from openloopmode.o(i.openLoopMode) referenced 2 times from modes.o(.data)
 <LI><a href="#[2]">readyState</a> from readystate.o(i.readyState) referenced 2 times from states.o(.data)
 <LI><a href="#[3]">runState</a> from runstate.o(i.runState) referenced 2 times from states.o(.data)
 <LI><a href="#[0]">startupState</a> from startupstate.o(i.startupState) referenced 2 times from states.o(.data)
 <LI><a href="#[5]">stoppedState</a> from stoppedstate.o(i.stoppedState) referenced 2 times from states.o(.data)
 <LI><a href="#[6]">trippedState</a> from trippedstate.o(i.trippedState) referenced 2 times from states.o(.data)
</UL>
<P>
<H3>
Global Symbols
</H3>
<P><STRONG><a name="[86]"></a>__main</STRONG> (Thumb, 0 bytes, Stack size unknown bytes, entry.o(.ARM.Collect$$$$00000000))
<BR>[Address Reference Count : 1]<UL><LI> startup_stm32f767xx.o(.text)
</UL>
<P><STRONG><a name="[10a]"></a>_main_stk</STRONG> (Thumb, 0 bytes, Stack size unknown bytes, entry2.o(.ARM.Collect$$$$00000001))

<P><STRONG><a name="[8e]"></a>_main_scatterload</STRONG> (Thumb, 0 bytes, Stack size unknown bytes, entry5.o(.ARM.Collect$$$$00000004))
<BR><BR>[Calls]<UL><LI><a href="#[8f]">&gt;&gt;</a>&nbsp;&nbsp;&nbsp;__scatterload
</UL>

<P><STRONG><a name="[90]"></a>__main_after_scatterload</STRONG> (Thumb, 0 bytes, Stack size unknown bytes, entry5.o(.ARM.Collect$$$$00000004))
<BR><BR>[Called By]<UL><LI><a href="#[8f]">&gt;&gt;</a>&nbsp;&nbsp;&nbsp;__scatterload
</UL>

<P><STRONG><a name="[10b]"></a>_main_clock</STRONG> (Thumb, 0 bytes, Stack size unknown bytes, entry7b.o(.ARM.Collect$$$$00000008))

<P><STRONG><a name="[10c]"></a>_main_cpp_init</STRONG> (Thumb, 0 bytes, Stack size unknown bytes, entry8b.o(.ARM.Collect$$$$0000000A))

<P><STRONG><a name="[10d]"></a>_main_init</STRONG> (Thumb, 0 bytes, Stack size unknown bytes, entry9a.o(.ARM.Collect$$$$0000000B))

<P><STRONG><a name="[10e]"></a>__rt_final_cpp</STRONG> (Thumb, 0 bytes, Stack size unknown bytes, entry10a.o(.ARM.Collect$$$$0000000D))

<P><STRONG><a name="[10f]"></a>__rt_final_exit</STRONG> (Thumb, 0 bytes, Stack size unknown bytes, entry11a.o(.ARM.Collect$$$$0000000F))

<P><STRONG><a name="[e]"></a>Reset_Handler</STRONG> (Thumb, 8 bytes, Stack size 0 bytes, startup_stm32f767xx.o(.text))
<BR>[Address Reference Count : 1]<UL><LI> startup_stm32f767xx.o(RESET)
</UL>
<P><STRONG><a name="[2a]"></a>ADC_IRQHandler</STRONG> (Thumb, 0 bytes, Stack size 0 bytes, startup_stm32f767xx.o(.text))
<BR><BR>[Calls]<UL><LI><a href="#[2a]">&gt;&gt;</a>&nbsp;&nbsp;&nbsp;ADC_IRQHandler
</UL>
<BR>[Called By]<UL><LI><a href="#[2a]">&gt;&gt;</a>&nbsp;&nbsp;&nbsp;ADC_IRQHandler
</UL>
<BR>[Address Reference Count : 1]<UL><LI> startup_stm32f767xx.o(RESET)
</UL>
<P><STRONG><a name="[2c]"></a>CAN1_RX0_IRQHandler</STRONG> (Thumb, 0 bytes, Stack size 0 bytes, startup_stm32f767xx.o(.text))
<BR>[Address Reference Count : 1]<UL><LI> startup_stm32f767xx.o(RESET)
</UL>
<P><STRONG><a name="[2d]"></a>CAN1_RX1_IRQHandler</STRONG> (Thumb, 0 bytes, Stack size 0 bytes, startup_stm32f767xx.o(.text))
<BR>[Address Reference Count : 1]<UL><LI> startup_stm32f767xx.o(RESET)
</UL>
<P><STRONG><a name="[2e]"></a>CAN1_SCE_IRQHandler</STRONG> (Thumb, 0 bytes, Stack size 0 bytes, startup_stm32f767xx.o(.text))
<BR>[Address Reference Count : 1]<UL><LI> startup_stm32f767xx.o(RESET)
</UL>
<P><STRONG><a name="[2b]"></a>CAN1_TX_IRQHandler</STRONG> (Thumb, 0 bytes, Stack size 0 bytes, startup_stm32f767xx.o(.text))
<BR>[Address Reference Count : 1]<UL><LI> startup_stm32f767xx.o(RESET)
</UL>
<P><STRONG><a name="[58]"></a>CAN2_RX0_IRQHandler</STRONG> (Thumb, 0 bytes, Stack size 0 bytes, startup_stm32f767xx.o(.text))
<BR>[Address Reference Count : 1]<UL><LI> startup_stm32f767xx.o(RESET)
</UL>
<P><STRONG><a name="[59]"></a>CAN2_RX1_IRQHandler</STRONG> (Thumb, 0 bytes, Stack size 0 bytes, startup_stm32f767xx.o(.text))
<BR>[Address Reference Count : 1]<UL><LI> startup_stm32f767xx.o(RESET)
</UL>
<P><STRONG><a name="[5a]"></a>CAN2_SCE_IRQHandler</STRONG> (Thumb, 0 bytes, Stack size 0 bytes, startup_stm32f767xx.o(.text))
<BR>[Address Reference Count : 1]<UL><LI> startup_stm32f767xx.o(RESET)
</UL>
<P><STRONG><a name="[57]"></a>CAN2_TX_IRQHandler</STRONG> (Thumb, 0 bytes, Stack size 0 bytes, startup_stm32f767xx.o(.text))
<BR>[Address Reference Count : 1]<UL><LI> startup_stm32f767xx.o(RESET)
</UL>
<P><STRONG><a name="[7f]"></a>CAN3_RX0_IRQHandler</STRONG> (Thumb, 0 bytes, Stack size 0 bytes, startup_stm32f767xx.o(.text))
<BR>[Address Reference Count : 1]<UL><LI> startup_stm32f767xx.o(RESET)
</UL>
<P><STRONG><a name="[80]"></a>CAN3_RX1_IRQHandler</STRONG> (Thumb, 0 bytes, Stack size 0 bytes, startup_stm32f767xx.o(.text))
<BR>[Address Reference Count : 1]<UL><LI> startup_stm32f767xx.o(RESET)
</UL>
<P><STRONG><a name="[81]"></a>CAN3_SCE_IRQHandler</STRONG> (Thumb, 0 bytes, Stack size 0 bytes, startup_stm32f767xx.o(.text))
<BR>[Address Reference Count : 1]<UL><LI> startup_stm32f767xx.o(RESET)
</UL>
<P><STRONG><a name="[7e]"></a>CAN3_TX_IRQHandler</STRONG> (Thumb, 0 bytes, Stack size 0 bytes, startup_stm32f767xx.o(.text))
<BR>[Address Reference Count : 1]<UL><LI> startup_stm32f767xx.o(RESET)
</UL>
<P><STRONG><a name="[75]"></a>CEC_IRQHandler</STRONG> (Thumb, 0 bytes, Stack size 0 bytes, startup_stm32f767xx.o(.text))
<BR>[Address Reference Count : 1]<UL><LI> startup_stm32f767xx.o(RESET)
</UL>
<P><STRONG><a name="[66]"></a>DCMI_IRQHandler</STRONG> (Thumb, 0 bytes, Stack size 0 bytes, startup_stm32f767xx.o(.text))
<BR>[Address Reference Count : 1]<UL><LI> startup_stm32f767xx.o(RESET)
</UL>
<P><STRONG><a name="[79]"></a>DFSDM1_FLT0_IRQHandler</STRONG> (Thumb, 0 bytes, Stack size 0 bytes, startup_stm32f767xx.o(.text))
<BR>[Address Reference Count : 1]<UL><LI> startup_stm32f767xx.o(RESET)
</UL>
<P><STRONG><a name="[7a]"></a>DFSDM1_FLT1_IRQHandler</STRONG> (Thumb, 0 bytes, Stack size 0 bytes, startup_stm32f767xx.o(.text))
<BR>[Address Reference Count : 1]<UL><LI> startup_stm32f767xx.o(RESET)
</UL>
<P><STRONG><a name="[7b]"></a>DFSDM1_FLT2_IRQHandler</STRONG> (Thumb, 0 bytes, Stack size 0 bytes, startup_stm32f767xx.o(.text))
<BR>[Address Reference Count : 1]<UL><LI> startup_stm32f767xx.o(RESET)
</UL>
<P><STRONG><a name="[7c]"></a>DFSDM1_FLT3_IRQHandler</STRONG> (Thumb, 0 bytes, Stack size 0 bytes, startup_stm32f767xx.o(.text))
<BR>[Address Reference Count : 1]<UL><LI> startup_stm32f767xx.o(RESET)
</UL>
<P><STRONG><a name="[23]"></a>DMA1_Stream0_IRQHandler</STRONG> (Thumb, 0 bytes, Stack size 0 bytes, startup_stm32f767xx.o(.text))
<BR>[Address Reference Count : 1]<UL><LI> startup_stm32f767xx.o(RESET)
</UL>
<P><STRONG><a name="[24]"></a>DMA1_Stream1_IRQHandler</STRONG> (Thumb, 0 bytes, Stack size 0 bytes, startup_stm32f767xx.o(.text))
<BR>[Address Reference Count : 1]<UL><LI> startup_stm32f767xx.o(RESET)
</UL>
<P><STRONG><a name="[25]"></a>DMA1_Stream2_IRQHandler</STRONG> (Thumb, 0 bytes, Stack size 0 bytes, startup_stm32f767xx.o(.text))
<BR>[Address Reference Count : 1]<UL><LI> startup_stm32f767xx.o(RESET)
</UL>
<P><STRONG><a name="[26]"></a>DMA1_Stream3_IRQHandler</STRONG> (Thumb, 0 bytes, Stack size 0 bytes, startup_stm32f767xx.o(.text))
<BR>[Address Reference Count : 1]<UL><LI> startup_stm32f767xx.o(RESET)
</UL>
<P><STRONG><a name="[27]"></a>DMA1_Stream4_IRQHandler</STRONG> (Thumb, 0 bytes, Stack size 0 bytes, startup_stm32f767xx.o(.text))
<BR>[Address Reference Count : 1]<UL><LI> startup_stm32f767xx.o(RESET)
</UL>
<P><STRONG><a name="[28]"></a>DMA1_Stream5_IRQHandler</STRONG> (Thumb, 0 bytes, Stack size 0 bytes, startup_stm32f767xx.o(.text))
<BR>[Address Reference Count : 1]<UL><LI> startup_stm32f767xx.o(RESET)
</UL>
<P><STRONG><a name="[29]"></a>DMA1_Stream6_IRQHandler</STRONG> (Thumb, 0 bytes, Stack size 0 bytes, startup_stm32f767xx.o(.text))
<BR>[Address Reference Count : 1]<UL><LI> startup_stm32f767xx.o(RESET)
</UL>
<P><STRONG><a name="[47]"></a>DMA1_Stream7_IRQHandler</STRONG> (Thumb, 0 bytes, Stack size 0 bytes, startup_stm32f767xx.o(.text))
<BR>[Address Reference Count : 1]<UL><LI> startup_stm32f767xx.o(RESET)
</UL>
<P><STRONG><a name="[71]"></a>DMA2D_IRQHandler</STRONG> (Thumb, 0 bytes, Stack size 0 bytes, startup_stm32f767xx.o(.text))
<BR>[Address Reference Count : 1]<UL><LI> startup_stm32f767xx.o(RESET)
</UL>
<P><STRONG><a name="[53]"></a>DMA2_Stream3_IRQHandler</STRONG> (Thumb, 0 bytes, Stack size 0 bytes, startup_stm32f767xx.o(.text))
<BR>[Address Reference Count : 1]<UL><LI> startup_stm32f767xx.o(RESET)
</UL>
<P><STRONG><a name="[54]"></a>DMA2_Stream4_IRQHandler</STRONG> (Thumb, 0 bytes, Stack size 0 bytes, startup_stm32f767xx.o(.text))
<BR>[Address Reference Count : 1]<UL><LI> startup_stm32f767xx.o(RESET)
</UL>
<P><STRONG><a name="[5c]"></a>DMA2_Stream5_IRQHandler</STRONG> (Thumb, 0 bytes, Stack size 0 bytes, startup_stm32f767xx.o(.text))
<BR>[Address Reference Count : 1]<UL><LI> startup_stm32f767xx.o(RESET)
</UL>
<P><STRONG><a name="[5d]"></a>DMA2_Stream6_IRQHandler</STRONG> (Thumb, 0 bytes, Stack size 0 bytes, startup_stm32f767xx.o(.text))
<BR>[Address Reference Count : 1]<UL><LI> startup_stm32f767xx.o(RESET)
</UL>
<P><STRONG><a name="[5e]"></a>DMA2_Stream7_IRQHandler</STRONG> (Thumb, 0 bytes, Stack size 0 bytes, startup_stm32f767xx.o(.text))
<BR>[Address Reference Count : 1]<UL><LI> startup_stm32f767xx.o(RESET)
</UL>
<P><STRONG><a name="[55]"></a>ETH_IRQHandler</STRONG> (Thumb, 0 bytes, Stack size 0 bytes, startup_stm32f767xx.o(.text))
<BR>[Address Reference Count : 1]<UL><LI> startup_stm32f767xx.o(RESET)
</UL>
<P><STRONG><a name="[56]"></a>ETH_WKUP_IRQHandler</STRONG> (Thumb, 0 bytes, Stack size 0 bytes, startup_stm32f767xx.o(.text))
<BR>[Address Reference Count : 1]<UL><LI> startup_stm32f767xx.o(RESET)
</UL>
<P><STRONG><a name="[1e]"></a>EXTI0_IRQHandler</STRONG> (Thumb, 0 bytes, Stack size 0 bytes, startup_stm32f767xx.o(.text))
<BR>[Address Reference Count : 1]<UL><LI> startup_stm32f767xx.o(RESET)
</UL>
<P><STRONG><a name="[1f]"></a>EXTI1_IRQHandler</STRONG> (Thumb, 0 bytes, Stack size 0 bytes, startup_stm32f767xx.o(.text))
<BR>[Address Reference Count : 1]<UL><LI> startup_stm32f767xx.o(RESET)
</UL>
<P><STRONG><a name="[20]"></a>EXTI2_IRQHandler</STRONG> (Thumb, 0 bytes, Stack size 0 bytes, startup_stm32f767xx.o(.text))
<BR>[Address Reference Count : 1]<UL><LI> startup_stm32f767xx.o(RESET)
</UL>
<P><STRONG><a name="[21]"></a>EXTI3_IRQHandler</STRONG> (Thumb, 0 bytes, Stack size 0 bytes, startup_stm32f767xx.o(.text))
<BR>[Address Reference Count : 1]<UL><LI> startup_stm32f767xx.o(RESET)
</UL>
<P><STRONG><a name="[22]"></a>EXTI4_IRQHandler</STRONG> (Thumb, 0 bytes, Stack size 0 bytes, startup_stm32f767xx.o(.text))
<BR>[Address Reference Count : 1]<UL><LI> startup_stm32f767xx.o(RESET)
</UL>
<P><STRONG><a name="[2f]"></a>EXTI9_5_IRQHandler</STRONG> (Thumb, 0 bytes, Stack size 0 bytes, startup_stm32f767xx.o(.text))
<BR>[Address Reference Count : 1]<UL><LI> startup_stm32f767xx.o(RESET)
</UL>
<P><STRONG><a name="[1c]"></a>FLASH_IRQHandler</STRONG> (Thumb, 0 bytes, Stack size 0 bytes, startup_stm32f767xx.o(.text))
<BR>[Address Reference Count : 1]<UL><LI> startup_stm32f767xx.o(RESET)
</UL>
<P><STRONG><a name="[48]"></a>FMC_IRQHandler</STRONG> (Thumb, 0 bytes, Stack size 0 bytes, startup_stm32f767xx.o(.text))
<BR>[Address Reference Count : 1]<UL><LI> startup_stm32f767xx.o(RESET)
</UL>
<P><STRONG><a name="[68]"></a>FPU_IRQHandler</STRONG> (Thumb, 0 bytes, Stack size 0 bytes, startup_stm32f767xx.o(.text))
<BR>[Address Reference Count : 1]<UL><LI> startup_stm32f767xx.o(RESET)
</UL>
<P><STRONG><a name="[38]"></a>I2C1_ER_IRQHandler</STRONG> (Thumb, 0 bytes, Stack size 0 bytes, startup_stm32f767xx.o(.text))
<BR>[Address Reference Count : 1]<UL><LI> startup_stm32f767xx.o(RESET)
</UL>
<P><STRONG><a name="[37]"></a>I2C1_EV_IRQHandler</STRONG> (Thumb, 0 bytes, Stack size 0 bytes, startup_stm32f767xx.o(.text))
<BR>[Address Reference Count : 1]<UL><LI> startup_stm32f767xx.o(RESET)
</UL>
<P><STRONG><a name="[3a]"></a>I2C2_ER_IRQHandler</STRONG> (Thumb, 0 bytes, Stack size 0 bytes, startup_stm32f767xx.o(.text))
<BR>[Address Reference Count : 1]<UL><LI> startup_stm32f767xx.o(RESET)
</UL>
<P><STRONG><a name="[39]"></a>I2C2_EV_IRQHandler</STRONG> (Thumb, 0 bytes, Stack size 0 bytes, startup_stm32f767xx.o(.text))
<BR>[Address Reference Count : 1]<UL><LI> startup_stm32f767xx.o(RESET)
</UL>
<P><STRONG><a name="[61]"></a>I2C3_ER_IRQHandler</STRONG> (Thumb, 0 bytes, Stack size 0 bytes, startup_stm32f767xx.o(.text))
<BR>[Address Reference Count : 1]<UL><LI> startup_stm32f767xx.o(RESET)
</UL>
<P><STRONG><a name="[60]"></a>I2C3_EV_IRQHandler</STRONG> (Thumb, 0 bytes, Stack size 0 bytes, startup_stm32f767xx.o(.text))
<BR>[Address Reference Count : 1]<UL><LI> startup_stm32f767xx.o(RESET)
</UL>
<P><STRONG><a name="[77]"></a>I2C4_ER_IRQHandler</STRONG> (Thumb, 0 bytes, Stack size 0 bytes, startup_stm32f767xx.o(.text))
<BR>[Address Reference Count : 1]<UL><LI> startup_stm32f767xx.o(RESET)
</UL>
<P><STRONG><a name="[76]"></a>I2C4_EV_IRQHandler</STRONG> (Thumb, 0 bytes, Stack size 0 bytes, startup_stm32f767xx.o(.text))
<BR>[Address Reference Count : 1]<UL><LI> startup_stm32f767xx.o(RESET)
</UL>
<P><STRONG><a name="[82]"></a>JPEG_IRQHandler</STRONG> (Thumb, 0 bytes, Stack size 0 bytes, startup_stm32f767xx.o(.text))
<BR>[Address Reference Count : 1]<UL><LI> startup_stm32f767xx.o(RESET)
</UL>
<P><STRONG><a name="[74]"></a>LPTIM1_IRQHandler</STRONG> (Thumb, 0 bytes, Stack size 0 bytes, startup_stm32f767xx.o(.text))
<BR>[Address Reference Count : 1]<UL><LI> startup_stm32f767xx.o(RESET)
</UL>
<P><STRONG><a name="[70]"></a>LTDC_ER_IRQHandler</STRONG> (Thumb, 0 bytes, Stack size 0 bytes, startup_stm32f767xx.o(.text))
<BR>[Address Reference Count : 1]<UL><LI> startup_stm32f767xx.o(RESET)
</UL>
<P><STRONG><a name="[6f]"></a>LTDC_IRQHandler</STRONG> (Thumb, 0 bytes, Stack size 0 bytes, startup_stm32f767xx.o(.text))
<BR>[Address Reference Count : 1]<UL><LI> startup_stm32f767xx.o(RESET)
</UL>
<P><STRONG><a name="[83]"></a>MDIOS_IRQHandler</STRONG> (Thumb, 0 bytes, Stack size 0 bytes, startup_stm32f767xx.o(.text))
<BR>[Address Reference Count : 1]<UL><LI> startup_stm32f767xx.o(RESET)
</UL>
<P><STRONG><a name="[5b]"></a>OTG_FS_IRQHandler</STRONG> (Thumb, 0 bytes, Stack size 0 bytes, startup_stm32f767xx.o(.text))
<BR>[Address Reference Count : 1]<UL><LI> startup_stm32f767xx.o(RESET)
</UL>
<P><STRONG><a name="[42]"></a>OTG_FS_WKUP_IRQHandler</STRONG> (Thumb, 0 bytes, Stack size 0 bytes, startup_stm32f767xx.o(.text))
<BR>[Address Reference Count : 1]<UL><LI> startup_stm32f767xx.o(RESET)
</UL>
<P><STRONG><a name="[63]"></a>OTG_HS_EP1_IN_IRQHandler</STRONG> (Thumb, 0 bytes, Stack size 0 bytes, startup_stm32f767xx.o(.text))
<BR>[Address Reference Count : 1]<UL><LI> startup_stm32f767xx.o(RESET)
</UL>
<P><STRONG><a name="[62]"></a>OTG_HS_EP1_OUT_IRQHandler</STRONG> (Thumb, 0 bytes, Stack size 0 bytes, startup_stm32f767xx.o(.text))
<BR>[Address Reference Count : 1]<UL><LI> startup_stm32f767xx.o(RESET)
</UL>
<P><STRONG><a name="[65]"></a>OTG_HS_IRQHandler</STRONG> (Thumb, 0 bytes, Stack size 0 bytes, startup_stm32f767xx.o(.text))
<BR>[Address Reference Count : 1]<UL><LI> startup_stm32f767xx.o(RESET)
</UL>
<P><STRONG><a name="[64]"></a>OTG_HS_WKUP_IRQHandler</STRONG> (Thumb, 0 bytes, Stack size 0 bytes, startup_stm32f767xx.o(.text))
<BR>[Address Reference Count : 1]<UL><LI> startup_stm32f767xx.o(RESET)
</UL>
<P><STRONG><a name="[19]"></a>PVD_IRQHandler</STRONG> (Thumb, 0 bytes, Stack size 0 bytes, startup_stm32f767xx.o(.text))
<BR>[Address Reference Count : 1]<UL><LI> startup_stm32f767xx.o(RESET)
</UL>
<P><STRONG><a name="[73]"></a>QUADSPI_IRQHandler</STRONG> (Thumb, 0 bytes, Stack size 0 bytes, startup_stm32f767xx.o(.text))
<BR>[Address Reference Count : 1]<UL><LI> startup_stm32f767xx.o(RESET)
</UL>
<P><STRONG><a name="[1d]"></a>RCC_IRQHandler</STRONG> (Thumb, 0 bytes, Stack size 0 bytes, startup_stm32f767xx.o(.text))
<BR>[Address Reference Count : 1]<UL><LI> startup_stm32f767xx.o(RESET)
</UL>
<P><STRONG><a name="[67]"></a>RNG_IRQHandler</STRONG> (Thumb, 0 bytes, Stack size 0 bytes, startup_stm32f767xx.o(.text))
<BR>[Address Reference Count : 1]<UL><LI> startup_stm32f767xx.o(RESET)
</UL>
<P><STRONG><a name="[41]"></a>RTC_Alarm_IRQHandler</STRONG> (Thumb, 0 bytes, Stack size 0 bytes, startup_stm32f767xx.o(.text))
<BR>[Address Reference Count : 1]<UL><LI> startup_stm32f767xx.o(RESET)
</UL>
<P><STRONG><a name="[1b]"></a>RTC_WKUP_IRQHandler</STRONG> (Thumb, 0 bytes, Stack size 0 bytes, startup_stm32f767xx.o(.text))
<BR>[Address Reference Count : 1]<UL><LI> startup_stm32f767xx.o(RESET)
</UL>
<P><STRONG><a name="[6e]"></a>SAI1_IRQHandler</STRONG> (Thumb, 0 bytes, Stack size 0 bytes, startup_stm32f767xx.o(.text))
<BR>[Address Reference Count : 1]<UL><LI> startup_stm32f767xx.o(RESET)
</UL>
<P><STRONG><a name="[72]"></a>SAI2_IRQHandler</STRONG> (Thumb, 0 bytes, Stack size 0 bytes, startup_stm32f767xx.o(.text))
<BR>[Address Reference Count : 1]<UL><LI> startup_stm32f767xx.o(RESET)
</UL>
<P><STRONG><a name="[49]"></a>SDMMC1_IRQHandler</STRONG> (Thumb, 0 bytes, Stack size 0 bytes, startup_stm32f767xx.o(.text))
<BR>[Address Reference Count : 1]<UL><LI> startup_stm32f767xx.o(RESET)
</UL>
<P><STRONG><a name="[7d]"></a>SDMMC2_IRQHandler</STRONG> (Thumb, 0 bytes, Stack size 0 bytes, startup_stm32f767xx.o(.text))
<BR>[Address Reference Count : 1]<UL><LI> startup_stm32f767xx.o(RESET)
</UL>
<P><STRONG><a name="[78]"></a>SPDIF_RX_IRQHandler</STRONG> (Thumb, 0 bytes, Stack size 0 bytes, startup_stm32f767xx.o(.text))
<BR>[Address Reference Count : 1]<UL><LI> startup_stm32f767xx.o(RESET)
</UL>
<P><STRONG><a name="[3b]"></a>SPI1_IRQHandler</STRONG> (Thumb, 0 bytes, Stack size 0 bytes, startup_stm32f767xx.o(.text))
<BR>[Address Reference Count : 1]<UL><LI> startup_stm32f767xx.o(RESET)
</UL>
<P><STRONG><a name="[4b]"></a>SPI3_IRQHandler</STRONG> (Thumb, 0 bytes, Stack size 0 bytes, startup_stm32f767xx.o(.text))
<BR>[Address Reference Count : 1]<UL><LI> startup_stm32f767xx.o(RESET)
</UL>
<P><STRONG><a name="[6b]"></a>SPI4_IRQHandler</STRONG> (Thumb, 0 bytes, Stack size 0 bytes, startup_stm32f767xx.o(.text))
<BR>[Address Reference Count : 1]<UL><LI> startup_stm32f767xx.o(RESET)
</UL>
<P><STRONG><a name="[6c]"></a>SPI5_IRQHandler</STRONG> (Thumb, 0 bytes, Stack size 0 bytes, startup_stm32f767xx.o(.text))
<BR>[Address Reference Count : 1]<UL><LI> startup_stm32f767xx.o(RESET)
</UL>
<P><STRONG><a name="[6d]"></a>SPI6_IRQHandler</STRONG> (Thumb, 0 bytes, Stack size 0 bytes, startup_stm32f767xx.o(.text))
<BR>[Address Reference Count : 1]<UL><LI> startup_stm32f767xx.o(RESET)
</UL>
<P><STRONG><a name="[1a]"></a>TAMP_STAMP_IRQHandler</STRONG> (Thumb, 0 bytes, Stack size 0 bytes, startup_stm32f767xx.o(.text))
<BR>[Address Reference Count : 1]<UL><LI> startup_stm32f767xx.o(RESET)
</UL>
<P><STRONG><a name="[30]"></a>TIM1_BRK_TIM9_IRQHandler</STRONG> (Thumb, 0 bytes, Stack size 0 bytes, startup_stm32f767xx.o(.text))
<BR>[Address Reference Count : 1]<UL><LI> startup_stm32f767xx.o(RESET)
</UL>
<P><STRONG><a name="[33]"></a>TIM1_CC_IRQHandler</STRONG> (Thumb, 0 bytes, Stack size 0 bytes, startup_stm32f767xx.o(.text))
<BR>[Address Reference Count : 1]<UL><LI> startup_stm32f767xx.o(RESET)
</UL>
<P><STRONG><a name="[32]"></a>TIM1_TRG_COM_TIM11_IRQHandler</STRONG> (Thumb, 0 bytes, Stack size 0 bytes, startup_stm32f767xx.o(.text))
<BR>[Address Reference Count : 1]<UL><LI> startup_stm32f767xx.o(RESET)
</UL>
<P><STRONG><a name="[34]"></a>TIM2_IRQHandler</STRONG> (Thumb, 0 bytes, Stack size 0 bytes, startup_stm32f767xx.o(.text))
<BR>[Address Reference Count : 1]<UL><LI> startup_stm32f767xx.o(RESET)
</UL>
<P><STRONG><a name="[35]"></a>TIM3_IRQHandler</STRONG> (Thumb, 0 bytes, Stack size 0 bytes, startup_stm32f767xx.o(.text))
<BR>[Address Reference Count : 1]<UL><LI> startup_stm32f767xx.o(RESET)
</UL>
<P><STRONG><a name="[36]"></a>TIM4_IRQHandler</STRONG> (Thumb, 0 bytes, Stack size 0 bytes, startup_stm32f767xx.o(.text))
<BR>[Address Reference Count : 1]<UL><LI> startup_stm32f767xx.o(RESET)
</UL>
<P><STRONG><a name="[4a]"></a>TIM5_IRQHandler</STRONG> (Thumb, 0 bytes, Stack size 0 bytes, startup_stm32f767xx.o(.text))
<BR>[Address Reference Count : 1]<UL><LI> startup_stm32f767xx.o(RESET)
</UL>
<P><STRONG><a name="[4e]"></a>TIM6_DAC_IRQHandler</STRONG> (Thumb, 0 bytes, Stack size 0 bytes, startup_stm32f767xx.o(.text))
<BR>[Address Reference Count : 1]<UL><LI> startup_stm32f767xx.o(RESET)
</UL>
<P><STRONG><a name="[4f]"></a>TIM7_IRQHandler</STRONG> (Thumb, 0 bytes, Stack size 0 bytes, startup_stm32f767xx.o(.text))
<BR>[Address Reference Count : 1]<UL><LI> startup_stm32f767xx.o(RESET)
</UL>
<P><STRONG><a name="[43]"></a>TIM8_BRK_TIM12_IRQHandler</STRONG> (Thumb, 0 bytes, Stack size 0 bytes, startup_stm32f767xx.o(.text))
<BR>[Address Reference Count : 1]<UL><LI> startup_stm32f767xx.o(RESET)
</UL>
<P><STRONG><a name="[46]"></a>TIM8_CC_IRQHandler</STRONG> (Thumb, 0 bytes, Stack size 0 bytes, startup_stm32f767xx.o(.text))
<BR>[Address Reference Count : 1]<UL><LI> startup_stm32f767xx.o(RESET)
</UL>
<P><STRONG><a name="[45]"></a>TIM8_TRG_COM_TIM14_IRQHandler</STRONG> (Thumb, 0 bytes, Stack size 0 bytes, startup_stm32f767xx.o(.text))
<BR>[Address Reference Count : 1]<UL><LI> startup_stm32f767xx.o(RESET)
</UL>
<P><STRONG><a name="[44]"></a>TIM8_UP_TIM13_IRQHandler</STRONG> (Thumb, 0 bytes, Stack size 0 bytes, startup_stm32f767xx.o(.text))
<BR>[Address Reference Count : 1]<UL><LI> startup_stm32f767xx.o(RESET)
</UL>
<P><STRONG><a name="[4c]"></a>UART4_IRQHandler</STRONG> (Thumb, 0 bytes, Stack size 0 bytes, startup_stm32f767xx.o(.text))
<BR>[Address Reference Count : 1]<UL><LI> startup_stm32f767xx.o(RESET)
</UL>
<P><STRONG><a name="[4d]"></a>UART5_IRQHandler</STRONG> (Thumb, 0 bytes, Stack size 0 bytes, startup_stm32f767xx.o(.text))
<BR>[Address Reference Count : 1]<UL><LI> startup_stm32f767xx.o(RESET)
</UL>
<P><STRONG><a name="[69]"></a>UART7_IRQHandler</STRONG> (Thumb, 0 bytes, Stack size 0 bytes, startup_stm32f767xx.o(.text))
<BR>[Address Reference Count : 1]<UL><LI> startup_stm32f767xx.o(RESET)
</UL>
<P><STRONG><a name="[6a]"></a>UART8_IRQHandler</STRONG> (Thumb, 0 bytes, Stack size 0 bytes, startup_stm32f767xx.o(.text))
<BR>[Address Reference Count : 1]<UL><LI> startup_stm32f767xx.o(RESET)
</UL>
<P><STRONG><a name="[3d]"></a>USART1_IRQHandler</STRONG> (Thumb, 0 bytes, Stack size 0 bytes, startup_stm32f767xx.o(.text))
<BR>[Address Reference Count : 1]<UL><LI> startup_stm32f767xx.o(RESET)
</UL>
<P><STRONG><a name="[3f]"></a>USART3_IRQHandler</STRONG> (Thumb, 0 bytes, Stack size 0 bytes, startup_stm32f767xx.o(.text))
<BR>[Address Reference Count : 1]<UL><LI> startup_stm32f767xx.o(RESET)
</UL>
<P><STRONG><a name="[5f]"></a>USART6_IRQHandler</STRONG> (Thumb, 0 bytes, Stack size 0 bytes, startup_stm32f767xx.o(.text))
<BR>[Address Reference Count : 1]<UL><LI> startup_stm32f767xx.o(RESET)
</UL>
<P><STRONG><a name="[18]"></a>WWDG_IRQHandler</STRONG> (Thumb, 0 bytes, Stack size 0 bytes, startup_stm32f767xx.o(.text))
<BR>[Address Reference Count : 1]<UL><LI> startup_stm32f767xx.o(RESET)
</UL>
<P><STRONG><a name="[110]"></a>__aeabi_memcpy</STRONG> (Thumb, 36 bytes, Stack size 0 bytes, memcpya.o(.text), UNUSED)

<P><STRONG><a name="[99]"></a>__aeabi_memcpy4</STRONG> (Thumb, 0 bytes, Stack size 0 bytes, memcpya.o(.text))
<BR><BR>[Called By]<UL><LI><a href="#[f2]">&gt;&gt;</a>&nbsp;&nbsp;&nbsp;init_conversion
<LI><a href="#[91]">&gt;&gt;</a>&nbsp;&nbsp;&nbsp;HAL_ADC_ConvCpltCallback
</UL>

<P><STRONG><a name="[111]"></a>__aeabi_memcpy8</STRONG> (Thumb, 0 bytes, Stack size 0 bytes, memcpya.o(.text), UNUSED)

<P><STRONG><a name="[8f]"></a>__scatterload</STRONG> (Thumb, 28 bytes, Stack size 0 bytes, init.o(.text))
<BR><BR>[Calls]<UL><LI><a href="#[90]">&gt;&gt;</a>&nbsp;&nbsp;&nbsp;__main_after_scatterload
</UL>
<BR>[Called By]<UL><LI><a href="#[8e]">&gt;&gt;</a>&nbsp;&nbsp;&nbsp;_main_scatterload
</UL>

<P><STRONG><a name="[112]"></a>__scatterload_rt2</STRONG> (Thumb, 0 bytes, Stack size 0 bytes, init.o(.text), UNUSED)

<P><STRONG><a name="[113]"></a>__decompress</STRONG> (Thumb, 0 bytes, Stack size unknown bytes, __dczerorl2.o(.text), UNUSED)

<P><STRONG><a name="[114]"></a>__decompress1</STRONG> (Thumb, 86 bytes, Stack size unknown bytes, __dczerorl2.o(.text), UNUSED)

<P><STRONG><a name="[12]"></a>BusFault_Handler</STRONG> (Thumb, 2 bytes, Stack size 0 bytes, stm32f7xx_it.o(i.BusFault_Handler))
<BR><BR>[Calls]<UL><LI><a href="#[12]">&gt;&gt;</a>&nbsp;&nbsp;&nbsp;BusFault_Handler
</UL>
<BR>[Called By]<UL><LI><a href="#[12]">&gt;&gt;</a>&nbsp;&nbsp;&nbsp;BusFault_Handler
</UL>
<BR>[Address Reference Count : 1]<UL><LI> startup_stm32f767xx.o(RESET)
</UL>
<P><STRONG><a name="[50]"></a>DMA2_Stream0_IRQHandler</STRONG> (Thumb, 6 bytes, Stack size 0 bytes, stm32f7xx_it.o(i.DMA2_Stream0_IRQHandler))
<BR><BR>[Stack]<UL><LI>Max Depth = 32<LI>Call Chain = DMA2_Stream0_IRQHandler &rArr; HAL_DMA_IRQHandler
</UL>
<BR>[Calls]<UL><LI><a href="#[94]">&gt;&gt;</a>&nbsp;&nbsp;&nbsp;HAL_DMA_IRQHandler
</UL>
<BR>[Address Reference Count : 1]<UL><LI> startup_stm32f767xx.o(RESET)
</UL>
<P><STRONG><a name="[51]"></a>DMA2_Stream1_IRQHandler</STRONG> (Thumb, 6 bytes, Stack size 0 bytes, stm32f7xx_it.o(i.DMA2_Stream1_IRQHandler))
<BR><BR>[Stack]<UL><LI>Max Depth = 32<LI>Call Chain = DMA2_Stream1_IRQHandler &rArr; HAL_DMA_IRQHandler
</UL>
<BR>[Calls]<UL><LI><a href="#[94]">&gt;&gt;</a>&nbsp;&nbsp;&nbsp;HAL_DMA_IRQHandler
</UL>
<BR>[Address Reference Count : 1]<UL><LI> startup_stm32f767xx.o(RESET)
</UL>
<P><STRONG><a name="[52]"></a>DMA2_Stream2_IRQHandler</STRONG> (Thumb, 6 bytes, Stack size 0 bytes, stm32f7xx_it.o(i.DMA2_Stream2_IRQHandler))
<BR><BR>[Stack]<UL><LI>Max Depth = 32<LI>Call Chain = DMA2_Stream2_IRQHandler &rArr; HAL_DMA_IRQHandler
</UL>
<BR>[Calls]<UL><LI><a href="#[94]">&gt;&gt;</a>&nbsp;&nbsp;&nbsp;HAL_DMA_IRQHandler
</UL>
<BR>[Address Reference Count : 1]<UL><LI> startup_stm32f767xx.o(RESET)
</UL>
<P><STRONG><a name="[15]"></a>DebugMon_Handler</STRONG> (Thumb, 2 bytes, Stack size 0 bytes, stm32f7xx_it.o(i.DebugMon_Handler))
<BR>[Address Reference Count : 1]<UL><LI> startup_stm32f767xx.o(RESET)
</UL>
<P><STRONG><a name="[40]"></a>EXTI15_10_IRQHandler</STRONG> (Thumb, 20 bytes, Stack size 8 bytes, stm32f7xx_it.o(i.EXTI15_10_IRQHandler))
<BR><BR>[Stack]<UL><LI>Max Depth = 16<LI>Call Chain = EXTI15_10_IRQHandler &rArr; HAL_GPIO_EXTI_IRQHandler
</UL>
<BR>[Calls]<UL><LI><a href="#[95]">&gt;&gt;</a>&nbsp;&nbsp;&nbsp;HAL_GPIO_EXTI_IRQHandler
</UL>
<BR>[Address Reference Count : 1]<UL><LI> startup_stm32f767xx.o(RESET)
</UL>
<P><STRONG><a name="[ce]"></a>HAL_ADCEx_MultiModeConfigChannel</STRONG> (Thumb, 116 bytes, Stack size 4 bytes, stm32f7xx_hal_adc_ex.o(i.HAL_ADCEx_MultiModeConfigChannel))
<BR><BR>[Stack]<UL><LI>Max Depth = 4<LI>Call Chain = HAL_ADCEx_MultiModeConfigChannel
</UL>
<BR>[Called By]<UL><LI><a href="#[cd]">&gt;&gt;</a>&nbsp;&nbsp;&nbsp;MX_ADC1_Init
</UL>

<P><STRONG><a name="[96]"></a>HAL_ADCEx_MultiModeStart_DMA</STRONG> (Thumb, 330 bytes, Stack size 24 bytes, stm32f7xx_hal_adc_ex.o(i.HAL_ADCEx_MultiModeStart_DMA))
<BR><BR>[Stack]<UL><LI>Max Depth = 40<LI>Call Chain = HAL_ADCEx_MultiModeStart_DMA &rArr; HAL_DMA_Start_IT
</UL>
<BR>[Calls]<UL><LI><a href="#[97]">&gt;&gt;</a>&nbsp;&nbsp;&nbsp;HAL_DMA_Start_IT
</UL>
<BR>[Called By]<UL><LI><a href="#[84]">&gt;&gt;</a>&nbsp;&nbsp;&nbsp;main
</UL>

<P><STRONG><a name="[cf]"></a>HAL_ADC_ConfigChannel</STRONG> (Thumb, 442 bytes, Stack size 20 bytes, stm32f7xx_hal_adc.o(i.HAL_ADC_ConfigChannel))
<BR><BR>[Stack]<UL><LI>Max Depth = 20<LI>Call Chain = HAL_ADC_ConfigChannel
</UL>
<BR>[Called By]<UL><LI><a href="#[d1]">&gt;&gt;</a>&nbsp;&nbsp;&nbsp;MX_ADC3_Init
<LI><a href="#[d0]">&gt;&gt;</a>&nbsp;&nbsp;&nbsp;MX_ADC2_Init
<LI><a href="#[cd]">&gt;&gt;</a>&nbsp;&nbsp;&nbsp;MX_ADC1_Init
</UL>

<P><STRONG><a name="[91]"></a>HAL_ADC_ConvCpltCallback</STRONG> (Thumb, 502 bytes, Stack size 8 bytes, conversion.o(i.HAL_ADC_ConvCpltCallback))
<BR><BR>[Stack]<UL><LI>Max Depth = 8<LI>Call Chain = HAL_ADC_ConvCpltCallback
</UL>
<BR>[Calls]<UL><LI><a href="#[98]">&gt;&gt;</a>&nbsp;&nbsp;&nbsp;HAL_GPIO_WritePin
<LI><a href="#[99]">&gt;&gt;</a>&nbsp;&nbsp;&nbsp;__aeabi_memcpy4
</UL>
<BR>[Called By]<UL><LI><a href="#[87]">&gt;&gt;</a>&nbsp;&nbsp;&nbsp;ADC_MultiModeDMAConvCplt
</UL>

<P><STRONG><a name="[93]"></a>HAL_ADC_ConvHalfCpltCallback</STRONG> (Thumb, 2 bytes, Stack size 0 bytes, stm32f7xx_hal_adc.o(i.HAL_ADC_ConvHalfCpltCallback))
<BR><BR>[Called By]<UL><LI><a href="#[88]">&gt;&gt;</a>&nbsp;&nbsp;&nbsp;ADC_MultiModeDMAHalfConvCplt
</UL>

<P><STRONG><a name="[92]"></a>HAL_ADC_ErrorCallback</STRONG> (Thumb, 2 bytes, Stack size 0 bytes, stm32f7xx_hal_adc.o(i.HAL_ADC_ErrorCallback))
<BR><BR>[Called By]<UL><LI><a href="#[89]">&gt;&gt;</a>&nbsp;&nbsp;&nbsp;ADC_MultiModeDMAError
</UL>

<P><STRONG><a name="[9a]"></a>HAL_ADC_Init</STRONG> (Thumb, 368 bytes, Stack size 16 bytes, stm32f7xx_hal_adc.o(i.HAL_ADC_Init))
<BR><BR>[Stack]<UL><LI>Max Depth = 120<LI>Call Chain = HAL_ADC_Init &rArr; HAL_ADC_MspInit &rArr; HAL_GPIO_Init
</UL>
<BR>[Calls]<UL><LI><a href="#[9b]">&gt;&gt;</a>&nbsp;&nbsp;&nbsp;HAL_ADC_MspInit
</UL>
<BR>[Called By]<UL><LI><a href="#[d1]">&gt;&gt;</a>&nbsp;&nbsp;&nbsp;MX_ADC3_Init
<LI><a href="#[d0]">&gt;&gt;</a>&nbsp;&nbsp;&nbsp;MX_ADC2_Init
<LI><a href="#[cd]">&gt;&gt;</a>&nbsp;&nbsp;&nbsp;MX_ADC1_Init
</UL>

<P><STRONG><a name="[9b]"></a>HAL_ADC_MspInit</STRONG> (Thumb, 378 bytes, Stack size 64 bytes, adc.o(i.HAL_ADC_MspInit))
<BR><BR>[Stack]<UL><LI>Max Depth = 104<LI>Call Chain = HAL_ADC_MspInit &rArr; HAL_GPIO_Init
</UL>
<BR>[Calls]<UL><LI><a href="#[9c]">&gt;&gt;</a>&nbsp;&nbsp;&nbsp;HAL_GPIO_Init
<LI><a href="#[9d]">&gt;&gt;</a>&nbsp;&nbsp;&nbsp;HAL_DMA_Init
<LI><a href="#[9e]">&gt;&gt;</a>&nbsp;&nbsp;&nbsp;_Error_Handler
</UL>
<BR>[Called By]<UL><LI><a href="#[9a]">&gt;&gt;</a>&nbsp;&nbsp;&nbsp;HAL_ADC_Init
</UL>

<P><STRONG><a name="[f9]"></a>HAL_ADC_Start</STRONG> (Thumb, 260 bytes, Stack size 8 bytes, stm32f7xx_hal_adc.o(i.HAL_ADC_Start))
<BR><BR>[Stack]<UL><LI>Max Depth = 8<LI>Call Chain = HAL_ADC_Start
</UL>
<BR>[Called By]<UL><LI><a href="#[84]">&gt;&gt;</a>&nbsp;&nbsp;&nbsp;main
</UL>

<P><STRONG><a name="[b1]"></a>HAL_DMA_Abort_IT</STRONG> (Thumb, 36 bytes, Stack size 0 bytes, stm32f7xx_hal_dma.o(i.HAL_DMA_Abort_IT))
<BR><BR>[Called By]<UL><LI><a href="#[b0]">&gt;&gt;</a>&nbsp;&nbsp;&nbsp;HAL_SPI_IRQHandler
<LI><a href="#[c3]">&gt;&gt;</a>&nbsp;&nbsp;&nbsp;HAL_UART_IRQHandler
</UL>

<P><STRONG><a name="[94]"></a>HAL_DMA_IRQHandler</STRONG> (Thumb, 464 bytes, Stack size 32 bytes, stm32f7xx_hal_dma.o(i.HAL_DMA_IRQHandler))
<BR><BR>[Stack]<UL><LI>Max Depth = 32<LI>Call Chain = HAL_DMA_IRQHandler
</UL>
<BR>[Called By]<UL><LI><a href="#[52]">&gt;&gt;</a>&nbsp;&nbsp;&nbsp;DMA2_Stream2_IRQHandler
<LI><a href="#[51]">&gt;&gt;</a>&nbsp;&nbsp;&nbsp;DMA2_Stream1_IRQHandler
<LI><a href="#[50]">&gt;&gt;</a>&nbsp;&nbsp;&nbsp;DMA2_Stream0_IRQHandler
</UL>

<P><STRONG><a name="[9d]"></a>HAL_DMA_Init</STRONG> (Thumb, 350 bytes, Stack size 32 bytes, stm32f7xx_hal_dma.o(i.HAL_DMA_Init))
<BR><BR>[Stack]<UL><LI>Max Depth = 32<LI>Call Chain = HAL_DMA_Init
</UL>
<BR>[Calls]<UL><LI><a href="#[9f]">&gt;&gt;</a>&nbsp;&nbsp;&nbsp;HAL_GetTick
</UL>
<BR>[Called By]<UL><LI><a href="#[9b]">&gt;&gt;</a>&nbsp;&nbsp;&nbsp;HAL_ADC_MspInit
</UL>

<P><STRONG><a name="[97]"></a>HAL_DMA_Start_IT</STRONG> (Thumb, 156 bytes, Stack size 16 bytes, stm32f7xx_hal_dma.o(i.HAL_DMA_Start_IT))
<BR><BR>[Stack]<UL><LI>Max Depth = 16<LI>Call Chain = HAL_DMA_Start_IT
</UL>
<BR>[Called By]<UL><LI><a href="#[96]">&gt;&gt;</a>&nbsp;&nbsp;&nbsp;HAL_ADCEx_MultiModeStart_DMA
</UL>

<P><STRONG><a name="[a0]"></a>HAL_GPIO_EXTI_Callback</STRONG> (Thumb, 2 bytes, Stack size 0 bytes, stm32f7xx_hal_gpio.o(i.HAL_GPIO_EXTI_Callback))
<BR><BR>[Called By]<UL><LI><a href="#[95]">&gt;&gt;</a>&nbsp;&nbsp;&nbsp;HAL_GPIO_EXTI_IRQHandler
</UL>

<P><STRONG><a name="[95]"></a>HAL_GPIO_EXTI_IRQHandler</STRONG> (Thumb, 20 bytes, Stack size 8 bytes, stm32f7xx_hal_gpio.o(i.HAL_GPIO_EXTI_IRQHandler))
<BR><BR>[Stack]<UL><LI>Max Depth = 8<LI>Call Chain = HAL_GPIO_EXTI_IRQHandler
</UL>
<BR>[Calls]<UL><LI><a href="#[a0]">&gt;&gt;</a>&nbsp;&nbsp;&nbsp;HAL_GPIO_EXTI_Callback
</UL>
<BR>[Called By]<UL><LI><a href="#[40]">&gt;&gt;</a>&nbsp;&nbsp;&nbsp;EXTI15_10_IRQHandler
</UL>

<P><STRONG><a name="[9c]"></a>HAL_GPIO_Init</STRONG> (Thumb, 572 bytes, Stack size 40 bytes, stm32f7xx_hal_gpio.o(i.HAL_GPIO_Init))
<BR><BR>[Stack]<UL><LI>Max Depth = 40<LI>Call Chain = HAL_GPIO_Init
</UL>
<BR>[Called By]<UL><LI><a href="#[9b]">&gt;&gt;</a>&nbsp;&nbsp;&nbsp;HAL_ADC_MspInit
<LI><a href="#[b4]">&gt;&gt;</a>&nbsp;&nbsp;&nbsp;HAL_SPI_MspInit
<LI><a href="#[a9]">&gt;&gt;</a>&nbsp;&nbsp;&nbsp;HAL_QSPI_MspInit
<LI><a href="#[c8]">&gt;&gt;</a>&nbsp;&nbsp;&nbsp;HAL_UART_MspInit
<LI><a href="#[d3]">&gt;&gt;</a>&nbsp;&nbsp;&nbsp;MX_GPIO_Init
</UL>

<P><STRONG><a name="[f6]"></a>HAL_GPIO_ReadPin</STRONG> (Thumb, 10 bytes, Stack size 0 bytes, stm32f7xx_hal_gpio.o(i.HAL_GPIO_ReadPin))
<BR><BR>[Called By]<UL><LI><a href="#[f5]">&gt;&gt;</a>&nbsp;&nbsp;&nbsp;ios
</UL>

<P><STRONG><a name="[98]"></a>HAL_GPIO_WritePin</STRONG> (Thumb, 10 bytes, Stack size 0 bytes, stm32f7xx_hal_gpio.o(i.HAL_GPIO_WritePin))
<BR><BR>[Called By]<UL><LI><a href="#[d3]">&gt;&gt;</a>&nbsp;&nbsp;&nbsp;MX_GPIO_Init
<LI><a href="#[84]">&gt;&gt;</a>&nbsp;&nbsp;&nbsp;main
<LI><a href="#[f5]">&gt;&gt;</a>&nbsp;&nbsp;&nbsp;ios
<LI><a href="#[91]">&gt;&gt;</a>&nbsp;&nbsp;&nbsp;HAL_ADC_ConvCpltCallback
</UL>

<P><STRONG><a name="[9f]"></a>HAL_GetTick</STRONG> (Thumb, 6 bytes, Stack size 0 bytes, stm32f7xx_hal.o(i.HAL_GetTick))
<BR><BR>[Called By]<UL><LI><a href="#[aa]">&gt;&gt;</a>&nbsp;&nbsp;&nbsp;QSPI_WaitFlagStateUntilTimeout
<LI><a href="#[9d]">&gt;&gt;</a>&nbsp;&nbsp;&nbsp;HAL_DMA_Init
<LI><a href="#[a8]">&gt;&gt;</a>&nbsp;&nbsp;&nbsp;HAL_QSPI_Init
<LI><a href="#[e3]">&gt;&gt;</a>&nbsp;&nbsp;&nbsp;SPI_WaitFlagStateUntilTimeout
<LI><a href="#[e2]">&gt;&gt;</a>&nbsp;&nbsp;&nbsp;SPI_WaitFifoStateUntilTimeout
<LI><a href="#[8c]">&gt;&gt;</a>&nbsp;&nbsp;&nbsp;SPI_TxISR_8BIT
<LI><a href="#[8b]">&gt;&gt;</a>&nbsp;&nbsp;&nbsp;SPI_TxISR_16BIT
<LI><a href="#[a7]">&gt;&gt;</a>&nbsp;&nbsp;&nbsp;HAL_PWREx_EnableOverDrive
<LI><a href="#[eb]">&gt;&gt;</a>&nbsp;&nbsp;&nbsp;UART_WaitOnFlagUntilTimeout
<LI><a href="#[cb]">&gt;&gt;</a>&nbsp;&nbsp;&nbsp;UART_CheckIdleState
<LI><a href="#[ae]">&gt;&gt;</a>&nbsp;&nbsp;&nbsp;HAL_RTC_Init
<LI><a href="#[ad]">&gt;&gt;</a>&nbsp;&nbsp;&nbsp;HAL_RCC_OscConfig
<LI><a href="#[ac]">&gt;&gt;</a>&nbsp;&nbsp;&nbsp;HAL_RCC_ClockConfig
<LI><a href="#[ab]">&gt;&gt;</a>&nbsp;&nbsp;&nbsp;HAL_RCCEx_PeriphCLKConfig
</UL>

<P><STRONG><a name="[e5]"></a>HAL_IncTick</STRONG> (Thumb, 10 bytes, Stack size 0 bytes, stm32f7xx_hal.o(i.HAL_IncTick))
<BR><BR>[Called By]<UL><LI><a href="#[17]">&gt;&gt;</a>&nbsp;&nbsp;&nbsp;SysTick_Handler
</UL>

<P><STRONG><a name="[a1]"></a>HAL_Init</STRONG> (Thumb, 22 bytes, Stack size 8 bytes, stm32f7xx_hal.o(i.HAL_Init))
<BR><BR>[Stack]<UL><LI>Max Depth = 24<LI>Call Chain = HAL_Init &rArr; HAL_InitTick &rArr; HAL_NVIC_SetPriority
</UL>
<BR>[Calls]<UL><LI><a href="#[a3]">&gt;&gt;</a>&nbsp;&nbsp;&nbsp;HAL_InitTick
<LI><a href="#[a2]">&gt;&gt;</a>&nbsp;&nbsp;&nbsp;HAL_NVIC_SetPriorityGrouping
<LI><a href="#[a4]">&gt;&gt;</a>&nbsp;&nbsp;&nbsp;HAL_MspInit
</UL>
<BR>[Called By]<UL><LI><a href="#[84]">&gt;&gt;</a>&nbsp;&nbsp;&nbsp;main
</UL>

<P><STRONG><a name="[a3]"></a>HAL_InitTick</STRONG> (Thumb, 34 bytes, Stack size 8 bytes, stm32f7xx_hal.o(i.HAL_InitTick))
<BR><BR>[Stack]<UL><LI>Max Depth = 16<LI>Call Chain = HAL_InitTick &rArr; HAL_NVIC_SetPriority
</UL>
<BR>[Calls]<UL><LI><a href="#[a5]">&gt;&gt;</a>&nbsp;&nbsp;&nbsp;HAL_SYSTICK_Config
<LI><a href="#[a6]">&gt;&gt;</a>&nbsp;&nbsp;&nbsp;HAL_NVIC_SetPriority
</UL>
<BR>[Called By]<UL><LI><a href="#[a1]">&gt;&gt;</a>&nbsp;&nbsp;&nbsp;HAL_Init
<LI><a href="#[ac]">&gt;&gt;</a>&nbsp;&nbsp;&nbsp;HAL_RCC_ClockConfig
</UL>

<P><STRONG><a name="[a4]"></a>HAL_MspInit</STRONG> (Thumb, 88 bytes, Stack size 8 bytes, stm32f7xx_hal_msp.o(i.HAL_MspInit))
<BR><BR>[Stack]<UL><LI>Max Depth = 16<LI>Call Chain = HAL_MspInit &rArr; HAL_NVIC_SetPriority
</UL>
<BR>[Calls]<UL><LI><a href="#[a2]">&gt;&gt;</a>&nbsp;&nbsp;&nbsp;HAL_NVIC_SetPriorityGrouping
<LI><a href="#[a6]">&gt;&gt;</a>&nbsp;&nbsp;&nbsp;HAL_NVIC_SetPriority
</UL>
<BR>[Called By]<UL><LI><a href="#[a1]">&gt;&gt;</a>&nbsp;&nbsp;&nbsp;HAL_Init
</UL>

<P><STRONG><a name="[b5]"></a>HAL_NVIC_EnableIRQ</STRONG> (Thumb, 24 bytes, Stack size 0 bytes, stm32f7xx_hal_cortex.o(i.HAL_NVIC_EnableIRQ))
<BR><BR>[Called By]<UL><LI><a href="#[b4]">&gt;&gt;</a>&nbsp;&nbsp;&nbsp;HAL_SPI_MspInit
<LI><a href="#[c8]">&gt;&gt;</a>&nbsp;&nbsp;&nbsp;HAL_UART_MspInit
<LI><a href="#[b9]">&gt;&gt;</a>&nbsp;&nbsp;&nbsp;HAL_TIM_Base_MspInit
<LI><a href="#[d3]">&gt;&gt;</a>&nbsp;&nbsp;&nbsp;MX_GPIO_Init
<LI><a href="#[d2]">&gt;&gt;</a>&nbsp;&nbsp;&nbsp;MX_DMA_Init
<LI><a href="#[84]">&gt;&gt;</a>&nbsp;&nbsp;&nbsp;main
</UL>

<P><STRONG><a name="[a6]"></a>HAL_NVIC_SetPriority</STRONG> (Thumb, 92 bytes, Stack size 8 bytes, stm32f7xx_hal_cortex.o(i.HAL_NVIC_SetPriority))
<BR><BR>[Stack]<UL><LI>Max Depth = 8<LI>Call Chain = HAL_NVIC_SetPriority
</UL>
<BR>[Called By]<UL><LI><a href="#[a3]">&gt;&gt;</a>&nbsp;&nbsp;&nbsp;HAL_InitTick
<LI><a href="#[b4]">&gt;&gt;</a>&nbsp;&nbsp;&nbsp;HAL_SPI_MspInit
<LI><a href="#[a4]">&gt;&gt;</a>&nbsp;&nbsp;&nbsp;HAL_MspInit
<LI><a href="#[c8]">&gt;&gt;</a>&nbsp;&nbsp;&nbsp;HAL_UART_MspInit
<LI><a href="#[b9]">&gt;&gt;</a>&nbsp;&nbsp;&nbsp;HAL_TIM_Base_MspInit
<LI><a href="#[d3]">&gt;&gt;</a>&nbsp;&nbsp;&nbsp;MX_GPIO_Init
<LI><a href="#[d2]">&gt;&gt;</a>&nbsp;&nbsp;&nbsp;MX_DMA_Init
<LI><a href="#[84]">&gt;&gt;</a>&nbsp;&nbsp;&nbsp;main
<LI><a href="#[e8]">&gt;&gt;</a>&nbsp;&nbsp;&nbsp;SystemClock_Config
</UL>

<P><STRONG><a name="[a2]"></a>HAL_NVIC_SetPriorityGrouping</STRONG> (Thumb, 30 bytes, Stack size 0 bytes, stm32f7xx_hal_cortex.o(i.HAL_NVIC_SetPriorityGrouping))
<BR><BR>[Called By]<UL><LI><a href="#[a1]">&gt;&gt;</a>&nbsp;&nbsp;&nbsp;HAL_Init
<LI><a href="#[a4]">&gt;&gt;</a>&nbsp;&nbsp;&nbsp;HAL_MspInit
</UL>

<P><STRONG><a name="[a7]"></a>HAL_PWREx_EnableOverDrive</STRONG> (Thumb, 116 bytes, Stack size 16 bytes, stm32f7xx_hal_pwr_ex.o(i.HAL_PWREx_EnableOverDrive))
<BR><BR>[Stack]<UL><LI>Max Depth = 16<LI>Call Chain = HAL_PWREx_EnableOverDrive
</UL>
<BR>[Calls]<UL><LI><a href="#[9f]">&gt;&gt;</a>&nbsp;&nbsp;&nbsp;HAL_GetTick
</UL>
<BR>[Called By]<UL><LI><a href="#[e8]">&gt;&gt;</a>&nbsp;&nbsp;&nbsp;SystemClock_Config
</UL>

<P><STRONG><a name="[a8]"></a>HAL_QSPI_Init</STRONG> (Thumb, 200 bytes, Stack size 32 bytes, stm32f7xx_hal_qspi.o(i.HAL_QSPI_Init))
<BR><BR>[Stack]<UL><LI>Max Depth = 120<LI>Call Chain = HAL_QSPI_Init &rArr; HAL_QSPI_MspInit &rArr; HAL_GPIO_Init
</UL>
<BR>[Calls]<UL><LI><a href="#[aa]">&gt;&gt;</a>&nbsp;&nbsp;&nbsp;QSPI_WaitFlagStateUntilTimeout
<LI><a href="#[9f]">&gt;&gt;</a>&nbsp;&nbsp;&nbsp;HAL_GetTick
<LI><a href="#[a9]">&gt;&gt;</a>&nbsp;&nbsp;&nbsp;HAL_QSPI_MspInit
</UL>
<BR>[Called By]<UL><LI><a href="#[d4]">&gt;&gt;</a>&nbsp;&nbsp;&nbsp;MX_QUADSPI_Init
</UL>

<P><STRONG><a name="[a9]"></a>HAL_QSPI_MspInit</STRONG> (Thumb, 118 bytes, Stack size 48 bytes, quadspi.o(i.HAL_QSPI_MspInit))
<BR><BR>[Stack]<UL><LI>Max Depth = 88<LI>Call Chain = HAL_QSPI_MspInit &rArr; HAL_GPIO_Init
</UL>
<BR>[Calls]<UL><LI><a href="#[9c]">&gt;&gt;</a>&nbsp;&nbsp;&nbsp;HAL_GPIO_Init
</UL>
<BR>[Called By]<UL><LI><a href="#[a8]">&gt;&gt;</a>&nbsp;&nbsp;&nbsp;HAL_QSPI_Init
</UL>

<P><STRONG><a name="[ab]"></a>HAL_RCCEx_PeriphCLKConfig</STRONG> (Thumb, 1496 bytes, Stack size 40 bytes, stm32f7xx_hal_rcc_ex.o(i.HAL_RCCEx_PeriphCLKConfig))
<BR><BR>[Stack]<UL><LI>Max Depth = 40<LI>Call Chain = HAL_RCCEx_PeriphCLKConfig
</UL>
<BR>[Calls]<UL><LI><a href="#[9f]">&gt;&gt;</a>&nbsp;&nbsp;&nbsp;HAL_GetTick
</UL>
<BR>[Called By]<UL><LI><a href="#[e8]">&gt;&gt;</a>&nbsp;&nbsp;&nbsp;SystemClock_Config
</UL>

<P><STRONG><a name="[ac]"></a>HAL_RCC_ClockConfig</STRONG> (Thumb, 392 bytes, Stack size 32 bytes, stm32f7xx_hal_rcc.o(i.HAL_RCC_ClockConfig))
<BR><BR>[Stack]<UL><LI>Max Depth = 48<LI>Call Chain = HAL_RCC_ClockConfig &rArr; HAL_InitTick &rArr; HAL_NVIC_SetPriority
</UL>
<BR>[Calls]<UL><LI><a href="#[9f]">&gt;&gt;</a>&nbsp;&nbsp;&nbsp;HAL_GetTick
<LI><a href="#[a3]">&gt;&gt;</a>&nbsp;&nbsp;&nbsp;HAL_InitTick
</UL>
<BR>[Called By]<UL><LI><a href="#[e8]">&gt;&gt;</a>&nbsp;&nbsp;&nbsp;SystemClock_Config
</UL>

<P><STRONG><a name="[e9]"></a>HAL_RCC_GetHCLKFreq</STRONG> (Thumb, 6 bytes, Stack size 0 bytes, stm32f7xx_hal_rcc.o(i.HAL_RCC_GetHCLKFreq))
<BR><BR>[Called By]<UL><LI><a href="#[e8]">&gt;&gt;</a>&nbsp;&nbsp;&nbsp;SystemClock_Config
</UL>

<P><STRONG><a name="[ec]"></a>HAL_RCC_GetPCLK1Freq</STRONG> (Thumb, 20 bytes, Stack size 0 bytes, stm32f7xx_hal_rcc.o(i.HAL_RCC_GetPCLK1Freq))
<BR><BR>[Called By]<UL><LI><a href="#[c9]">&gt;&gt;</a>&nbsp;&nbsp;&nbsp;UART_SetConfig
</UL>

<P><STRONG><a name="[ed]"></a>HAL_RCC_GetPCLK2Freq</STRONG> (Thumb, 20 bytes, Stack size 0 bytes, stm32f7xx_hal_rcc.o(i.HAL_RCC_GetPCLK2Freq))
<BR><BR>[Called By]<UL><LI><a href="#[c9]">&gt;&gt;</a>&nbsp;&nbsp;&nbsp;UART_SetConfig
</UL>

<P><STRONG><a name="[ee]"></a>HAL_RCC_GetSysClockFreq</STRONG> (Thumb, 94 bytes, Stack size 0 bytes, stm32f7xx_hal_rcc.o(i.HAL_RCC_GetSysClockFreq))
<BR><BR>[Called By]<UL><LI><a href="#[c9]">&gt;&gt;</a>&nbsp;&nbsp;&nbsp;UART_SetConfig
</UL>

<P><STRONG><a name="[ad]"></a>HAL_RCC_OscConfig</STRONG> (Thumb, 928 bytes, Stack size 40 bytes, stm32f7xx_hal_rcc.o(i.HAL_RCC_OscConfig))
<BR><BR>[Stack]<UL><LI>Max Depth = 40<LI>Call Chain = HAL_RCC_OscConfig
</UL>
<BR>[Calls]<UL><LI><a href="#[9f]">&gt;&gt;</a>&nbsp;&nbsp;&nbsp;HAL_GetTick
</UL>
<BR>[Called By]<UL><LI><a href="#[e8]">&gt;&gt;</a>&nbsp;&nbsp;&nbsp;SystemClock_Config
</UL>

<P><STRONG><a name="[ae]"></a>HAL_RTC_Init</STRONG> (Thumb, 202 bytes, Stack size 16 bytes, stm32f7xx_hal_rtc.o(i.HAL_RTC_Init))
<BR><BR>[Stack]<UL><LI>Max Depth = 16<LI>Call Chain = HAL_RTC_Init
</UL>
<BR>[Calls]<UL><LI><a href="#[9f]">&gt;&gt;</a>&nbsp;&nbsp;&nbsp;HAL_GetTick
<LI><a href="#[af]">&gt;&gt;</a>&nbsp;&nbsp;&nbsp;HAL_RTC_MspInit
</UL>
<BR>[Called By]<UL><LI><a href="#[d5]">&gt;&gt;</a>&nbsp;&nbsp;&nbsp;MX_RTC_Init
</UL>

<P><STRONG><a name="[af]"></a>HAL_RTC_MspInit</STRONG> (Thumb, 26 bytes, Stack size 0 bytes, rtc.o(i.HAL_RTC_MspInit))
<BR><BR>[Called By]<UL><LI><a href="#[ae]">&gt;&gt;</a>&nbsp;&nbsp;&nbsp;HAL_RTC_Init
</UL>

<P><STRONG><a name="[b2]"></a>HAL_SPI_ErrorCallback</STRONG> (Thumb, 2 bytes, Stack size 0 bytes, stm32f7xx_hal_spi.o(i.HAL_SPI_ErrorCallback))
<BR><BR>[Called By]<UL><LI><a href="#[b0]">&gt;&gt;</a>&nbsp;&nbsp;&nbsp;HAL_SPI_IRQHandler
<LI><a href="#[8c]">&gt;&gt;</a>&nbsp;&nbsp;&nbsp;SPI_TxISR_8BIT
<LI><a href="#[8b]">&gt;&gt;</a>&nbsp;&nbsp;&nbsp;SPI_TxISR_16BIT
<LI><a href="#[8a]">&gt;&gt;</a>&nbsp;&nbsp;&nbsp;SPI_DMAAbortOnError
</UL>

<P><STRONG><a name="[b0]"></a>HAL_SPI_IRQHandler</STRONG> (Thumb, 242 bytes, Stack size 16 bytes, stm32f7xx_hal_spi.o(i.HAL_SPI_IRQHandler))
<BR><BR>[Stack]<UL><LI>Max Depth = 16<LI>Call Chain = HAL_SPI_IRQHandler
</UL>
<BR>[Calls]<UL><LI><a href="#[b2]">&gt;&gt;</a>&nbsp;&nbsp;&nbsp;HAL_SPI_ErrorCallback
<LI><a href="#[b1]">&gt;&gt;</a>&nbsp;&nbsp;&nbsp;HAL_DMA_Abort_IT
</UL>
<BR>[Called By]<UL><LI><a href="#[3c]">&gt;&gt;</a>&nbsp;&nbsp;&nbsp;SPI2_IRQHandler
</UL>

<P><STRONG><a name="[b3]"></a>HAL_SPI_Init</STRONG> (Thumb, 210 bytes, Stack size 32 bytes, stm32f7xx_hal_spi.o(i.HAL_SPI_Init))
<BR><BR>[Stack]<UL><LI>Max Depth = 104<LI>Call Chain = HAL_SPI_Init &rArr; HAL_SPI_MspInit &rArr; HAL_GPIO_Init
</UL>
<BR>[Calls]<UL><LI><a href="#[b4]">&gt;&gt;</a>&nbsp;&nbsp;&nbsp;HAL_SPI_MspInit
</UL>
<BR>[Called By]<UL><LI><a href="#[d6]">&gt;&gt;</a>&nbsp;&nbsp;&nbsp;MX_SPI2_Init
</UL>

<P><STRONG><a name="[b4]"></a>HAL_SPI_MspInit</STRONG> (Thumb, 90 bytes, Stack size 32 bytes, spi.o(i.HAL_SPI_MspInit))
<BR><BR>[Stack]<UL><LI>Max Depth = 72<LI>Call Chain = HAL_SPI_MspInit &rArr; HAL_GPIO_Init
</UL>
<BR>[Calls]<UL><LI><a href="#[9c]">&gt;&gt;</a>&nbsp;&nbsp;&nbsp;HAL_GPIO_Init
<LI><a href="#[a6]">&gt;&gt;</a>&nbsp;&nbsp;&nbsp;HAL_NVIC_SetPriority
<LI><a href="#[b5]">&gt;&gt;</a>&nbsp;&nbsp;&nbsp;HAL_NVIC_EnableIRQ
</UL>
<BR>[Called By]<UL><LI><a href="#[b3]">&gt;&gt;</a>&nbsp;&nbsp;&nbsp;HAL_SPI_Init
</UL>

<P><STRONG><a name="[107]"></a>HAL_SPI_Transmit_IT</STRONG> (Thumb, 152 bytes, Stack size 8 bytes, stm32f7xx_hal_spi.o(i.HAL_SPI_Transmit_IT))
<BR><BR>[Stack]<UL><LI>Max Depth = 8<LI>Call Chain = HAL_SPI_Transmit_IT
</UL>
<BR>[Called By]<UL><LI><a href="#[fe]">&gt;&gt;</a>&nbsp;&nbsp;&nbsp;spi_runComApp
</UL>

<P><STRONG><a name="[e4]"></a>HAL_SPI_TxCpltCallback</STRONG> (Thumb, 24 bytes, Stack size 0 bytes, spi_masterslave.o(i.HAL_SPI_TxCpltCallback))
<BR><BR>[Called By]<UL><LI><a href="#[8c]">&gt;&gt;</a>&nbsp;&nbsp;&nbsp;SPI_TxISR_8BIT
<LI><a href="#[8b]">&gt;&gt;</a>&nbsp;&nbsp;&nbsp;SPI_TxISR_16BIT
</UL>

<P><STRONG><a name="[ea]"></a>HAL_SYSTICK_CLKSourceConfig</STRONG> (Thumb, 22 bytes, Stack size 0 bytes, stm32f7xx_hal_cortex.o(i.HAL_SYSTICK_CLKSourceConfig))
<BR><BR>[Called By]<UL><LI><a href="#[e8]">&gt;&gt;</a>&nbsp;&nbsp;&nbsp;SystemClock_Config
</UL>

<P><STRONG><a name="[b7]"></a>HAL_SYSTICK_Callback</STRONG> (Thumb, 2 bytes, Stack size 0 bytes, stm32f7xx_hal_cortex.o(i.HAL_SYSTICK_Callback))
<BR><BR>[Called By]<UL><LI><a href="#[b6]">&gt;&gt;</a>&nbsp;&nbsp;&nbsp;HAL_SYSTICK_IRQHandler
</UL>

<P><STRONG><a name="[a5]"></a>HAL_SYSTICK_Config</STRONG> (Thumb, 36 bytes, Stack size 0 bytes, stm32f7xx_hal_cortex.o(i.HAL_SYSTICK_Config))
<BR><BR>[Called By]<UL><LI><a href="#[a3]">&gt;&gt;</a>&nbsp;&nbsp;&nbsp;HAL_InitTick
<LI><a href="#[e8]">&gt;&gt;</a>&nbsp;&nbsp;&nbsp;SystemClock_Config
</UL>

<P><STRONG><a name="[b6]"></a>HAL_SYSTICK_IRQHandler</STRONG> (Thumb, 8 bytes, Stack size 8 bytes, stm32f7xx_hal_cortex.o(i.HAL_SYSTICK_IRQHandler))
<BR><BR>[Stack]<UL><LI>Max Depth = 8<LI>Call Chain = HAL_SYSTICK_IRQHandler
</UL>
<BR>[Calls]<UL><LI><a href="#[b7]">&gt;&gt;</a>&nbsp;&nbsp;&nbsp;HAL_SYSTICK_Callback
</UL>
<BR>[Called By]<UL><LI><a href="#[17]">&gt;&gt;</a>&nbsp;&nbsp;&nbsp;SysTick_Handler
</UL>

<P><STRONG><a name="[c0]"></a>HAL_TIMEx_BreakCallback</STRONG> (Thumb, 2 bytes, Stack size 0 bytes, stm32f7xx_hal_tim_ex.o(i.HAL_TIMEx_BreakCallback))
<BR><BR>[Called By]<UL><LI><a href="#[bb]">&gt;&gt;</a>&nbsp;&nbsp;&nbsp;HAL_TIM_IRQHandler
</UL>

<P><STRONG><a name="[c2]"></a>HAL_TIMEx_CommutationCallback</STRONG> (Thumb, 2 bytes, Stack size 0 bytes, stm32f7xx_hal_tim_ex.o(i.HAL_TIMEx_CommutationCallback))
<BR><BR>[Called By]<UL><LI><a href="#[bb]">&gt;&gt;</a>&nbsp;&nbsp;&nbsp;HAL_TIM_IRQHandler
</UL>

<P><STRONG><a name="[d9]"></a>HAL_TIMEx_MasterConfigSynchronization</STRONG> (Thumb, 94 bytes, Stack size 8 bytes, stm32f7xx_hal_tim_ex.o(i.HAL_TIMEx_MasterConfigSynchronization))
<BR><BR>[Stack]<UL><LI>Max Depth = 8<LI>Call Chain = HAL_TIMEx_MasterConfigSynchronization
</UL>
<BR>[Called By]<UL><LI><a href="#[da]">&gt;&gt;</a>&nbsp;&nbsp;&nbsp;MX_TIM6_Init
<LI><a href="#[d7]">&gt;&gt;</a>&nbsp;&nbsp;&nbsp;MX_TIM1_Init
</UL>

<P><STRONG><a name="[b8]"></a>HAL_TIM_Base_Init</STRONG> (Thumb, 54 bytes, Stack size 8 bytes, stm32f7xx_hal_tim.o(i.HAL_TIM_Base_Init))
<BR><BR>[Stack]<UL><LI>Max Depth = 24<LI>Call Chain = HAL_TIM_Base_Init &rArr; TIM_Base_SetConfig
</UL>
<BR>[Calls]<UL><LI><a href="#[ba]">&gt;&gt;</a>&nbsp;&nbsp;&nbsp;TIM_Base_SetConfig
<LI><a href="#[b9]">&gt;&gt;</a>&nbsp;&nbsp;&nbsp;HAL_TIM_Base_MspInit
</UL>
<BR>[Called By]<UL><LI><a href="#[da]">&gt;&gt;</a>&nbsp;&nbsp;&nbsp;MX_TIM6_Init
<LI><a href="#[d7]">&gt;&gt;</a>&nbsp;&nbsp;&nbsp;MX_TIM1_Init
</UL>

<P><STRONG><a name="[b9]"></a>HAL_TIM_Base_MspInit</STRONG> (Thumb, 84 bytes, Stack size 8 bytes, tim.o(i.HAL_TIM_Base_MspInit))
<BR><BR>[Stack]<UL><LI>Max Depth = 16<LI>Call Chain = HAL_TIM_Base_MspInit &rArr; HAL_NVIC_SetPriority
</UL>
<BR>[Calls]<UL><LI><a href="#[a6]">&gt;&gt;</a>&nbsp;&nbsp;&nbsp;HAL_NVIC_SetPriority
<LI><a href="#[b5]">&gt;&gt;</a>&nbsp;&nbsp;&nbsp;HAL_NVIC_EnableIRQ
</UL>
<BR>[Called By]<UL><LI><a href="#[b8]">&gt;&gt;</a>&nbsp;&nbsp;&nbsp;HAL_TIM_Base_Init
</UL>

<P><STRONG><a name="[f8]"></a>HAL_TIM_Base_Start_IT</STRONG> (Thumb, 24 bytes, Stack size 0 bytes, stm32f7xx_hal_tim.o(i.HAL_TIM_Base_Start_IT))
<BR><BR>[Called By]<UL><LI><a href="#[84]">&gt;&gt;</a>&nbsp;&nbsp;&nbsp;main
</UL>

<P><STRONG><a name="[d8]"></a>HAL_TIM_ConfigClockSource</STRONG> (Thumb, 468 bytes, Stack size 12 bytes, stm32f7xx_hal_tim.o(i.HAL_TIM_ConfigClockSource))
<BR><BR>[Stack]<UL><LI>Max Depth = 12<LI>Call Chain = HAL_TIM_ConfigClockSource
</UL>
<BR>[Called By]<UL><LI><a href="#[d7]">&gt;&gt;</a>&nbsp;&nbsp;&nbsp;MX_TIM1_Init
</UL>

<P><STRONG><a name="[bc]"></a>HAL_TIM_IC_CaptureCallback</STRONG> (Thumb, 2 bytes, Stack size 0 bytes, stm32f7xx_hal_tim.o(i.HAL_TIM_IC_CaptureCallback))
<BR><BR>[Called By]<UL><LI><a href="#[bb]">&gt;&gt;</a>&nbsp;&nbsp;&nbsp;HAL_TIM_IRQHandler
</UL>

<P><STRONG><a name="[bb]"></a>HAL_TIM_IRQHandler</STRONG> (Thumb, 388 bytes, Stack size 16 bytes, stm32f7xx_hal_tim.o(i.HAL_TIM_IRQHandler))
<BR><BR>[Stack]<UL><LI>Max Depth = 16<LI>Call Chain = HAL_TIM_IRQHandler
</UL>
<BR>[Calls]<UL><LI><a href="#[c2]">&gt;&gt;</a>&nbsp;&nbsp;&nbsp;HAL_TIMEx_CommutationCallback
<LI><a href="#[c0]">&gt;&gt;</a>&nbsp;&nbsp;&nbsp;HAL_TIMEx_BreakCallback
<LI><a href="#[c1]">&gt;&gt;</a>&nbsp;&nbsp;&nbsp;HAL_TIM_TriggerCallback
<LI><a href="#[bf]">&gt;&gt;</a>&nbsp;&nbsp;&nbsp;HAL_TIM_PeriodElapsedCallback
<LI><a href="#[be]">&gt;&gt;</a>&nbsp;&nbsp;&nbsp;HAL_TIM_PWM_PulseFinishedCallback
<LI><a href="#[bd]">&gt;&gt;</a>&nbsp;&nbsp;&nbsp;HAL_TIM_OC_DelayElapsedCallback
<LI><a href="#[bc]">&gt;&gt;</a>&nbsp;&nbsp;&nbsp;HAL_TIM_IC_CaptureCallback
</UL>
<BR>[Called By]<UL><LI><a href="#[31]">&gt;&gt;</a>&nbsp;&nbsp;&nbsp;TIM1_UP_TIM10_IRQHandler
</UL>

<P><STRONG><a name="[bd]"></a>HAL_TIM_OC_DelayElapsedCallback</STRONG> (Thumb, 2 bytes, Stack size 0 bytes, stm32f7xx_hal_tim.o(i.HAL_TIM_OC_DelayElapsedCallback))
<BR><BR>[Called By]<UL><LI><a href="#[bb]">&gt;&gt;</a>&nbsp;&nbsp;&nbsp;HAL_TIM_IRQHandler
</UL>

<P><STRONG><a name="[be]"></a>HAL_TIM_PWM_PulseFinishedCallback</STRONG> (Thumb, 2 bytes, Stack size 0 bytes, stm32f7xx_hal_tim.o(i.HAL_TIM_PWM_PulseFinishedCallback))
<BR><BR>[Called By]<UL><LI><a href="#[bb]">&gt;&gt;</a>&nbsp;&nbsp;&nbsp;HAL_TIM_IRQHandler
</UL>

<P><STRONG><a name="[bf]"></a>HAL_TIM_PeriodElapsedCallback</STRONG> (Thumb, 2 bytes, Stack size 0 bytes, stm32f7xx_hal_tim.o(i.HAL_TIM_PeriodElapsedCallback))
<BR><BR>[Called By]<UL><LI><a href="#[bb]">&gt;&gt;</a>&nbsp;&nbsp;&nbsp;HAL_TIM_IRQHandler
</UL>

<P><STRONG><a name="[c1]"></a>HAL_TIM_TriggerCallback</STRONG> (Thumb, 2 bytes, Stack size 0 bytes, stm32f7xx_hal_tim.o(i.HAL_TIM_TriggerCallback))
<BR><BR>[Called By]<UL><LI><a href="#[bb]">&gt;&gt;</a>&nbsp;&nbsp;&nbsp;HAL_TIM_IRQHandler
</UL>

<P><STRONG><a name="[c5]"></a>HAL_UART_ErrorCallback</STRONG> (Thumb, 2 bytes, Stack size 0 bytes, stm32f7xx_hal_uart.o(i.HAL_UART_ErrorCallback))
<BR><BR>[Called By]<UL><LI><a href="#[c3]">&gt;&gt;</a>&nbsp;&nbsp;&nbsp;HAL_UART_IRQHandler
<LI><a href="#[8d]">&gt;&gt;</a>&nbsp;&nbsp;&nbsp;UART_DMAAbortOnError
</UL>

<P><STRONG><a name="[c3]"></a>HAL_UART_IRQHandler</STRONG> (Thumb, 652 bytes, Stack size 16 bytes, stm32f7xx_hal_uart.o(i.HAL_UART_IRQHandler))
<BR><BR>[Stack]<UL><LI>Max Depth = 32<LI>Call Chain = HAL_UART_IRQHandler &rArr; HAL_UART_RxCpltCallback
</UL>
<BR>[Calls]<UL><LI><a href="#[b1]">&gt;&gt;</a>&nbsp;&nbsp;&nbsp;HAL_DMA_Abort_IT
<LI><a href="#[c5]">&gt;&gt;</a>&nbsp;&nbsp;&nbsp;HAL_UART_ErrorCallback
<LI><a href="#[c6]">&gt;&gt;</a>&nbsp;&nbsp;&nbsp;HAL_UART_TxCpltCallback
<LI><a href="#[c4]">&gt;&gt;</a>&nbsp;&nbsp;&nbsp;HAL_UART_RxCpltCallback
</UL>
<BR>[Called By]<UL><LI><a href="#[3e]">&gt;&gt;</a>&nbsp;&nbsp;&nbsp;USART2_IRQHandler
</UL>

<P><STRONG><a name="[c7]"></a>HAL_UART_Init</STRONG> (Thumb, 110 bytes, Stack size 8 bytes, stm32f7xx_hal_uart.o(i.HAL_UART_Init))
<BR><BR>[Stack]<UL><LI>Max Depth = 80<LI>Call Chain = HAL_UART_Init &rArr; HAL_UART_MspInit &rArr; HAL_GPIO_Init
</UL>
<BR>[Calls]<UL><LI><a href="#[c9]">&gt;&gt;</a>&nbsp;&nbsp;&nbsp;UART_SetConfig
<LI><a href="#[cb]">&gt;&gt;</a>&nbsp;&nbsp;&nbsp;UART_CheckIdleState
<LI><a href="#[ca]">&gt;&gt;</a>&nbsp;&nbsp;&nbsp;UART_AdvFeatureConfig
<LI><a href="#[c8]">&gt;&gt;</a>&nbsp;&nbsp;&nbsp;HAL_UART_MspInit
</UL>
<BR>[Called By]<UL><LI><a href="#[db]">&gt;&gt;</a>&nbsp;&nbsp;&nbsp;MX_USART2_UART_Init
</UL>

<P><STRONG><a name="[c8]"></a>HAL_UART_MspInit</STRONG> (Thumb, 90 bytes, Stack size 32 bytes, usart.o(i.HAL_UART_MspInit))
<BR><BR>[Stack]<UL><LI>Max Depth = 72<LI>Call Chain = HAL_UART_MspInit &rArr; HAL_GPIO_Init
</UL>
<BR>[Calls]<UL><LI><a href="#[9c]">&gt;&gt;</a>&nbsp;&nbsp;&nbsp;HAL_GPIO_Init
<LI><a href="#[a6]">&gt;&gt;</a>&nbsp;&nbsp;&nbsp;HAL_NVIC_SetPriority
<LI><a href="#[b5]">&gt;&gt;</a>&nbsp;&nbsp;&nbsp;HAL_NVIC_EnableIRQ
</UL>
<BR>[Called By]<UL><LI><a href="#[c7]">&gt;&gt;</a>&nbsp;&nbsp;&nbsp;HAL_UART_Init
</UL>

<P><STRONG><a name="[cc]"></a>HAL_UART_Receive_IT</STRONG> (Thumb, 150 bytes, Stack size 0 bytes, stm32f7xx_hal_uart.o(i.HAL_UART_Receive_IT))
<BR><BR>[Called By]<UL><LI><a href="#[fd]">&gt;&gt;</a>&nbsp;&nbsp;&nbsp;uart_runComApp
<LI><a href="#[fa]">&gt;&gt;</a>&nbsp;&nbsp;&nbsp;uart_initComApp
<LI><a href="#[c4]">&gt;&gt;</a>&nbsp;&nbsp;&nbsp;HAL_UART_RxCpltCallback
</UL>

<P><STRONG><a name="[c4]"></a>HAL_UART_RxCpltCallback</STRONG> (Thumb, 72 bytes, Stack size 16 bytes, uart_masterslave.o(i.HAL_UART_RxCpltCallback))
<BR><BR>[Stack]<UL><LI>Max Depth = 16<LI>Call Chain = HAL_UART_RxCpltCallback
</UL>
<BR>[Calls]<UL><LI><a href="#[cc]">&gt;&gt;</a>&nbsp;&nbsp;&nbsp;HAL_UART_Receive_IT
</UL>
<BR>[Called By]<UL><LI><a href="#[c3]">&gt;&gt;</a>&nbsp;&nbsp;&nbsp;HAL_UART_IRQHandler
</UL>

<P><STRONG><a name="[c6]"></a>HAL_UART_TxCpltCallback</STRONG> (Thumb, 26 bytes, Stack size 0 bytes, uart_masterslave.o(i.HAL_UART_TxCpltCallback))
<BR><BR>[Called By]<UL><LI><a href="#[c3]">&gt;&gt;</a>&nbsp;&nbsp;&nbsp;HAL_UART_IRQHandler
</UL>

<P><STRONG><a name="[10]"></a>HardFault_Handler</STRONG> (Thumb, 2 bytes, Stack size 0 bytes, stm32f7xx_it.o(i.HardFault_Handler))
<BR><BR>[Calls]<UL><LI><a href="#[10]">&gt;&gt;</a>&nbsp;&nbsp;&nbsp;HardFault_Handler
</UL>
<BR>[Called By]<UL><LI><a href="#[10]">&gt;&gt;</a>&nbsp;&nbsp;&nbsp;HardFault_Handler
</UL>
<BR>[Address Reference Count : 1]<UL><LI> startup_stm32f767xx.o(RESET)
</UL>
<P><STRONG><a name="[cd]"></a>MX_ADC1_Init</STRONG> (Thumb, 244 bytes, Stack size 48 bytes, adc.o(i.MX_ADC1_Init))
<BR><BR>[Stack]<UL><LI>Max Depth = 168<LI>Call Chain = MX_ADC1_Init &rArr; HAL_ADC_Init &rArr; HAL_ADC_MspInit &rArr; HAL_GPIO_Init
</UL>
<BR>[Calls]<UL><LI><a href="#[9e]">&gt;&gt;</a>&nbsp;&nbsp;&nbsp;_Error_Handler
<LI><a href="#[9a]">&gt;&gt;</a>&nbsp;&nbsp;&nbsp;HAL_ADC_Init
<LI><a href="#[cf]">&gt;&gt;</a>&nbsp;&nbsp;&nbsp;HAL_ADC_ConfigChannel
<LI><a href="#[ce]">&gt;&gt;</a>&nbsp;&nbsp;&nbsp;HAL_ADCEx_MultiModeConfigChannel
</UL>
<BR>[Called By]<UL><LI><a href="#[84]">&gt;&gt;</a>&nbsp;&nbsp;&nbsp;main
</UL>

<P><STRONG><a name="[d0]"></a>MX_ADC2_Init</STRONG> (Thumb, 212 bytes, Stack size 32 bytes, adc.o(i.MX_ADC2_Init))
<BR><BR>[Stack]<UL><LI>Max Depth = 152<LI>Call Chain = MX_ADC2_Init &rArr; HAL_ADC_Init &rArr; HAL_ADC_MspInit &rArr; HAL_GPIO_Init
</UL>
<BR>[Calls]<UL><LI><a href="#[9e]">&gt;&gt;</a>&nbsp;&nbsp;&nbsp;_Error_Handler
<LI><a href="#[9a]">&gt;&gt;</a>&nbsp;&nbsp;&nbsp;HAL_ADC_Init
<LI><a href="#[cf]">&gt;&gt;</a>&nbsp;&nbsp;&nbsp;HAL_ADC_ConfigChannel
</UL>
<BR>[Called By]<UL><LI><a href="#[84]">&gt;&gt;</a>&nbsp;&nbsp;&nbsp;main
</UL>

<P><STRONG><a name="[d1]"></a>MX_ADC3_Init</STRONG> (Thumb, 216 bytes, Stack size 32 bytes, adc.o(i.MX_ADC3_Init))
<BR><BR>[Stack]<UL><LI>Max Depth = 152<LI>Call Chain = MX_ADC3_Init &rArr; HAL_ADC_Init &rArr; HAL_ADC_MspInit &rArr; HAL_GPIO_Init
</UL>
<BR>[Calls]<UL><LI><a href="#[9e]">&gt;&gt;</a>&nbsp;&nbsp;&nbsp;_Error_Handler
<LI><a href="#[9a]">&gt;&gt;</a>&nbsp;&nbsp;&nbsp;HAL_ADC_Init
<LI><a href="#[cf]">&gt;&gt;</a>&nbsp;&nbsp;&nbsp;HAL_ADC_ConfigChannel
</UL>
<BR>[Called By]<UL><LI><a href="#[84]">&gt;&gt;</a>&nbsp;&nbsp;&nbsp;main
</UL>

<P><STRONG><a name="[d2]"></a>MX_DMA_Init</STRONG> (Thumb, 40 bytes, Stack size 8 bytes, dma.o(i.MX_DMA_Init))
<BR><BR>[Stack]<UL><LI>Max Depth = 16<LI>Call Chain = MX_DMA_Init &rArr; HAL_NVIC_SetPriority
</UL>
<BR>[Calls]<UL><LI><a href="#[a6]">&gt;&gt;</a>&nbsp;&nbsp;&nbsp;HAL_NVIC_SetPriority
<LI><a href="#[b5]">&gt;&gt;</a>&nbsp;&nbsp;&nbsp;HAL_NVIC_EnableIRQ
</UL>
<BR>[Called By]<UL><LI><a href="#[84]">&gt;&gt;</a>&nbsp;&nbsp;&nbsp;main
</UL>

<P><STRONG><a name="[d3]"></a>MX_GPIO_Init</STRONG> (Thumb, 530 bytes, Stack size 64 bytes, gpio.o(i.MX_GPIO_Init))
<BR><BR>[Stack]<UL><LI>Max Depth = 104<LI>Call Chain = MX_GPIO_Init &rArr; HAL_GPIO_Init
</UL>
<BR>[Calls]<UL><LI><a href="#[98]">&gt;&gt;</a>&nbsp;&nbsp;&nbsp;HAL_GPIO_WritePin
<LI><a href="#[9c]">&gt;&gt;</a>&nbsp;&nbsp;&nbsp;HAL_GPIO_Init
<LI><a href="#[a6]">&gt;&gt;</a>&nbsp;&nbsp;&nbsp;HAL_NVIC_SetPriority
<LI><a href="#[b5]">&gt;&gt;</a>&nbsp;&nbsp;&nbsp;HAL_NVIC_EnableIRQ
</UL>
<BR>[Called By]<UL><LI><a href="#[84]">&gt;&gt;</a>&nbsp;&nbsp;&nbsp;main
</UL>

<P><STRONG><a name="[d4]"></a>MX_QUADSPI_Init</STRONG> (Thumb, 54 bytes, Stack size 8 bytes, quadspi.o(i.MX_QUADSPI_Init))
<BR><BR>[Stack]<UL><LI>Max Depth = 128<LI>Call Chain = MX_QUADSPI_Init &rArr; HAL_QSPI_Init &rArr; HAL_QSPI_MspInit &rArr; HAL_GPIO_Init
</UL>
<BR>[Calls]<UL><LI><a href="#[a8]">&gt;&gt;</a>&nbsp;&nbsp;&nbsp;HAL_QSPI_Init
<LI><a href="#[9e]">&gt;&gt;</a>&nbsp;&nbsp;&nbsp;_Error_Handler
</UL>
<BR>[Called By]<UL><LI><a href="#[84]">&gt;&gt;</a>&nbsp;&nbsp;&nbsp;main
</UL>

<P><STRONG><a name="[d5]"></a>MX_RTC_Init</STRONG> (Thumb, 52 bytes, Stack size 8 bytes, rtc.o(i.MX_RTC_Init))
<BR><BR>[Stack]<UL><LI>Max Depth = 24<LI>Call Chain = MX_RTC_Init &rArr; HAL_RTC_Init
</UL>
<BR>[Calls]<UL><LI><a href="#[9e]">&gt;&gt;</a>&nbsp;&nbsp;&nbsp;_Error_Handler
<LI><a href="#[ae]">&gt;&gt;</a>&nbsp;&nbsp;&nbsp;HAL_RTC_Init
</UL>
<BR>[Called By]<UL><LI><a href="#[84]">&gt;&gt;</a>&nbsp;&nbsp;&nbsp;main
</UL>

<P><STRONG><a name="[d6]"></a>MX_SPI2_Init</STRONG> (Thumb, 74 bytes, Stack size 16 bytes, spi.o(i.MX_SPI2_Init))
<BR><BR>[Stack]<UL><LI>Max Depth = 120<LI>Call Chain = MX_SPI2_Init &rArr; HAL_SPI_Init &rArr; HAL_SPI_MspInit &rArr; HAL_GPIO_Init
</UL>
<BR>[Calls]<UL><LI><a href="#[b3]">&gt;&gt;</a>&nbsp;&nbsp;&nbsp;HAL_SPI_Init
<LI><a href="#[9e]">&gt;&gt;</a>&nbsp;&nbsp;&nbsp;_Error_Handler
</UL>
<BR>[Called By]<UL><LI><a href="#[84]">&gt;&gt;</a>&nbsp;&nbsp;&nbsp;main
</UL>

<P><STRONG><a name="[d7]"></a>MX_TIM1_Init</STRONG> (Thumb, 102 bytes, Stack size 40 bytes, tim.o(i.MX_TIM1_Init))
<BR><BR>[Stack]<UL><LI>Max Depth = 64<LI>Call Chain = MX_TIM1_Init &rArr; HAL_TIM_Base_Init &rArr; TIM_Base_SetConfig
</UL>
<BR>[Calls]<UL><LI><a href="#[d9]">&gt;&gt;</a>&nbsp;&nbsp;&nbsp;HAL_TIMEx_MasterConfigSynchronization
<LI><a href="#[9e]">&gt;&gt;</a>&nbsp;&nbsp;&nbsp;_Error_Handler
<LI><a href="#[d8]">&gt;&gt;</a>&nbsp;&nbsp;&nbsp;HAL_TIM_ConfigClockSource
<LI><a href="#[b8]">&gt;&gt;</a>&nbsp;&nbsp;&nbsp;HAL_TIM_Base_Init
</UL>
<BR>[Called By]<UL><LI><a href="#[84]">&gt;&gt;</a>&nbsp;&nbsp;&nbsp;main
</UL>

<P><STRONG><a name="[da]"></a>MX_TIM6_Init</STRONG> (Thumb, 70 bytes, Stack size 24 bytes, tim.o(i.MX_TIM6_Init))
<BR><BR>[Stack]<UL><LI>Max Depth = 48<LI>Call Chain = MX_TIM6_Init &rArr; HAL_TIM_Base_Init &rArr; TIM_Base_SetConfig
</UL>
<BR>[Calls]<UL><LI><a href="#[d9]">&gt;&gt;</a>&nbsp;&nbsp;&nbsp;HAL_TIMEx_MasterConfigSynchronization
<LI><a href="#[9e]">&gt;&gt;</a>&nbsp;&nbsp;&nbsp;_Error_Handler
<LI><a href="#[b8]">&gt;&gt;</a>&nbsp;&nbsp;&nbsp;HAL_TIM_Base_Init
</UL>
<BR>[Called By]<UL><LI><a href="#[84]">&gt;&gt;</a>&nbsp;&nbsp;&nbsp;main
</UL>

<P><STRONG><a name="[db]"></a>MX_USART2_UART_Init</STRONG> (Thumb, 60 bytes, Stack size 8 bytes, usart.o(i.MX_USART2_UART_Init))
<BR><BR>[Stack]<UL><LI>Max Depth = 88<LI>Call Chain = MX_USART2_UART_Init &rArr; HAL_UART_Init &rArr; HAL_UART_MspInit &rArr; HAL_GPIO_Init
</UL>
<BR>[Calls]<UL><LI><a href="#[9e]">&gt;&gt;</a>&nbsp;&nbsp;&nbsp;_Error_Handler
<LI><a href="#[c7]">&gt;&gt;</a>&nbsp;&nbsp;&nbsp;HAL_UART_Init
</UL>
<BR>[Called By]<UL><LI><a href="#[fd]">&gt;&gt;</a>&nbsp;&nbsp;&nbsp;uart_runComApp
<LI><a href="#[84]">&gt;&gt;</a>&nbsp;&nbsp;&nbsp;main
</UL>

<P><STRONG><a name="[11]"></a>MemManage_Handler</STRONG> (Thumb, 2 bytes, Stack size 0 bytes, stm32f7xx_it.o(i.MemManage_Handler))
<BR><BR>[Calls]<UL><LI><a href="#[11]">&gt;&gt;</a>&nbsp;&nbsp;&nbsp;MemManage_Handler
</UL>
<BR>[Called By]<UL><LI><a href="#[11]">&gt;&gt;</a>&nbsp;&nbsp;&nbsp;MemManage_Handler
</UL>
<BR>[Address Reference Count : 1]<UL><LI> startup_stm32f767xx.o(RESET)
</UL>
<P><STRONG><a name="[f]"></a>NMI_Handler</STRONG> (Thumb, 2 bytes, Stack size 0 bytes, stm32f7xx_it.o(i.NMI_Handler))
<BR>[Address Reference Count : 1]<UL><LI> startup_stm32f767xx.o(RESET)
</UL>
<P><STRONG><a name="[dc]"></a>OL_calculations</STRONG> (Thumb, 284 bytes, Stack size 4 bytes, openloopcalc.o(i.OL_calculations))
<BR><BR>[Stack]<UL><LI>Max Depth = 4<LI>Call Chain = OL_calculations
</UL>
<BR>[Calls]<UL><LI><a href="#[e0]">&gt;&gt;</a>&nbsp;&nbsp;&nbsp;plf_sos_ca
<LI><a href="#[df]">&gt;&gt;</a>&nbsp;&nbsp;&nbsp;plf_sos_bc
<LI><a href="#[de]">&gt;&gt;</a>&nbsp;&nbsp;&nbsp;plf_sos_ab
<LI><a href="#[dd]">&gt;&gt;</a>&nbsp;&nbsp;&nbsp;lead_lag_calculation
</UL>
<BR>[Called By]<UL><LI><a href="#[8]">&gt;&gt;</a>&nbsp;&nbsp;&nbsp;openLoopMode
</UL>

[...]
</UL>
<P><STRONG><a name="[9e]"></a>_Error_Handler</STRONG> (Thumb, 2 bytes, Stack size 0 bytes, main.o(i._Error_Handler))
<BR><BR>[Calls]<UL><LI><a href="#[9e]">&gt;&gt;</a>&nbsp;&nbsp;&nbsp;_Error_Handler
</UL>
<BR>[Called By]<UL><LI><a href="#[9e]">&gt;&gt;</a>&nbsp;&nbsp;&nbsp;_Error_Handler
<LI><a href="#[d1]">&gt;&gt;</a>&nbsp;&nbsp;&nbsp;MX_ADC3_Init
<LI><a href="#[d0]">&gt;&gt;</a>&nbsp;&nbsp;&nbsp;MX_ADC2_Init
<LI><a href="#[cd]">&gt;&gt;</a>&nbsp;&nbsp;&nbsp;MX_ADC1_Init
<LI><a href="#[9b]">&gt;&gt;</a>&nbsp;&nbsp;&nbsp;HAL_ADC_MspInit
<LI><a href="#[db]">&gt;&gt;</a>&nbsp;&nbsp;&nbsp;MX_USART2_UART_Init
<LI><a href="#[da]">&gt;&gt;</a>&nbsp;&nbsp;&nbsp;MX_TIM6_Init
<LI><a href="#[d7]">&gt;&gt;</a>&nbsp;&nbsp;&nbsp;MX_TIM1_Init
<LI><a href="#[d6]">&gt;&gt;</a>&nbsp;&nbsp;&nbsp;MX_SPI2_Init
<LI><a href="#[d5]">&gt;&gt;</a>&nbsp;&nbsp;&nbsp;MX_RTC_Init
<LI><a href="#[d4]">&gt;&gt;</a>&nbsp;&nbsp;&nbsp;MX_QUADSPI_Init
</UL>

<P><STRONG><a name="[115]"></a>__scatterload_copy</STRONG> (Thumb, 14 bytes, Stack size unknown bytes, handlers.o(i.__scatterload_copy), UNUSED)

<P><STRONG><a name="[116]"></a>__scatterload_null</STRONG> (Thumb, 2 bytes, Stack size unknown bytes, handlers.o(i.__scatterload_null), UNUSED)

<P><STRONG><a name="[117]"></a>__scatterload_zeroinit</STRONG> (Thumb, 14 bytes, Stack size unknown bytes, handlers.o(i.__scatterload_zeroinit), UNUSED)

<P><STRONG><a name="[7]"></a>closedLoopMode</STRONG> (Thumb, 56 bytes, Stack size 8 bytes, closedloopmode.o(i.closedLoopMode))
<BR><BR>[Stack]<UL><LI>Max Depth = 8<LI>Call Chain = closedLoopMode
</UL>
<BR>[Calls]<UL><LI><a href="#[f0]">&gt;&gt;</a>&nbsp;&nbsp;&nbsp;Ref_CL
<LI><a href="#[ef]">&gt;&gt;</a>&nbsp;&nbsp;&nbsp;PI_CL
</UL>
<BR>[Address Reference Count : 1]<UL><LI> modes.o(.data)
</UL>
<P><STRONG><a name="[108]"></a>dpm_mergeDWord</STRONG> (Thumb, 108 bytes, Stack size 4 bytes, dataparsermerger.o(i.dpm_mergeDWord))
<BR><BR>[Stack]<UL><LI>Max Depth = 4<LI>Call Chain = dpm_mergeDWord
</UL>
<BR>[Called By]<UL><LI><a href="#[fd]">&gt;&gt;</a>&nbsp;&nbsp;&nbsp;uart_runComApp
<LI><a href="#[fe]">&gt;&gt;</a>&nbsp;&nbsp;&nbsp;spi_runComApp
</UL>

<P><STRONG><a name="[109]"></a>dpm_mergeFloat</STRONG> (Thumb, 92 bytes, Stack size 4 bytes, dataparsermerger.o(i.dpm_mergeFloat))
<BR><BR>[Stack]<UL><LI>Max Depth = 4<LI>Call Chain = dpm_mergeFloat
</UL>
<BR>[Called By]<UL><LI><a href="#[fd]">&gt;&gt;</a>&nbsp;&nbsp;&nbsp;uart_runComApp
<LI><a href="#[fe]">&gt;&gt;</a>&nbsp;&nbsp;&nbsp;spi_runComApp
</UL>

<P><STRONG><a name="[105]"></a>dpm_parseDWord</STRONG> (Thumb, 82 bytes, Stack size 8 bytes, dataparsermerger.o(i.dpm_parseDWord))
<BR><BR>[Stack]<UL><LI>Max Depth = 8<LI>Call Chain = dpm_parseDWord
</UL>
<BR>[Called By]<UL><LI><a href="#[fe]">&gt;&gt;</a>&nbsp;&nbsp;&nbsp;spi_runComApp
</UL>

<P><STRONG><a name="[106]"></a>dpm_parseFloat</STRONG> (Thumb, 92 bytes, Stack size 4 bytes, dataparsermerger.o(i.dpm_parseFloat))
<BR><BR>[Stack]<UL><LI>Max Depth = 4<LI>Call Chain = dpm_parseFloat
</UL>
<BR>[Called By]<UL><LI><a href="#[fe]">&gt;&gt;</a>&nbsp;&nbsp;&nbsp;spi_runComApp
</UL>

<P><STRONG><a name="[1]"></a>faultState</STRONG> (Thumb, 48 bytes, Stack size 0 bytes, faultstate.o(i.faultState))
<BR>[Address Reference Count : 1]<UL><LI> states.o(.data)
</UL>
<P><STRONG><a name="[b]"></a>firingTestMode</STRONG> (Thumb, 2 bytes, Stack size 0 bytes, firingtestmode.o(i.firingTestMode))
<BR>[Address Reference Count : 1]<UL><LI> modes.o(.data)
</UL>
<P><STRONG><a name="[d]"></a>hfMode</STRONG> (Thumb, 2 bytes, Stack size 0 bytes, hfmode.o(i.hfMode))
<BR>[Address Reference Count : 1]<UL><LI> modes.o(.data)
</UL>
<P><STRONG><a name="[4]"></a>idleState</STRONG> (Thumb, 82 bytes, Stack size 16 bytes, idlestate.o(i.idleState))
<BR><BR>[Stack]<UL><LI>Max Depth = 20<LI>Call Chain = idleState &rArr; off_delay
</UL>
<BR>[Calls]<UL><LI><a href="#[f1]">&gt;&gt;</a>&nbsp;&nbsp;&nbsp;off_delay
</UL>
<BR>[Address Reference Count : 1]<UL><LI> states.o(.data)
</UL>
<P><STRONG><a name="[f7]"></a>init_all</STRONG> (Thumb, 4 bytes, Stack size 0 bytes, init_all.o(i.init_all))
<BR><BR>[Called By]<UL><LI><a href="#[84]">&gt;&gt;</a>&nbsp;&nbsp;&nbsp;main
</UL>

<P><STRONG><a name="[f2]"></a>init_conversion</STRONG> (Thumb, 78 bytes, Stack size 80 bytes, conversion.o(i.init_conversion), UNUSED)
<BR><BR>[Calls]<UL><LI><a href="#[99]">&gt;&gt;</a>&nbsp;&nbsp;&nbsp;__aeabi_memcpy4
</UL>

<P><STRONG><a name="[c]"></a>interMode</STRONG> (Thumb, 106 bytes, Stack size 8 bytes, intermode.o(i.interMode))
<BR><BR>[Stack]<UL><LI>Max Depth = 12<LI>Call Chain = interMode &rArr; on_delay
</UL>
<BR>[Calls]<UL><LI><a href="#[f3]">&gt;&gt;</a>&nbsp;&nbsp;&nbsp;Ref_inter
<LI><a href="#[f4]">&gt;&gt;</a>&nbsp;&nbsp;&nbsp;on_delay
</UL>
<BR>[Address Reference Count : 1]<UL><LI> modes.o(.data)
</UL>
<P><STRONG><a name="[f5]"></a>ios</STRONG> (Thumb, 590 bytes, Stack size 24 bytes, ios.o(i.ios))
<BR><BR>[Stack]<UL><LI>Max Depth = 24<LI>Call Chain = ios
</UL>
<BR>[Calls]<UL><LI><a href="#[98]">&gt;&gt;</a>&nbsp;&nbsp;&nbsp;HAL_GPIO_WritePin
<LI><a href="#[f6]">&gt;&gt;</a>&nbsp;&nbsp;&nbsp;HAL_GPIO_ReadPin
</UL>
<BR>[Called By]<UL><LI><a href="#[fc]">&gt;&gt;</a>&nbsp;&nbsp;&nbsp;main_flow
</UL>

<P><STRONG><a name="[dd]"></a>lead_lag_calculation</STRONG> (Thumb, 376 bytes, Stack size 0 bytes, openloopcalc.o(i.lead_lag_calculation))
<BR><BR>[Called By]<UL><LI><a href="#[dc]">&gt;&gt;</a>&nbsp;&nbsp;&nbsp;OL_calculations
</UL>

<P><STRONG><a name="[84]"></a>main</STRONG> (Thumb, 162 bytes, Stack size 0 bytes, main.o(i.main))
<BR><BR>[Stack]<UL><LI>Max Depth = 280<LI>Call Chain = main &rArr; SystemClock_Config &rArr; HAL_RCC_ClockConfig &rArr; HAL_InitTick &rArr; HAL_NVIC_SetPriority
</UL>
<BR>[Calls]<UL><LI><a href="#[98]">&gt;&gt;</a>&nbsp;&nbsp;&nbsp;HAL_GPIO_WritePin
<LI><a href="#[a1]">&gt;&gt;</a>&nbsp;&nbsp;&nbsp;HAL_Init
<LI><a href="#[a6]">&gt;&gt;</a>&nbsp;&nbsp;&nbsp;HAL_NVIC_SetPriority
<LI><a href="#[b5]">&gt;&gt;</a>&nbsp;&nbsp;&nbsp;HAL_NVIC_EnableIRQ
<LI><a href="#[d1]">&gt;&gt;</a>&nbsp;&nbsp;&nbsp;MX_ADC3_Init
<LI><a href="#[d0]">&gt;&gt;</a>&nbsp;&nbsp;&nbsp;MX_ADC2_Init
<LI><a href="#[cd]">&gt;&gt;</a>&nbsp;&nbsp;&nbsp;MX_ADC1_Init
<LI><a href="#[f9]">&gt;&gt;</a>&nbsp;&nbsp;&nbsp;HAL_ADC_Start
<LI><a href="#[96]">&gt;&gt;</a>&nbsp;&nbsp;&nbsp;HAL_ADCEx_MultiModeStart_DMA
<LI><a href="#[f8]">&gt;&gt;</a>&nbsp;&nbsp;&nbsp;HAL_TIM_Base_Start_IT
<LI><a href="#[fd]">&gt;&gt;</a>&nbsp;&nbsp;&nbsp;uart_runComApp
<LI><a href="#[fa]">&gt;&gt;</a>&nbsp;&nbsp;&nbsp;uart_initComApp
<LI><a href="#[fe]">&gt;&gt;</a>&nbsp;&nbsp;&nbsp;spi_runComApp
<LI><a href="#[fb]">&gt;&gt;</a>&nbsp;&nbsp;&nbsp;spi_initComApp
<LI><a href="#[fc]">&gt;&gt;</a>&nbsp;&nbsp;&nbsp;main_flow
<LI><a href="#[f7]">&gt;&gt;</a>&nbsp;&nbsp;&nbsp;init_all
<LI><a href="#[db]">&gt;&gt;</a>&nbsp;&nbsp;&nbsp;MX_USART2_UART_Init
<LI><a href="#[da]">&gt;&gt;</a>&nbsp;&nbsp;&nbsp;MX_TIM6_Init
<LI><a href="#[d7]">&gt;&gt;</a>&nbsp;&nbsp;&nbsp;MX_TIM1_Init
<LI><a href="#[d6]">&gt;&gt;</a>&nbsp;&nbsp;&nbsp;MX_SPI2_Init
<LI><a href="#[d5]">&gt;&gt;</a>&nbsp;&nbsp;&nbsp;MX_RTC_Init
<LI><a href="#[d4]">&gt;&gt;</a>&nbsp;&nbsp;&nbsp;MX_QUADSPI_Init
<LI><a href="#[d3]">&gt;&gt;</a>&nbsp;&nbsp;&nbsp;MX_GPIO_Init
<LI><a href="#[d2]">&gt;&gt;</a>&nbsp;&nbsp;&nbsp;MX_DMA_Init
<LI><a href="#[e8]">&gt;&gt;</a>&nbsp;&nbsp;&nbsp;SystemClock_Config
</UL>
<BR>[Address Reference Count : 1]<UL><LI> entry9a.o(.ARM.Collect$$$$0000000B)
</UL>
<P><STRONG><a name="[fc]"></a>main_flow</STRONG> (Thumb, 22 bytes, Stack size 8 bytes, main_flow.o(i.main_flow))
<BR><BR>[Stack]<UL><LI>Max Depth = 32<LI>Call Chain = main_flow &rArr; ios
</UL>
<BR>[Calls]<UL><LI><a href="#[101]">&gt;&gt;</a>&nbsp;&nbsp;&nbsp;pushDataToMaster
<LI><a href="#[f5]">&gt;&gt;</a>&nbsp;&nbsp;&nbsp;ios
<LI><a href="#[ff]">&gt;&gt;</a>&nbsp;&nbsp;&nbsp;mode_chart
<LI><a href="#[100]">&gt;&gt;</a>&nbsp;&nbsp;&nbsp;state_chart
</UL>
<BR>[Called By]<UL><LI><a href="#[84]">&gt;&gt;</a>&nbsp;&nbsp;&nbsp;main
</UL>

<P><STRONG><a name="[a]"></a>manualAngleMode</STRONG> (Thumb, 2 bytes, Stack size 0 bytes, manualanglemode.o(i.manualAngleMode))
<BR>[Address Reference Count : 1]<UL><LI> modes.o(.data)
</UL>
<P><STRONG><a name="[9]"></a>manualVarMode</STRONG> (Thumb, 76 bytes, Stack size 0 bytes, manualvarmode.o(i.manualVarMode))
<BR><BR>[Calls]<UL><LI><a href="#[102]">&gt;&gt;</a>&nbsp;&nbsp;&nbsp;Ref_manualVar
</UL>
<BR>[Address Reference Count : 1]<UL><LI> modes.o(.data)
</UL>
<P><STRONG><a name="[ff]"></a>mode_chart</STRONG> (Thumb, 12 bytes, Stack size 0 bytes, modes.o(i.mode_chart))
<BR><BR>[Called By]<UL><LI><a href="#[fc]">&gt;&gt;</a>&nbsp;&nbsp;&nbsp;main_flow
</UL>

<P><STRONG><a name="[f1]"></a>off_delay</STRONG> (Thumb, 66 bytes, Stack size 4 bytes, aux_functions.o(i.off_delay))
<BR><BR>[Stack]<UL><LI>Max Depth = 4<LI>Call Chain = off_delay
</UL>
<BR>[Called By]<UL><LI><a href="#[4]">&gt;&gt;</a>&nbsp;&nbsp;&nbsp;idleState
</UL>

<P><STRONG><a name="[f4]"></a>on_delay</STRONG> (Thumb, 64 bytes, Stack size 4 bytes, aux_functions.o(i.on_delay))
<BR><BR>[Stack]<UL><LI>Max Depth = 4<LI>Call Chain = on_delay
</UL>
<BR>[Called By]<UL><LI><a href="#[c]">&gt;&gt;</a>&nbsp;&nbsp;&nbsp;interMode
<LI><a href="#[5]">&gt;&gt;</a>&nbsp;&nbsp;&nbsp;stoppedState
<LI><a href="#[0]">&gt;&gt;</a>&nbsp;&nbsp;&nbsp;startupState
<LI><a href="#[3]">&gt;&gt;</a>&nbsp;&nbsp;&nbsp;runState
</UL>

<P><STRONG><a name="[8]"></a>openLoopMode</STRONG> (Thumb, 80 bytes, Stack size 8 bytes, openloopmode.o(i.openLoopMode))
<BR><BR>[Stack]<UL><LI>Max Depth = 12<LI>Call Chain = openLoopMode &rArr; OL_calculations
</UL>
<BR>[Calls]<UL><LI><a href="#[104]">&gt;&gt;</a>&nbsp;&nbsp;&nbsp;Ref_OL
<LI><a href="#[103]">&gt;&gt;</a>&nbsp;&nbsp;&nbsp;PI_OL
<LI><a href="#[dc]">&gt;&gt;</a>&nbsp;&nbsp;&nbsp;OL_calculations
</UL>
<BR>[Address Reference Count : 1]<UL><LI> modes.o(.data)
</UL>
<P><STRONG><a name="[de]"></a>plf_sos_ab</STRONG> (Thumb, 144 bytes, Stack size 0 bytes, openloopcalc.o(i.plf_sos_ab))
<BR><BR>[Called By]<UL><LI><a href="#[dc]">&gt;&gt;</a>&nbsp;&nbsp;&nbsp;OL_calculations
</UL>

<P><STRONG><a name="[df]"></a>plf_sos_bc</STRONG> (Thumb, 144 bytes, Stack size 0 bytes, openloopcalc.o(i.plf_sos_bc))
<BR><BR>[Called By]<UL><LI><a href="#[dc]">&gt;&gt;</a>&nbsp;&nbsp;&nbsp;OL_calculations
</UL>

<P><STRONG><a name="[e0]"></a>plf_sos_ca</STRONG> (Thumb, 144 bytes, Stack size 0 bytes, openloopcalc.o(i.plf_sos_ca))
<BR><BR>[Called By]<UL><LI><a href="#[dc]">&gt;&gt;</a>&nbsp;&nbsp;&nbsp;OL_calculations
</UL>

<P><STRONG><a name="[101]"></a>pushDataToMaster</STRONG> (Thumb, 22 bytes, Stack size 0 bytes, commparams.o(i.pushDataToMaster))
<BR><BR>[Called By]<UL><LI><a href="#[fc]">&gt;&gt;</a>&nbsp;&nbsp;&nbsp;main_flow
</UL>

<P><STRONG><a name="[2]"></a>readyState</STRONG> (Thumb, 70 bytes, Stack size 0 bytes, readystate.o(i.readyState))
<BR>[Address Reference Count : 1]<UL><LI> states.o(.data)
</UL>
<P><STRONG><a name="[3]"></a>runState</STRONG> (Thumb, 144 bytes, Stack size 16 bytes, runstate.o(i.runState))
<BR><BR>[Stack]<UL><LI>Max Depth = 20<LI>Call Chain = runState &rArr; on_delay
</UL>
<BR>[Calls]<UL><LI><a href="#[f4]">&gt;&gt;</a>&nbsp;&nbsp;&nbsp;on_delay
</UL>
<BR>[Address Reference Count : 1]<UL><LI> states.o(.data)
</UL>
<P><STRONG><a name="[fb]"></a>spi_initComApp</STRONG> (Thumb, 2 bytes, Stack size 0 bytes, spi_masterslave.o(i.spi_initComApp))
<BR><BR>[Called By]<UL><LI><a href="#[84]">&gt;&gt;</a>&nbsp;&nbsp;&nbsp;main
</UL>

<P><STRONG><a name="[fe]"></a>spi_runComApp</STRONG> (Thumb, 902 bytes, Stack size 40 bytes, spi_masterslave.o(i.spi_runComApp))
<BR><BR>[Stack]<UL><LI>Max Depth = 48<LI>Call Chain = spi_runComApp &rArr; HAL_SPI_Transmit_IT
</UL>
<BR>[Calls]<UL><LI><a href="#[107]">&gt;&gt;</a>&nbsp;&nbsp;&nbsp;HAL_SPI_Transmit_IT
<LI><a href="#[106]">&gt;&gt;</a>&nbsp;&nbsp;&nbsp;dpm_parseFloat
<LI><a href="#[105]">&gt;&gt;</a>&nbsp;&nbsp;&nbsp;dpm_parseDWord
<LI><a href="#[109]">&gt;&gt;</a>&nbsp;&nbsp;&nbsp;dpm_mergeFloat
<LI><a href="#[108]">&gt;&gt;</a>&nbsp;&nbsp;&nbsp;dpm_mergeDWord
</UL>
<BR>[Called By]<UL><LI><a href="#[84]">&gt;&gt;</a>&nbsp;&nbsp;&nbsp;main
</UL>

<P><STRONG><a name="[e7]"></a>spi_sysTickCallApp</STRONG> (Thumb, 62 bytes, Stack size 0 bytes, spi_masterslave.o(i.spi_sysTickCallApp))
<BR><BR>[Called By]<UL><LI><a href="#[17]">&gt;&gt;</a>&nbsp;&nbsp;&nbsp;SysTick_Handler
</UL>

<P><STRONG><a name="[0]"></a>startupState</STRONG> (Thumb, 96 bytes, Stack size 8 bytes, startupstate.o(i.startupState))
<BR><BR>[Stack]<UL><LI>Max Depth = 12<LI>Call Chain = startupState &rArr; on_delay
</UL>
<BR>[Calls]<UL><LI><a href="#[f4]">&gt;&gt;</a>&nbsp;&nbsp;&nbsp;on_delay
</UL>
<BR>[Address Reference Count : 1]<UL><LI> states.o(.data)
</UL>
<P><STRONG><a name="[100]"></a>state_chart</STRONG> (Thumb, 12 bytes, Stack size 0 bytes, states.o(i.state_chart))
<BR><BR>[Called By]<UL><LI><a href="#[fc]">&gt;&gt;</a>&nbsp;&nbsp;&nbsp;main_flow
</UL>

<P><STRONG><a name="[5]"></a>stoppedState</STRONG> (Thumb, 52 bytes, Stack size 8 bytes, stoppedstate.o(i.stoppedState))
<BR><BR>[Stack]<UL><LI>Max Depth = 12<LI>Call Chain = stoppedState &rArr; on_delay
</UL>
<BR>[Calls]<UL><LI><a href="#[f4]">&gt;&gt;</a>&nbsp;&nbsp;&nbsp;on_delay
</UL>
<BR>[Address Reference Count : 1]<UL><LI> states.o(.data)
</UL>
<P><STRONG><a name="[6]"></a>trippedState</STRONG> (Thumb, 44 bytes, Stack size 0 bytes, trippedstate.o(i.trippedState))
<BR>[Address Reference Count : 1]<UL><LI> states.o(.data)
</UL>
<P><STRONG><a name="[fa]"></a>uart_initComApp</STRONG> (Thumb, 10 bytes, Stack size 0 bytes, uart_masterslave.o(i.uart_initComApp))
<BR><BR>[Calls]<UL><LI><a href="#[cc]">&gt;&gt;</a>&nbsp;&nbsp;&nbsp;HAL_UART_Receive_IT
</UL>
<BR>[Called By]<UL><LI><a href="#[84]">&gt;&gt;</a>&nbsp;&nbsp;&nbsp;main
</UL>

<P><STRONG><a name="[fd]"></a>uart_runComApp</STRONG> (Thumb, 374 bytes, Stack size 32 bytes, uart_masterslave.o(i.uart_runComApp))
<BR><BR>[Stack]<UL><LI>Max Depth = 120<LI>Call Chain = uart_runComApp &rArr; MX_USART2_UART_Init &rArr; HAL_UART_Init &rArr; HAL_UART_MspInit &rArr; HAL_GPIO_Init
</UL>
<BR>[Calls]<UL><LI><a href="#[cc]">&gt;&gt;</a>&nbsp;&nbsp;&nbsp;HAL_UART_Receive_IT
<LI><a href="#[db]">&gt;&gt;</a>&nbsp;&nbsp;&nbsp;MX_USART2_UART_Init
<LI><a href="#[109]">&gt;&gt;</a>&nbsp;&nbsp;&nbsp;dpm_mergeFloat
<LI><a href="#[108]">&gt;&gt;</a>&nbsp;&nbsp;&nbsp;dpm_mergeDWord
</UL>
<BR>[Called By]<UL><LI><a href="#[84]">&gt;&gt;</a>&nbsp;&nbsp;&nbsp;main
</UL>

<P><STRONG><a name="[e6]"></a>uart_sysTickCallApp</STRONG> (Thumb, 60 bytes, Stack size 0 bytes, uart_masterslave.o(i.uart_sysTickCallApp))
<BR><BR>[Called By]<UL><LI><a href="#[17]">&gt;&gt;</a>&nbsp;&nbsp;&nbsp;SysTick_Handler
</UL>
<P>
<H3>
Local Symbols
</H3>
<P><STRONG><a name="[8a]"></a>SPI_DMAAbortOnError</STRONG> (Thumb, 18 bytes, Stack size 8 bytes, stm32f7xx_hal_spi.o(i.SPI_DMAAbortOnError))
<BR><BR>[Stack]<UL><LI>Max Depth = 8<LI>Call Chain = SPI_DMAAbortOnError
</UL>
<BR>[Calls]<UL><LI><a href="#[b2]">&gt;&gt;</a>&nbsp;&nbsp;&nbsp;HAL_SPI_ErrorCallback
</UL>
<BR>[Address Reference Count : 1]<UL><LI> stm32f7xx_hal_spi.o(i.HAL_SPI_IRQHandler)
</UL>
<P><STRONG><a name="[e1]"></a>SPI_EndRxTxTransaction</STRONG> (Thumb, 74 bytes, Stack size 24 bytes, stm32f7xx_hal_spi.o(i.SPI_EndRxTxTransaction))
<BR><BR>[Stack]<UL><LI>Max Depth = 48<LI>Call Chain = SPI_EndRxTxTransaction &rArr; SPI_WaitFifoStateUntilTimeout
</UL>
<BR>[Calls]<UL><LI><a href="#[e3]">&gt;&gt;</a>&nbsp;&nbsp;&nbsp;SPI_WaitFlagStateUntilTimeout
<LI><a href="#[e2]">&gt;&gt;</a>&nbsp;&nbsp;&nbsp;SPI_WaitFifoStateUntilTimeout
</UL>
<BR>[Called By]<UL><LI><a href="#[8c]">&gt;&gt;</a>&nbsp;&nbsp;&nbsp;SPI_TxISR_8BIT
<LI><a href="#[8b]">&gt;&gt;</a>&nbsp;&nbsp;&nbsp;SPI_TxISR_16BIT
</UL>

<P><STRONG><a name="[8b]"></a>SPI_TxISR_16BIT</STRONG> (Thumb, 104 bytes, Stack size 16 bytes, stm32f7xx_hal_spi.o(i.SPI_TxISR_16BIT))
<BR><BR>[Stack]<UL><LI>Max Depth = 64<LI>Call Chain = SPI_TxISR_16BIT &rArr; SPI_EndRxTxTransaction &rArr; SPI_WaitFifoStateUntilTimeout
</UL>
<BR>[Calls]<UL><LI><a href="#[b2]">&gt;&gt;</a>&nbsp;&nbsp;&nbsp;HAL_SPI_ErrorCallback
<LI><a href="#[9f]">&gt;&gt;</a>&nbsp;&nbsp;&nbsp;HAL_GetTick
<LI><a href="#[e1]">&gt;&gt;</a>&nbsp;&nbsp;&nbsp;SPI_EndRxTxTransaction
<LI><a href="#[e4]">&gt;&gt;</a>&nbsp;&nbsp;&nbsp;HAL_SPI_TxCpltCallback
</UL>
<BR>[Address Reference Count : 1]<UL><LI> stm32f7xx_hal_spi.o(i.HAL_SPI_Transmit_IT)
</UL>
<P><STRONG><a name="[8c]"></a>SPI_TxISR_8BIT</STRONG> (Thumb, 102 bytes, Stack size 16 bytes, stm32f7xx_hal_spi.o(i.SPI_TxISR_8BIT))
<BR><BR>[Stack]<UL><LI>Max Depth = 64<LI>Call Chain = SPI_TxISR_8BIT &rArr; SPI_EndRxTxTransaction &rArr; SPI_WaitFifoStateUntilTimeout
</UL>
<BR>[Calls]<UL><LI><a href="#[b2]">&gt;&gt;</a>&nbsp;&nbsp;&nbsp;HAL_SPI_ErrorCallback
<LI><a href="#[9f]">&gt;&gt;</a>&nbsp;&nbsp;&nbsp;HAL_GetTick
<LI><a href="#[e1]">&gt;&gt;</a>&nbsp;&nbsp;&nbsp;SPI_EndRxTxTransaction
<LI><a href="#[e4]">&gt;&gt;</a>&nbsp;&nbsp;&nbsp;HAL_SPI_TxCpltCallback
</UL>
<BR>[Address Reference Count : 1]<UL><LI> stm32f7xx_hal_spi.o(i.HAL_SPI_Transmit_IT)
</UL>
<P><STRONG><a name="[e2]"></a>SPI_WaitFifoStateUntilTimeout</STRONG> (Thumb, 156 bytes, Stack size 24 bytes, stm32f7xx_hal_spi.o(i.SPI_WaitFifoStateUntilTimeout))
<BR><BR>[Stack]<UL><LI>Max Depth = 24<LI>Call Chain = SPI_WaitFifoStateUntilTimeout
</UL>
<BR>[Calls]<UL><LI><a href="#[9f]">&gt;&gt;</a>&nbsp;&nbsp;&nbsp;HAL_GetTick
</UL>
<BR>[Called By]<UL><LI><a href="#[e1]">&gt;&gt;</a>&nbsp;&nbsp;&nbsp;SPI_EndRxTxTransaction
</UL>

<P><STRONG><a name="[e3]"></a>SPI_WaitFlagStateUntilTimeout</STRONG> (Thumb, 140 bytes, Stack size 16 bytes, stm32f7xx_hal_spi.o(i.SPI_WaitFlagStateUntilTimeout))
<BR><BR>[Stack]<UL><LI>Max Depth = 16<LI>Call Chain = SPI_WaitFlagStateUntilTimeout
</UL>
<BR>[Calls]<UL><LI><a href="#[9f]">&gt;&gt;</a>&nbsp;&nbsp;&nbsp;HAL_GetTick
</UL>
<BR>[Called By]<UL><LI><a href="#[e1]">&gt;&gt;</a>&nbsp;&nbsp;&nbsp;SPI_EndRxTxTransaction
</UL>

<P><STRONG><a name="[aa]"></a>QSPI_WaitFlagStateUntilTimeout</STRONG> (Thumb, 88 bytes, Stack size 24 bytes, stm32f7xx_hal_qspi.o(i.QSPI_WaitFlagStateUntilTimeout))
<BR><BR>[Stack]<UL><LI>Max Depth = 24<LI>Call Chain = QSPI_WaitFlagStateUntilTimeout
</UL>
<BR>[Calls]<UL><LI><a href="#[9f]">&gt;&gt;</a>&nbsp;&nbsp;&nbsp;HAL_GetTick
</UL>
<BR>[Called By]<UL><LI><a href="#[a8]">&gt;&gt;</a>&nbsp;&nbsp;&nbsp;HAL_QSPI_Init
</UL>

<P><STRONG><a name="[87]"></a>ADC_MultiModeDMAConvCplt</STRONG> (Thumb, 96 bytes, Stack size 0 bytes, stm32f7xx_hal_adc_ex.o(i.ADC_MultiModeDMAConvCplt))
<BR><BR>[Stack]<UL><LI>Max Depth = 8<LI>Call Chain = ADC_MultiModeDMAConvCplt &rArr; HAL_ADC_ConvCpltCallback
</UL>
<BR>[Calls]<UL><LI><a href="#[91]">&gt;&gt;</a>&nbsp;&nbsp;&nbsp;HAL_ADC_ConvCpltCallback
</UL>
<BR>[Address Reference Count : 1]<UL><LI> stm32f7xx_hal_adc_ex.o(i.HAL_ADCEx_MultiModeStart_DMA)
</UL>
<P><STRONG><a name="[89]"></a>ADC_MultiModeDMAError</STRONG> (Thumb, 18 bytes, Stack size 0 bytes, stm32f7xx_hal_adc_ex.o(i.ADC_MultiModeDMAError))
<BR><BR>[Calls]<UL><LI><a href="#[92]">&gt;&gt;</a>&nbsp;&nbsp;&nbsp;HAL_ADC_ErrorCallback
</UL>
<BR>[Address Reference Count : 1]<UL><LI> stm32f7xx_hal_adc_ex.o(i.HAL_ADCEx_MultiModeStart_DMA)
</UL>
<P><STRONG><a name="[88]"></a>ADC_MultiModeDMAHalfConvCplt</STRONG> (Thumb, 6 bytes, Stack size 0 bytes, stm32f7xx_hal_adc_ex.o(i.ADC_MultiModeDMAHalfConvCplt))
<BR><BR>[Calls]<UL><LI><a href="#[93]">&gt;&gt;</a>&nbsp;&nbsp;&nbsp;HAL_ADC_ConvHalfCpltCallback
</UL>
<BR>[Address Reference Count : 1]<UL><LI> stm32f7xx_hal_adc_ex.o(i.HAL_ADCEx_MultiModeStart_DMA)
</UL>
<P><STRONG><a name="[8d]"></a>UART_DMAAbortOnError</STRONG> (Thumb, 20 bytes, Stack size 8 bytes, stm32f7xx_hal_uart.o(i.UART_DMAAbortOnError))
<BR><BR>[Stack]<UL><LI>Max Depth = 8<LI>Call Chain = UART_DMAAbortOnError
</UL>
<BR>[Calls]<UL><LI><a href="#[c5]">&gt;&gt;</a>&nbsp;&nbsp;&nbsp;HAL_UART_ErrorCallback
</UL>
<BR>[Address Reference Count : 1]<UL><LI> stm32f7xx_hal_uart.o(i.HAL_UART_IRQHandler)
</UL><P>
<H3>
Undefined Global Symbols
</H3><HR></body></html>
